Archive member included to satisfy reference by file (symbol)

e:/programms/gnu mcu eclipse/toolchain/arm-gnu-toolchain-12.2.mpacbti-bet1-mingw-w64-i686-arm-none-eabi/bin/../lib/gcc/arm-none-eabi/12.2.0/thumb/v7e-m+fp/hard\libgcc.a(_aeabi_uldivmod.o)
                              ./Drivers/STM32F4xx_HAL_Driver/Src/stm32f4xx_hal_rcc.o (__aeabi_uldivmod)
e:/programms/gnu mcu eclipse/toolchain/arm-gnu-toolchain-12.2.mpacbti-bet1-mingw-w64-i686-arm-none-eabi/bin/../lib/gcc/arm-none-eabi/12.2.0/thumb/v7e-m+fp/hard\libgcc.a(_udivmoddi4.o)
                              e:/programms/gnu mcu eclipse/toolchain/arm-gnu-toolchain-12.2.mpacbti-bet1-mingw-w64-i686-arm-none-eabi/bin/../lib/gcc/arm-none-eabi/12.2.0/thumb/v7e-m+fp/hard\libgcc.a(_aeabi_uldivmod.o) (__udivmoddi4)
e:/programms/gnu mcu eclipse/toolchain/arm-gnu-toolchain-12.2.mpacbti-bet1-mingw-w64-i686-arm-none-eabi/bin/../lib/gcc/arm-none-eabi/12.2.0/thumb/v7e-m+fp/hard\libgcc.a(_dvmd_tls.o)
                              e:/programms/gnu mcu eclipse/toolchain/arm-gnu-toolchain-12.2.mpacbti-bet1-mingw-w64-i686-arm-none-eabi/bin/../lib/gcc/arm-none-eabi/12.2.0/thumb/v7e-m+fp/hard\libgcc.a(_aeabi_uldivmod.o) (__aeabi_ldiv0)
e:/programms/gnu mcu eclipse/toolchain/arm-gnu-toolchain-12.2.mpacbti-bet1-mingw-w64-i686-arm-none-eabi/bin/../lib/gcc/arm-none-eabi/12.2.0/thumb/v7e-m+fp/hard\libg_nano.a(libc_a-memset.o)
                              ./Core/Src/main.o (memset)

Memory Configuration

Name             Origin             Length             Attributes
RAM              0x20000000         0x00020000         xrw
CCMRAM           0x10000000         0x00010000         xrw
FLASH            0x08000000         0x00080000         xr
*default*        0x00000000         0xffffffff

Linker script and memory map

LOAD ./Lib/ili9341/fonts.o
LOAD ./Lib/ili9341/ili9341.o
LOAD ./Lib/ili9341/ili9341_touch.o
LOAD ./Drivers/STM32F4xx_HAL_Driver/Src/stm32f4xx_hal.o
LOAD ./Drivers/STM32F4xx_HAL_Driver/Src/stm32f4xx_hal_adc.o
LOAD ./Drivers/STM32F4xx_HAL_Driver/Src/stm32f4xx_hal_adc_ex.o
LOAD ./Drivers/STM32F4xx_HAL_Driver/Src/stm32f4xx_hal_can.o
LOAD ./Drivers/STM32F4xx_HAL_Driver/Src/stm32f4xx_hal_cortex.o
LOAD ./Drivers/STM32F4xx_HAL_Driver/Src/stm32f4xx_hal_dac.o
LOAD ./Drivers/STM32F4xx_HAL_Driver/Src/stm32f4xx_hal_dac_ex.o
LOAD ./Drivers/STM32F4xx_HAL_Driver/Src/stm32f4xx_hal_dcmi.o
LOAD ./Drivers/STM32F4xx_HAL_Driver/Src/stm32f4xx_hal_dcmi_ex.o
LOAD ./Drivers/STM32F4xx_HAL_Driver/Src/stm32f4xx_hal_dfsdm.o
LOAD ./Drivers/STM32F4xx_HAL_Driver/Src/stm32f4xx_hal_dma.o
LOAD ./Drivers/STM32F4xx_HAL_Driver/Src/stm32f4xx_hal_dma2d.o
LOAD ./Drivers/STM32F4xx_HAL_Driver/Src/stm32f4xx_hal_dma_ex.o
LOAD ./Drivers/STM32F4xx_HAL_Driver/Src/stm32f4xx_hal_exti.o
LOAD ./Drivers/STM32F4xx_HAL_Driver/Src/stm32f4xx_hal_gpio.o
LOAD ./Drivers/STM32F4xx_HAL_Driver/Src/stm32f4xx_hal_hash.o
LOAD ./Drivers/STM32F4xx_HAL_Driver/Src/stm32f4xx_hal_hash_ex.o
LOAD ./Drivers/STM32F4xx_HAL_Driver/Src/stm32f4xx_hal_iwdg.o
LOAD ./Drivers/STM32F4xx_HAL_Driver/Src/stm32f4xx_hal_mmc.o
LOAD ./Drivers/STM32F4xx_HAL_Driver/Src/stm32f4xx_hal_nand.o
LOAD ./Drivers/STM32F4xx_HAL_Driver/Src/stm32f4xx_hal_nor.o
LOAD ./Drivers/STM32F4xx_HAL_Driver/Src/stm32f4xx_hal_pcd.o
LOAD ./Drivers/STM32F4xx_HAL_Driver/Src/stm32f4xx_hal_pcd_ex.o
LOAD ./Drivers/STM32F4xx_HAL_Driver/Src/stm32f4xx_hal_pwr.o
LOAD ./Drivers/STM32F4xx_HAL_Driver/Src/stm32f4xx_hal_pwr_ex.o
LOAD ./Drivers/STM32F4xx_HAL_Driver/Src/stm32f4xx_hal_rcc.o
LOAD ./Drivers/STM32F4xx_HAL_Driver/Src/stm32f4xx_hal_rcc_ex.o
LOAD ./Drivers/STM32F4xx_HAL_Driver/Src/stm32f4xx_hal_rng.o
LOAD ./Drivers/STM32F4xx_HAL_Driver/Src/stm32f4xx_hal_rtc.o
LOAD ./Drivers/STM32F4xx_HAL_Driver/Src/stm32f4xx_hal_rtc_ex.o
LOAD ./Drivers/STM32F4xx_HAL_Driver/Src/stm32f4xx_hal_sai.o
LOAD ./Drivers/STM32F4xx_HAL_Driver/Src/stm32f4xx_hal_sd.o
LOAD ./Drivers/STM32F4xx_HAL_Driver/Src/stm32f4xx_hal_sdram.o
LOAD ./Drivers/STM32F4xx_HAL_Driver/Src/stm32f4xx_hal_smartcard.o
LOAD ./Drivers/STM32F4xx_HAL_Driver/Src/stm32f4xx_hal_smbus.o
LOAD ./Drivers/STM32F4xx_HAL_Driver/Src/stm32f4xx_hal_spdifrx.o
LOAD ./Drivers/STM32F4xx_HAL_Driver/Src/stm32f4xx_hal_spi.o
LOAD ./Drivers/STM32F4xx_HAL_Driver/Src/stm32f4xx_hal_sram.o
LOAD ./Drivers/STM32F4xx_HAL_Driver/Src/stm32f4xx_hal_tim.o
LOAD ./Drivers/STM32F4xx_HAL_Driver/Src/stm32f4xx_hal_tim_ex.o
LOAD ./Drivers/STM32F4xx_HAL_Driver/Src/stm32f4xx_hal_uart.o
LOAD ./Drivers/STM32F4xx_HAL_Driver/Src/stm32f4xx_hal_usart.o
LOAD ./Drivers/STM32F4xx_HAL_Driver/Src/stm32f4xx_hal_wwdg.o
LOAD ./Drivers/STM32F4xx_HAL_Driver/Src/stm32f4xx_ll_adc.o
LOAD ./Drivers/STM32F4xx_HAL_Driver/Src/stm32f4xx_ll_crc.o
LOAD ./Drivers/STM32F4xx_HAL_Driver/Src/stm32f4xx_ll_dac.o
LOAD ./Drivers/STM32F4xx_HAL_Driver/Src/stm32f4xx_ll_dma.o
LOAD ./Drivers/STM32F4xx_HAL_Driver/Src/stm32f4xx_ll_dma2d.o
LOAD ./Drivers/STM32F4xx_HAL_Driver/Src/stm32f4xx_ll_exti.o
LOAD ./Drivers/STM32F4xx_HAL_Driver/Src/stm32f4xx_ll_fmc.o
LOAD ./Drivers/STM32F4xx_HAL_Driver/Src/stm32f4xx_ll_fmpi2c.o
LOAD ./Drivers/STM32F4xx_HAL_Driver/Src/stm32f4xx_ll_fsmc.o
LOAD ./Drivers/STM32F4xx_HAL_Driver/Src/stm32f4xx_ll_gpio.o
LOAD ./Drivers/STM32F4xx_HAL_Driver/Src/stm32f4xx_ll_i2c.o
LOAD ./Drivers/STM32F4xx_HAL_Driver/Src/stm32f4xx_ll_lptim.o
LOAD ./Drivers/STM32F4xx_HAL_Driver/Src/stm32f4xx_ll_pwr.o
LOAD ./Drivers/STM32F4xx_HAL_Driver/Src/stm32f4xx_ll_rcc.o
LOAD ./Drivers/STM32F4xx_HAL_Driver/Src/stm32f4xx_ll_rng.o
LOAD ./Drivers/STM32F4xx_HAL_Driver/Src/stm32f4xx_ll_rtc.o
LOAD ./Drivers/STM32F4xx_HAL_Driver/Src/stm32f4xx_ll_sdmmc.o
LOAD ./Drivers/STM32F4xx_HAL_Driver/Src/stm32f4xx_ll_spi.o
LOAD ./Drivers/STM32F4xx_HAL_Driver/Src/stm32f4xx_ll_tim.o
LOAD ./Drivers/STM32F4xx_HAL_Driver/Src/stm32f4xx_ll_usart.o
LOAD ./Drivers/STM32F4xx_HAL_Driver/Src/stm32f4xx_ll_usb.o
LOAD ./Drivers/STM32F4xx_HAL_Driver/Src/stm32f4xx_ll_utils.o
LOAD ./Core/Src/main.o
LOAD ./Core/Src/stm32f4xx_hal_msp.o
LOAD ./Core/Src/stm32f4xx_it.o
LOAD ./Core/Src/system_stm32f4xx.o
LOAD e:/programms/gnu mcu eclipse/toolchain/arm-gnu-toolchain-12.2.mpacbti-bet1-mingw-w64-i686-arm-none-eabi/bin/../lib/gcc/arm-none-eabi/12.2.0/thumb/v7e-m+fp/hard\libstdc++_nano.a
LOAD e:/programms/gnu mcu eclipse/toolchain/arm-gnu-toolchain-12.2.mpacbti-bet1-mingw-w64-i686-arm-none-eabi/bin/../lib/gcc/arm-none-eabi/12.2.0/thumb/v7e-m+fp/hard\libm.a
START GROUP
LOAD e:/programms/gnu mcu eclipse/toolchain/arm-gnu-toolchain-12.2.mpacbti-bet1-mingw-w64-i686-arm-none-eabi/bin/../lib/gcc/arm-none-eabi/12.2.0/thumb/v7e-m+fp/hard\libgcc.a
LOAD e:/programms/gnu mcu eclipse/toolchain/arm-gnu-toolchain-12.2.mpacbti-bet1-mingw-w64-i686-arm-none-eabi/bin/../lib/gcc/arm-none-eabi/12.2.0/thumb/v7e-m+fp/hard\libg_nano.a
LOAD e:/programms/gnu mcu eclipse/toolchain/arm-gnu-toolchain-12.2.mpacbti-bet1-mingw-w64-i686-arm-none-eabi/bin/../lib/gcc/arm-none-eabi/12.2.0/thumb/v7e-m+fp/hard\libc_nano.a
END GROUP
START GROUP
LOAD e:/programms/gnu mcu eclipse/toolchain/arm-gnu-toolchain-12.2.mpacbti-bet1-mingw-w64-i686-arm-none-eabi/bin/../lib/gcc/arm-none-eabi/12.2.0/thumb/v7e-m+fp/hard\libgcc.a
LOAD e:/programms/gnu mcu eclipse/toolchain/arm-gnu-toolchain-12.2.mpacbti-bet1-mingw-w64-i686-arm-none-eabi/bin/../lib/gcc/arm-none-eabi/12.2.0/thumb/v7e-m+fp/hard\libc_nano.a
LOAD e:/programms/gnu mcu eclipse/toolchain/arm-gnu-toolchain-12.2.mpacbti-bet1-mingw-w64-i686-arm-none-eabi/bin/../lib/gcc/arm-none-eabi/12.2.0/thumb/v7e-m+fp/hard\libnosys.a
END GROUP
START GROUP
LOAD e:/programms/gnu mcu eclipse/toolchain/arm-gnu-toolchain-12.2.mpacbti-bet1-mingw-w64-i686-arm-none-eabi/bin/../lib/gcc/arm-none-eabi/12.2.0/thumb/v7e-m+fp/hard\libgcc.a
LOAD e:/programms/gnu mcu eclipse/toolchain/arm-gnu-toolchain-12.2.mpacbti-bet1-mingw-w64-i686-arm-none-eabi/bin/../lib/gcc/arm-none-eabi/12.2.0/thumb/v7e-m+fp/hard\libc_nano.a
LOAD e:/programms/gnu mcu eclipse/toolchain/arm-gnu-toolchain-12.2.mpacbti-bet1-mingw-w64-i686-arm-none-eabi/bin/../lib/gcc/arm-none-eabi/12.2.0/thumb/v7e-m+fp/hard\libnosys.a
END GROUP
                0x20020000                        _estack = (ORIGIN (RAM) + LENGTH (RAM))
                0x00000200                        _Min_Heap_Size = 0x200
                0x00000400                        _Min_Stack_Size = 0x400

.isr_vector     0x08000000        0x0
                0x08000000                        . = ALIGN (0x4)
 *(.isr_vector)
                0x08000000                        . = ALIGN (0x4)

.text           0x08000000     0x5d00
                0x08000000                        . = ALIGN (0x4)
 *(.text)
 .text          0x08000000        0x0 ./Lib/ili9341/fonts.o
 .text          0x08000000        0x0 ./Lib/ili9341/ili9341.o
 .text          0x08000000        0x0 ./Lib/ili9341/ili9341_touch.o
 .text          0x08000000        0x0 ./Drivers/STM32F4xx_HAL_Driver/Src/stm32f4xx_hal.o
 .text          0x08000000        0x0 ./Drivers/STM32F4xx_HAL_Driver/Src/stm32f4xx_hal_adc.o
 .text          0x08000000        0x0 ./Drivers/STM32F4xx_HAL_Driver/Src/stm32f4xx_hal_adc_ex.o
 .text          0x08000000        0x0 ./Drivers/STM32F4xx_HAL_Driver/Src/stm32f4xx_hal_can.o
 .text          0x08000000        0x0 ./Drivers/STM32F4xx_HAL_Driver/Src/stm32f4xx_hal_cortex.o
 .text          0x08000000        0x0 ./Drivers/STM32F4xx_HAL_Driver/Src/stm32f4xx_hal_dac.o
 .text          0x08000000        0x0 ./Drivers/STM32F4xx_HAL_Driver/Src/stm32f4xx_hal_dac_ex.o
 .text          0x08000000        0x0 ./Drivers/STM32F4xx_HAL_Driver/Src/stm32f4xx_hal_dcmi.o
 .text          0x08000000        0x0 ./Drivers/STM32F4xx_HAL_Driver/Src/stm32f4xx_hal_dcmi_ex.o
 .text          0x08000000        0x0 ./Drivers/STM32F4xx_HAL_Driver/Src/stm32f4xx_hal_dfsdm.o
 .text          0x08000000        0x0 ./Drivers/STM32F4xx_HAL_Driver/Src/stm32f4xx_hal_dma.o
 .text          0x08000000        0x0 ./Drivers/STM32F4xx_HAL_Driver/Src/stm32f4xx_hal_dma2d.o
 .text          0x08000000        0x0 ./Drivers/STM32F4xx_HAL_Driver/Src/stm32f4xx_hal_dma_ex.o
 .text          0x08000000        0x0 ./Drivers/STM32F4xx_HAL_Driver/Src/stm32f4xx_hal_exti.o
 .text          0x08000000        0x0 ./Drivers/STM32F4xx_HAL_Driver/Src/stm32f4xx_hal_gpio.o
 .text          0x08000000        0x0 ./Drivers/STM32F4xx_HAL_Driver/Src/stm32f4xx_hal_hash.o
 .text          0x08000000        0x0 ./Drivers/STM32F4xx_HAL_Driver/Src/stm32f4xx_hal_hash_ex.o
 .text          0x08000000        0x0 ./Drivers/STM32F4xx_HAL_Driver/Src/stm32f4xx_hal_iwdg.o
 .text          0x08000000        0x0 ./Drivers/STM32F4xx_HAL_Driver/Src/stm32f4xx_hal_mmc.o
 .text          0x08000000        0x0 ./Drivers/STM32F4xx_HAL_Driver/Src/stm32f4xx_hal_nand.o
 .text          0x08000000        0x0 ./Drivers/STM32F4xx_HAL_Driver/Src/stm32f4xx_hal_nor.o
 .text          0x08000000        0x0 ./Drivers/STM32F4xx_HAL_Driver/Src/stm32f4xx_hal_pcd.o
 .text          0x08000000        0x0 ./Drivers/STM32F4xx_HAL_Driver/Src/stm32f4xx_hal_pcd_ex.o
 .text          0x08000000        0x0 ./Drivers/STM32F4xx_HAL_Driver/Src/stm32f4xx_hal_pwr.o
 .text          0x08000000        0x0 ./Drivers/STM32F4xx_HAL_Driver/Src/stm32f4xx_hal_pwr_ex.o
 .text          0x08000000        0x0 ./Drivers/STM32F4xx_HAL_Driver/Src/stm32f4xx_hal_rcc.o
 .text          0x08000000        0x0 ./Drivers/STM32F4xx_HAL_Driver/Src/stm32f4xx_hal_rcc_ex.o
 .text          0x08000000        0x0 ./Drivers/STM32F4xx_HAL_Driver/Src/stm32f4xx_hal_rng.o
 .text          0x08000000        0x0 ./Drivers/STM32F4xx_HAL_Driver/Src/stm32f4xx_hal_rtc.o
 .text          0x08000000        0x0 ./Drivers/STM32F4xx_HAL_Driver/Src/stm32f4xx_hal_rtc_ex.o
 .text          0x08000000        0x0 ./Drivers/STM32F4xx_HAL_Driver/Src/stm32f4xx_hal_sai.o
 .text          0x08000000        0x0 ./Drivers/STM32F4xx_HAL_Driver/Src/stm32f4xx_hal_sd.o
 .text          0x08000000        0x0 ./Drivers/STM32F4xx_HAL_Driver/Src/stm32f4xx_hal_sdram.o
 .text          0x08000000        0x0 ./Drivers/STM32F4xx_HAL_Driver/Src/stm32f4xx_hal_smartcard.o
 .text          0x08000000        0x0 ./Drivers/STM32F4xx_HAL_Driver/Src/stm32f4xx_hal_smbus.o
 .text          0x08000000        0x0 ./Drivers/STM32F4xx_HAL_Driver/Src/stm32f4xx_hal_spdifrx.o
 .text          0x08000000        0x0 ./Drivers/STM32F4xx_HAL_Driver/Src/stm32f4xx_hal_spi.o
 .text          0x08000000        0x0 ./Drivers/STM32F4xx_HAL_Driver/Src/stm32f4xx_hal_sram.o
 .text          0x08000000        0x0 ./Drivers/STM32F4xx_HAL_Driver/Src/stm32f4xx_hal_tim.o
 .text          0x08000000        0x0 ./Drivers/STM32F4xx_HAL_Driver/Src/stm32f4xx_hal_tim_ex.o
 .text          0x08000000        0x0 ./Drivers/STM32F4xx_HAL_Driver/Src/stm32f4xx_hal_uart.o
 .text          0x08000000        0x0 ./Drivers/STM32F4xx_HAL_Driver/Src/stm32f4xx_hal_usart.o
 .text          0x08000000        0x0 ./Drivers/STM32F4xx_HAL_Driver/Src/stm32f4xx_hal_wwdg.o
 .text          0x08000000        0x0 ./Drivers/STM32F4xx_HAL_Driver/Src/stm32f4xx_ll_adc.o
 .text          0x08000000        0x0 ./Drivers/STM32F4xx_HAL_Driver/Src/stm32f4xx_ll_crc.o
 .text          0x08000000        0x0 ./Drivers/STM32F4xx_HAL_Driver/Src/stm32f4xx_ll_dac.o
 .text          0x08000000        0x0 ./Drivers/STM32F4xx_HAL_Driver/Src/stm32f4xx_ll_dma.o
 .text          0x08000000        0x0 ./Drivers/STM32F4xx_HAL_Driver/Src/stm32f4xx_ll_dma2d.o
 .text          0x08000000        0x0 ./Drivers/STM32F4xx_HAL_Driver/Src/stm32f4xx_ll_exti.o
 .text          0x08000000        0x0 ./Drivers/STM32F4xx_HAL_Driver/Src/stm32f4xx_ll_fmc.o
 .text          0x08000000        0x0 ./Drivers/STM32F4xx_HAL_Driver/Src/stm32f4xx_ll_fmpi2c.o
 .text          0x08000000        0x0 ./Drivers/STM32F4xx_HAL_Driver/Src/stm32f4xx_ll_fsmc.o
 .text          0x08000000        0x0 ./Drivers/STM32F4xx_HAL_Driver/Src/stm32f4xx_ll_gpio.o
 .text          0x08000000        0x0 ./Drivers/STM32F4xx_HAL_Driver/Src/stm32f4xx_ll_i2c.o
 .text          0x08000000        0x0 ./Drivers/STM32F4xx_HAL_Driver/Src/stm32f4xx_ll_lptim.o
 .text          0x08000000        0x0 ./Drivers/STM32F4xx_HAL_Driver/Src/stm32f4xx_ll_pwr.o
 .text          0x08000000        0x0 ./Drivers/STM32F4xx_HAL_Driver/Src/stm32f4xx_ll_rcc.o
 .text          0x08000000        0x0 ./Drivers/STM32F4xx_HAL_Driver/Src/stm32f4xx_ll_rng.o
 .text          0x08000000        0x0 ./Drivers/STM32F4xx_HAL_Driver/Src/stm32f4xx_ll_rtc.o
 .text          0x08000000        0x0 ./Drivers/STM32F4xx_HAL_Driver/Src/stm32f4xx_ll_sdmmc.o
 .text          0x08000000        0x0 ./Drivers/STM32F4xx_HAL_Driver/Src/stm32f4xx_ll_spi.o
 .text          0x08000000        0x0 ./Drivers/STM32F4xx_HAL_Driver/Src/stm32f4xx_ll_tim.o
 .text          0x08000000        0x0 ./Drivers/STM32F4xx_HAL_Driver/Src/stm32f4xx_ll_usart.o
 .text          0x08000000        0x0 ./Drivers/STM32F4xx_HAL_Driver/Src/stm32f4xx_ll_usb.o
 .text          0x08000000        0x0 ./Drivers/STM32F4xx_HAL_Driver/Src/stm32f4xx_ll_utils.o
 .text          0x08000000        0x0 ./Core/Src/main.o
 .text          0x08000000        0x0 ./Core/Src/stm32f4xx_hal_msp.o
 .text          0x08000000        0x0 ./Core/Src/stm32f4xx_it.o
 .text          0x08000000        0x0 ./Core/Src/system_stm32f4xx.o
 .text          0x08000000       0x30 e:/programms/gnu mcu eclipse/toolchain/arm-gnu-toolchain-12.2.mpacbti-bet1-mingw-w64-i686-arm-none-eabi/bin/../lib/gcc/arm-none-eabi/12.2.0/thumb/v7e-m+fp/hard\libgcc.a(_aeabi_uldivmod.o)
                0x08000000                __aeabi_uldivmod
 .text          0x08000030        0x0 e:/programms/gnu mcu eclipse/toolchain/arm-gnu-toolchain-12.2.mpacbti-bet1-mingw-w64-i686-arm-none-eabi/bin/../lib/gcc/arm-none-eabi/12.2.0/thumb/v7e-m+fp/hard\libgcc.a(_udivmoddi4.o)
 .text          0x08000030        0x4 e:/programms/gnu mcu eclipse/toolchain/arm-gnu-toolchain-12.2.mpacbti-bet1-mingw-w64-i686-arm-none-eabi/bin/../lib/gcc/arm-none-eabi/12.2.0/thumb/v7e-m+fp/hard\libgcc.a(_dvmd_tls.o)
                0x08000030                __aeabi_idiv0
                0x08000030                __aeabi_ldiv0
 .text          0x08000034        0x0 e:/programms/gnu mcu eclipse/toolchain/arm-gnu-toolchain-12.2.mpacbti-bet1-mingw-w64-i686-arm-none-eabi/bin/../lib/gcc/arm-none-eabi/12.2.0/thumb/v7e-m+fp/hard\libg_nano.a(libc_a-memset.o)
 *(.text*)
 .text.ILI9341_Select
                0x08000034       0x14 ./Lib/ili9341/ili9341.o
 .text.ILI9341_Reset
                0x08000048       0x24 ./Lib/ili9341/ili9341.o
 .text.ILI9341_WriteCommand
                0x0800006c       0x34 ./Lib/ili9341/ili9341.o
 .text.ILI9341_WriteData
                0x080000a0       0x44 ./Lib/ili9341/ili9341.o
 .text.ILI9341_SetAddressWindow
                0x080000e4       0x5e ./Lib/ili9341/ili9341.o
 .text.ILI9341_WriteChar
                0x08000142       0x94 ./Lib/ili9341/ili9341.o
 *fill*         0x080001d6        0x2 
 .text.ILI9341_Unselect
                0x080001d8       0x14 ./Lib/ili9341/ili9341.o
                0x080001d8                ILI9341_Unselect
 .text.ILI9341_Init
                0x080001ec      0x1f8 ./Lib/ili9341/ili9341.o
                0x080001ec                ILI9341_Init
 .text.ILI9341_DrawPixel
                0x080003e4       0x46 ./Lib/ili9341/ili9341.o
                0x080003e4                ILI9341_DrawPixel
 .text.ILI9341_WriteString
                0x0800042a       0x76 ./Lib/ili9341/ili9341.o
                0x0800042a                ILI9341_WriteString
 .text.ILI9341_FillRectangle
                0x080004a0       0xa0 ./Lib/ili9341/ili9341.o
                0x080004a0                ILI9341_FillRectangle
 .text.ILI9341_FillScreen
                0x08000540       0x1a ./Lib/ili9341/ili9341.o
                0x08000540                ILI9341_FillScreen
 .text.ILI9341_DrawImage
                0x0800055a       0x54 ./Lib/ili9341/ili9341.o
                0x0800055a                ILI9341_DrawImage
 .text.ILI9341_InvertColors
                0x080005ae       0x1a ./Lib/ili9341/ili9341.o
                0x080005ae                ILI9341_InvertColors
 .text.ILI9341_TouchSelect
                0x080005c8       0x14 ./Lib/ili9341/ili9341_touch.o
 .text.ILI9341_TouchUnselect
                0x080005dc       0x14 ./Lib/ili9341/ili9341_touch.o
                0x080005dc                ILI9341_TouchUnselect
 .text.ILI9341_TouchPressed
                0x080005f0       0x18 ./Lib/ili9341/ili9341_touch.o
                0x080005f0                ILI9341_TouchPressed
 .text.ILI9341_TouchGetCoordinates
                0x08000608      0x12c ./Lib/ili9341/ili9341_touch.o
                0x08000608                ILI9341_TouchGetCoordinates
 .text.HAL_MspInit
                0x08000734        0x2 ./Drivers/STM32F4xx_HAL_Driver/Src/stm32f4xx_hal.o
 .text.HAL_MspDeInit
                0x08000736        0x2 ./Drivers/STM32F4xx_HAL_Driver/Src/stm32f4xx_hal.o
                0x08000736                HAL_MspDeInit
 .text.HAL_DeInit
                0x08000738       0x2c ./Drivers/STM32F4xx_HAL_Driver/Src/stm32f4xx_hal.o
                0x08000738                HAL_DeInit
 .text.HAL_InitTick
                0x08000764       0x4c ./Drivers/STM32F4xx_HAL_Driver/Src/stm32f4xx_hal.o
                0x08000764                HAL_InitTick
 .text.HAL_Init
                0x080007b0       0x34 ./Drivers/STM32F4xx_HAL_Driver/Src/stm32f4xx_hal.o
                0x080007b0                HAL_Init
 .text.HAL_IncTick
                0x080007e4       0x18 ./Drivers/STM32F4xx_HAL_Driver/Src/stm32f4xx_hal.o
                0x080007e4                HAL_IncTick
 .text.HAL_GetTick
                0x080007fc        0xc ./Drivers/STM32F4xx_HAL_Driver/Src/stm32f4xx_hal.o
                0x080007fc                HAL_GetTick
 .text.HAL_GetTickPrio
                0x08000808        0xc ./Drivers/STM32F4xx_HAL_Driver/Src/stm32f4xx_hal.o
                0x08000808                HAL_GetTickPrio
 .text.HAL_SetTickFreq
                0x08000814       0x2c ./Drivers/STM32F4xx_HAL_Driver/Src/stm32f4xx_hal.o
                0x08000814                HAL_SetTickFreq
 .text.HAL_GetTickFreq
                0x08000840        0xc ./Drivers/STM32F4xx_HAL_Driver/Src/stm32f4xx_hal.o
                0x08000840                HAL_GetTickFreq
 .text.HAL_Delay
                0x0800084c       0x28 ./Drivers/STM32F4xx_HAL_Driver/Src/stm32f4xx_hal.o
                0x0800084c                HAL_Delay
 .text.HAL_SuspendTick
                0x08000874        0xe ./Drivers/STM32F4xx_HAL_Driver/Src/stm32f4xx_hal.o
                0x08000874                HAL_SuspendTick
 .text.HAL_ResumeTick
                0x08000882        0xe ./Drivers/STM32F4xx_HAL_Driver/Src/stm32f4xx_hal.o
                0x08000882                HAL_ResumeTick
 .text.HAL_GetHalVersion
                0x08000890        0x8 ./Drivers/STM32F4xx_HAL_Driver/Src/stm32f4xx_hal.o
                0x08000890                HAL_GetHalVersion
 .text.HAL_GetREVID
                0x08000898        0xc ./Drivers/STM32F4xx_HAL_Driver/Src/stm32f4xx_hal.o
                0x08000898                HAL_GetREVID
 .text.HAL_GetDEVID
                0x080008a4       0x10 ./Drivers/STM32F4xx_HAL_Driver/Src/stm32f4xx_hal.o
                0x080008a4                HAL_GetDEVID
 .text.HAL_DBGMCU_EnableDBGSleepMode
                0x080008b4       0x10 ./Drivers/STM32F4xx_HAL_Driver/Src/stm32f4xx_hal.o
                0x080008b4                HAL_DBGMCU_EnableDBGSleepMode
 .text.HAL_DBGMCU_DisableDBGSleepMode
                0x080008c4       0x10 ./Drivers/STM32F4xx_HAL_Driver/Src/stm32f4xx_hal.o
                0x080008c4                HAL_DBGMCU_DisableDBGSleepMode
 .text.HAL_DBGMCU_EnableDBGStopMode
                0x080008d4       0x10 ./Drivers/STM32F4xx_HAL_Driver/Src/stm32f4xx_hal.o
                0x080008d4                HAL_DBGMCU_EnableDBGStopMode
 .text.HAL_DBGMCU_DisableDBGStopMode
                0x080008e4       0x10 ./Drivers/STM32F4xx_HAL_Driver/Src/stm32f4xx_hal.o
                0x080008e4                HAL_DBGMCU_DisableDBGStopMode
 .text.HAL_DBGMCU_EnableDBGStandbyMode
                0x080008f4       0x10 ./Drivers/STM32F4xx_HAL_Driver/Src/stm32f4xx_hal.o
                0x080008f4                HAL_DBGMCU_EnableDBGStandbyMode
 .text.HAL_DBGMCU_DisableDBGStandbyMode
                0x08000904       0x10 ./Drivers/STM32F4xx_HAL_Driver/Src/stm32f4xx_hal.o
                0x08000904                HAL_DBGMCU_DisableDBGStandbyMode
 .text.HAL_EnableCompensationCell
                0x08000914       0x10 ./Drivers/STM32F4xx_HAL_Driver/Src/stm32f4xx_hal.o
                0x08000914                HAL_EnableCompensationCell
 .text.HAL_DisableCompensationCell
                0x08000924       0x10 ./Drivers/STM32F4xx_HAL_Driver/Src/stm32f4xx_hal.o
                0x08000924                HAL_DisableCompensationCell
 .text.HAL_GetUIDw0
                0x08000934        0xc ./Drivers/STM32F4xx_HAL_Driver/Src/stm32f4xx_hal.o
                0x08000934                HAL_GetUIDw0
 .text.HAL_GetUIDw1
                0x08000940        0xc ./Drivers/STM32F4xx_HAL_Driver/Src/stm32f4xx_hal.o
                0x08000940                HAL_GetUIDw1
 .text.HAL_GetUIDw2
                0x0800094c        0xc ./Drivers/STM32F4xx_HAL_Driver/Src/stm32f4xx_hal.o
                0x0800094c                HAL_GetUIDw2
 .text.__NVIC_DisableIRQ
                0x08000958       0x24 ./Drivers/STM32F4xx_HAL_Driver/Src/stm32f4xx_hal_cortex.o
 .text.__NVIC_SetPriority
                0x0800097c       0x28 ./Drivers/STM32F4xx_HAL_Driver/Src/stm32f4xx_hal_cortex.o
 .text.__NVIC_GetPriority
                0x080009a4       0x24 ./Drivers/STM32F4xx_HAL_Driver/Src/stm32f4xx_hal_cortex.o
 .text.NVIC_EncodePriority
                0x080009c8       0x3e ./Drivers/STM32F4xx_HAL_Driver/Src/stm32f4xx_hal_cortex.o
 .text.NVIC_DecodePriority
                0x08000a06       0x3e ./Drivers/STM32F4xx_HAL_Driver/Src/stm32f4xx_hal_cortex.o
 .text.__NVIC_SystemReset
                0x08000a44       0x24 ./Drivers/STM32F4xx_HAL_Driver/Src/stm32f4xx_hal_cortex.o
 .text.HAL_NVIC_SetPriorityGrouping
                0x08000a68       0x24 ./Drivers/STM32F4xx_HAL_Driver/Src/stm32f4xx_hal_cortex.o
                0x08000a68                HAL_NVIC_SetPriorityGrouping
 .text.HAL_NVIC_SetPriority
                0x08000a8c       0x20 ./Drivers/STM32F4xx_HAL_Driver/Src/stm32f4xx_hal_cortex.o
                0x08000a8c                HAL_NVIC_SetPriority
 .text.HAL_NVIC_EnableIRQ
                0x08000aac       0x1c ./Drivers/STM32F4xx_HAL_Driver/Src/stm32f4xx_hal_cortex.o
                0x08000aac                HAL_NVIC_EnableIRQ
 .text.HAL_NVIC_DisableIRQ
                0x08000ac8        0x8 ./Drivers/STM32F4xx_HAL_Driver/Src/stm32f4xx_hal_cortex.o
                0x08000ac8                HAL_NVIC_DisableIRQ
 .text.HAL_NVIC_SystemReset
                0x08000ad0        0x6 ./Drivers/STM32F4xx_HAL_Driver/Src/stm32f4xx_hal_cortex.o
                0x08000ad0                HAL_NVIC_SystemReset
 *fill*         0x08000ad6        0x2 
 .text.HAL_SYSTICK_Config
                0x08000ad8       0x28 ./Drivers/STM32F4xx_HAL_Driver/Src/stm32f4xx_hal_cortex.o
                0x08000ad8                HAL_SYSTICK_Config
 .text.HAL_MPU_Disable
                0x08000b00       0x1c ./Drivers/STM32F4xx_HAL_Driver/Src/stm32f4xx_hal_cortex.o
                0x08000b00                HAL_MPU_Disable
 .text.HAL_MPU_Enable
                0x08000b1c       0x20 ./Drivers/STM32F4xx_HAL_Driver/Src/stm32f4xx_hal_cortex.o
                0x08000b1c                HAL_MPU_Enable
 .text.HAL_MPU_ConfigRegion
                0x08000b3c       0x60 ./Drivers/STM32F4xx_HAL_Driver/Src/stm32f4xx_hal_cortex.o
                0x08000b3c                HAL_MPU_ConfigRegion
 .text.HAL_NVIC_GetPriorityGrouping
                0x08000b9c       0x10 ./Drivers/STM32F4xx_HAL_Driver/Src/stm32f4xx_hal_cortex.o
                0x08000b9c                HAL_NVIC_GetPriorityGrouping
 .text.HAL_NVIC_GetPriority
                0x08000bac       0x18 ./Drivers/STM32F4xx_HAL_Driver/Src/stm32f4xx_hal_cortex.o
                0x08000bac                HAL_NVIC_GetPriority
 .text.HAL_NVIC_SetPendingIRQ
                0x08000bc4       0x1c ./Drivers/STM32F4xx_HAL_Driver/Src/stm32f4xx_hal_cortex.o
                0x08000bc4                HAL_NVIC_SetPendingIRQ
 .text.HAL_NVIC_GetPendingIRQ
                0x08000be0       0x24 ./Drivers/STM32F4xx_HAL_Driver/Src/stm32f4xx_hal_cortex.o
                0x08000be0                HAL_NVIC_GetPendingIRQ
 .text.HAL_NVIC_ClearPendingIRQ
                0x08000c04       0x1c ./Drivers/STM32F4xx_HAL_Driver/Src/stm32f4xx_hal_cortex.o
                0x08000c04                HAL_NVIC_ClearPendingIRQ
 .text.HAL_NVIC_GetActive
                0x08000c20       0x24 ./Drivers/STM32F4xx_HAL_Driver/Src/stm32f4xx_hal_cortex.o
                0x08000c20                HAL_NVIC_GetActive
 .text.HAL_SYSTICK_CLKSourceConfig
                0x08000c44       0x20 ./Drivers/STM32F4xx_HAL_Driver/Src/stm32f4xx_hal_cortex.o
                0x08000c44                HAL_SYSTICK_CLKSourceConfig
 .text.HAL_SYSTICK_Callback
                0x08000c64        0x2 ./Drivers/STM32F4xx_HAL_Driver/Src/stm32f4xx_hal_cortex.o
                0x08000c64                HAL_SYSTICK_Callback
 .text.HAL_SYSTICK_IRQHandler
                0x08000c66        0x8 ./Drivers/STM32F4xx_HAL_Driver/Src/stm32f4xx_hal_cortex.o
                0x08000c66                HAL_SYSTICK_IRQHandler
 .text.DMA_SetConfig
                0x08000c6e       0x2c ./Drivers/STM32F4xx_HAL_Driver/Src/stm32f4xx_hal_dma.o
 *fill*         0x08000c9a        0x2 
 .text.DMA_CalcBaseAndBitshift
                0x08000c9c       0x44 ./Drivers/STM32F4xx_HAL_Driver/Src/stm32f4xx_hal_dma.o
 .text.DMA_CheckFifoParam
                0x08000ce0       0x8e ./Drivers/STM32F4xx_HAL_Driver/Src/stm32f4xx_hal_dma.o
 *fill*         0x08000d6e        0x2 
 .text.HAL_DMA_Init
                0x08000d70       0xcc ./Drivers/STM32F4xx_HAL_Driver/Src/stm32f4xx_hal_dma.o
                0x08000d70                HAL_DMA_Init
 .text.HAL_DMA_DeInit
                0x08000e3c       0x64 ./Drivers/STM32F4xx_HAL_Driver/Src/stm32f4xx_hal_dma.o
                0x08000e3c                HAL_DMA_DeInit
 .text.HAL_DMA_Start
                0x08000ea0       0x48 ./Drivers/STM32F4xx_HAL_Driver/Src/stm32f4xx_hal_dma.o
                0x08000ea0                HAL_DMA_Start
 .text.HAL_DMA_Start_IT
                0x08000ee8       0x6a ./Drivers/STM32F4xx_HAL_Driver/Src/stm32f4xx_hal_dma.o
                0x08000ee8                HAL_DMA_Start_IT
 .text.HAL_DMA_Abort
                0x08000f52       0x94 ./Drivers/STM32F4xx_HAL_Driver/Src/stm32f4xx_hal_dma.o
                0x08000f52                HAL_DMA_Abort
 .text.HAL_DMA_Abort_IT
                0x08000fe6       0x26 ./Drivers/STM32F4xx_HAL_Driver/Src/stm32f4xx_hal_dma.o
                0x08000fe6                HAL_DMA_Abort_IT
 .text.HAL_DMA_PollForTransfer
                0x0800100c      0x128 ./Drivers/STM32F4xx_HAL_Driver/Src/stm32f4xx_hal_dma.o
                0x0800100c                HAL_DMA_PollForTransfer
 .text.HAL_DMA_IRQHandler
                0x08001134      0x1dc ./Drivers/STM32F4xx_HAL_Driver/Src/stm32f4xx_hal_dma.o
                0x08001134                HAL_DMA_IRQHandler
 .text.HAL_DMA_RegisterCallback
                0x08001310       0x5a ./Drivers/STM32F4xx_HAL_Driver/Src/stm32f4xx_hal_dma.o
                0x08001310                HAL_DMA_RegisterCallback
 .text.HAL_DMA_UnRegisterCallback
                0x0800136a       0x6e ./Drivers/STM32F4xx_HAL_Driver/Src/stm32f4xx_hal_dma.o
                0x0800136a                HAL_DMA_UnRegisterCallback
 .text.HAL_DMA_GetState
                0x080013d8        0x6 ./Drivers/STM32F4xx_HAL_Driver/Src/stm32f4xx_hal_dma.o
                0x080013d8                HAL_DMA_GetState
 .text.HAL_DMA_GetError
                0x080013de        0x4 ./Drivers/STM32F4xx_HAL_Driver/Src/stm32f4xx_hal_dma.o
                0x080013de                HAL_DMA_GetError
 .text.DMA_MultiBufferSetConfig
                0x080013e2       0x24 ./Drivers/STM32F4xx_HAL_Driver/Src/stm32f4xx_hal_dma_ex.o
 .text.HAL_DMAEx_MultiBufferStart
                0x08001406       0x5e ./Drivers/STM32F4xx_HAL_Driver/Src/stm32f4xx_hal_dma_ex.o
                0x08001406                HAL_DMAEx_MultiBufferStart
 .text.HAL_DMAEx_MultiBufferStart_IT
                0x08001464      0xf00 ./Drivers/STM32F4xx_HAL_Driver/Src/stm32f4xx_hal_dma_ex.o
                0x08001464                HAL_DMAEx_MultiBufferStart_IT
 .text.HAL_DMAEx_ChangeMemory
                0x08002364       0x10 ./Drivers/STM32F4xx_HAL_Driver/Src/stm32f4xx_hal_dma_ex.o
                0x08002364                HAL_DMAEx_ChangeMemory
 .text.HAL_EXTI_SetConfigLine
                0x08002374       0xd8 ./Drivers/STM32F4xx_HAL_Driver/Src/stm32f4xx_hal_exti.o
                0x08002374                HAL_EXTI_SetConfigLine
 .text.HAL_EXTI_GetConfigLine
                0x0800244c       0xa8 ./Drivers/STM32F4xx_HAL_Driver/Src/stm32f4xx_hal_exti.o
                0x0800244c                HAL_EXTI_GetConfigLine
 .text.HAL_EXTI_ClearConfigLine
                0x080024f4       0x84 ./Drivers/STM32F4xx_HAL_Driver/Src/stm32f4xx_hal_exti.o
                0x080024f4                HAL_EXTI_ClearConfigLine
 .text.HAL_EXTI_RegisterCallback
                0x08002578        0xe ./Drivers/STM32F4xx_HAL_Driver/Src/stm32f4xx_hal_exti.o
                0x08002578                HAL_EXTI_RegisterCallback
 .text.HAL_EXTI_GetHandle
                0x08002586        0xc ./Drivers/STM32F4xx_HAL_Driver/Src/stm32f4xx_hal_exti.o
                0x08002586                HAL_EXTI_GetHandle
 *fill*         0x08002592        0x2 
 .text.HAL_EXTI_IRQHandler
                0x08002594       0x24 ./Drivers/STM32F4xx_HAL_Driver/Src/stm32f4xx_hal_exti.o
                0x08002594                HAL_EXTI_IRQHandler
 .text.HAL_EXTI_GetPending
                0x080025b8       0x18 ./Drivers/STM32F4xx_HAL_Driver/Src/stm32f4xx_hal_exti.o
                0x080025b8                HAL_EXTI_GetPending
 .text.HAL_EXTI_ClearPending
                0x080025d0       0x14 ./Drivers/STM32F4xx_HAL_Driver/Src/stm32f4xx_hal_exti.o
                0x080025d0                HAL_EXTI_ClearPending
 .text.HAL_EXTI_GenerateSWI
                0x080025e4       0x14 ./Drivers/STM32F4xx_HAL_Driver/Src/stm32f4xx_hal_exti.o
                0x080025e4                HAL_EXTI_GenerateSWI
 .text.HAL_GPIO_Init
                0x080025f8      0x1ec ./Drivers/STM32F4xx_HAL_Driver/Src/stm32f4xx_hal_gpio.o
                0x080025f8                HAL_GPIO_Init
 .text.HAL_GPIO_DeInit
                0x080027e4      0x134 ./Drivers/STM32F4xx_HAL_Driver/Src/stm32f4xx_hal_gpio.o
                0x080027e4                HAL_GPIO_DeInit
 .text.HAL_GPIO_ReadPin
                0x08002918        0xe ./Drivers/STM32F4xx_HAL_Driver/Src/stm32f4xx_hal_gpio.o
                0x08002918                HAL_GPIO_ReadPin
 .text.HAL_GPIO_WritePin
                0x08002926        0xc ./Drivers/STM32F4xx_HAL_Driver/Src/stm32f4xx_hal_gpio.o
                0x08002926                HAL_GPIO_WritePin
 .text.HAL_GPIO_TogglePin
                0x08002932       0x12 ./Drivers/STM32F4xx_HAL_Driver/Src/stm32f4xx_hal_gpio.o
                0x08002932                HAL_GPIO_TogglePin
 .text.HAL_GPIO_LockPin
                0x08002944       0x2e ./Drivers/STM32F4xx_HAL_Driver/Src/stm32f4xx_hal_gpio.o
                0x08002944                HAL_GPIO_LockPin
 .text.HAL_GPIO_EXTI_Callback
                0x08002972        0x2 ./Drivers/STM32F4xx_HAL_Driver/Src/stm32f4xx_hal_gpio.o
                0x08002972                HAL_GPIO_EXTI_Callback
 .text.HAL_GPIO_EXTI_IRQHandler
                0x08002974       0x1c ./Drivers/STM32F4xx_HAL_Driver/Src/stm32f4xx_hal_gpio.o
                0x08002974                HAL_GPIO_EXTI_IRQHandler
 .text.HAL_PWR_DeInit
                0x08002990       0x18 ./Drivers/STM32F4xx_HAL_Driver/Src/stm32f4xx_hal_pwr.o
                0x08002990                HAL_PWR_DeInit
 .text.HAL_PWR_EnableBkUpAccess
                0x080029a8       0x1c ./Drivers/STM32F4xx_HAL_Driver/Src/stm32f4xx_hal_pwr.o
                0x080029a8                HAL_PWR_EnableBkUpAccess
 .text.HAL_PWR_DisableBkUpAccess
                0x080029c4       0x1c ./Drivers/STM32F4xx_HAL_Driver/Src/stm32f4xx_hal_pwr.o
                0x080029c4                HAL_PWR_DisableBkUpAccess
 .text.HAL_PWR_ConfigPVD
                0x080029e0       0x84 ./Drivers/STM32F4xx_HAL_Driver/Src/stm32f4xx_hal_pwr.o
                0x080029e0                HAL_PWR_ConfigPVD
 .text.HAL_PWR_EnablePVD
                0x08002a64        0xc ./Drivers/STM32F4xx_HAL_Driver/Src/stm32f4xx_hal_pwr.o
                0x08002a64                HAL_PWR_EnablePVD
 .text.HAL_PWR_DisablePVD
                0x08002a70        0xc ./Drivers/STM32F4xx_HAL_Driver/Src/stm32f4xx_hal_pwr.o
                0x08002a70                HAL_PWR_DisablePVD
 .text.HAL_PWR_EnableWakeUpPin
                0x08002a7c       0x10 ./Drivers/STM32F4xx_HAL_Driver/Src/stm32f4xx_hal_pwr.o
                0x08002a7c                HAL_PWR_EnableWakeUpPin
 .text.HAL_PWR_DisableWakeUpPin
                0x08002a8c       0x10 ./Drivers/STM32F4xx_HAL_Driver/Src/stm32f4xx_hal_pwr.o
                0x08002a8c                HAL_PWR_DisableWakeUpPin
 .text.HAL_PWR_EnterSLEEPMode
                0x08002a9c       0x20 ./Drivers/STM32F4xx_HAL_Driver/Src/stm32f4xx_hal_pwr.o
                0x08002a9c                HAL_PWR_EnterSLEEPMode
 .text.HAL_PWR_EnterSTOPMode
                0x08002abc       0x38 ./Drivers/STM32F4xx_HAL_Driver/Src/stm32f4xx_hal_pwr.o
                0x08002abc                HAL_PWR_EnterSTOPMode
 .text.HAL_PWR_EnterSTANDBYMode
                0x08002af4       0x20 ./Drivers/STM32F4xx_HAL_Driver/Src/stm32f4xx_hal_pwr.o
                0x08002af4                HAL_PWR_EnterSTANDBYMode
 .text.HAL_PWR_PVDCallback
                0x08002b14        0x2 ./Drivers/STM32F4xx_HAL_Driver/Src/stm32f4xx_hal_pwr.o
                0x08002b14                HAL_PWR_PVDCallback
 *fill*         0x08002b16        0x2 
 .text.HAL_PWR_PVD_IRQHandler
                0x08002b18       0x20 ./Drivers/STM32F4xx_HAL_Driver/Src/stm32f4xx_hal_pwr.o
                0x08002b18                HAL_PWR_PVD_IRQHandler
 .text.HAL_PWR_EnableSleepOnExit
                0x08002b38       0x10 ./Drivers/STM32F4xx_HAL_Driver/Src/stm32f4xx_hal_pwr.o
                0x08002b38                HAL_PWR_EnableSleepOnExit
 .text.HAL_PWR_DisableSleepOnExit
                0x08002b48       0x10 ./Drivers/STM32F4xx_HAL_Driver/Src/stm32f4xx_hal_pwr.o
                0x08002b48                HAL_PWR_DisableSleepOnExit
 .text.HAL_PWR_EnableSEVOnPend
                0x08002b58       0x10 ./Drivers/STM32F4xx_HAL_Driver/Src/stm32f4xx_hal_pwr.o
                0x08002b58                HAL_PWR_EnableSEVOnPend
 .text.HAL_PWR_DisableSEVOnPend
                0x08002b68       0x10 ./Drivers/STM32F4xx_HAL_Driver/Src/stm32f4xx_hal_pwr.o
                0x08002b68                HAL_PWR_DisableSEVOnPend
 .text.HAL_PWREx_EnableBkUpReg
                0x08002b78       0x38 ./Drivers/STM32F4xx_HAL_Driver/Src/stm32f4xx_hal_pwr_ex.o
                0x08002b78                HAL_PWREx_EnableBkUpReg
 .text.HAL_PWREx_DisableBkUpReg
                0x08002bb0       0x38 ./Drivers/STM32F4xx_HAL_Driver/Src/stm32f4xx_hal_pwr_ex.o
                0x08002bb0                HAL_PWREx_DisableBkUpReg
 .text.HAL_PWREx_EnableFlashPowerDown
                0x08002be8        0xc ./Drivers/STM32F4xx_HAL_Driver/Src/stm32f4xx_hal_pwr_ex.o
                0x08002be8                HAL_PWREx_EnableFlashPowerDown
 .text.HAL_PWREx_DisableFlashPowerDown
                0x08002bf4        0xc ./Drivers/STM32F4xx_HAL_Driver/Src/stm32f4xx_hal_pwr_ex.o
                0x08002bf4                HAL_PWREx_DisableFlashPowerDown
 .text.HAL_PWREx_GetVoltageRange
                0x08002c00       0x10 ./Drivers/STM32F4xx_HAL_Driver/Src/stm32f4xx_hal_pwr_ex.o
                0x08002c00                HAL_PWREx_GetVoltageRange
 .text.HAL_PWREx_ControlVoltageScaling
                0x08002c10       0x64 ./Drivers/STM32F4xx_HAL_Driver/Src/stm32f4xx_hal_pwr_ex.o
                0x08002c10                HAL_PWREx_ControlVoltageScaling
 .text.HAL_RCC_DeInit
                0x08002c74        0x4 ./Drivers/STM32F4xx_HAL_Driver/Src/stm32f4xx_hal_rcc.o
 .text.HAL_RCC_OscConfig
                0x08002c78      0x3f8 ./Drivers/STM32F4xx_HAL_Driver/Src/stm32f4xx_hal_rcc.o
                0x08002c78                HAL_RCC_OscConfig
 .text.HAL_RCC_MCOConfig
                0x08003070       0x9c ./Drivers/STM32F4xx_HAL_Driver/Src/stm32f4xx_hal_rcc.o
                0x08003070                HAL_RCC_MCOConfig
 .text.HAL_RCC_EnableCSS
                0x0800310c        0xc ./Drivers/STM32F4xx_HAL_Driver/Src/stm32f4xx_hal_rcc.o
                0x0800310c                HAL_RCC_EnableCSS
 .text.HAL_RCC_DisableCSS
                0x08003118        0xc ./Drivers/STM32F4xx_HAL_Driver/Src/stm32f4xx_hal_rcc.o
                0x08003118                HAL_RCC_DisableCSS
 .text.HAL_RCC_GetSysClockFreq
                0x08003124       0xdc ./Drivers/STM32F4xx_HAL_Driver/Src/stm32f4xx_hal_rcc.o
                0x08003124                HAL_RCC_GetSysClockFreq
 .text.HAL_RCC_ClockConfig
                0x08003200      0x160 ./Drivers/STM32F4xx_HAL_Driver/Src/stm32f4xx_hal_rcc.o
                0x08003200                HAL_RCC_ClockConfig
 .text.HAL_RCC_GetHCLKFreq
                0x08003360        0xc ./Drivers/STM32F4xx_HAL_Driver/Src/stm32f4xx_hal_rcc.o
                0x08003360                HAL_RCC_GetHCLKFreq
 .text.HAL_RCC_GetPCLK1Freq
                0x0800336c       0x20 ./Drivers/STM32F4xx_HAL_Driver/Src/stm32f4xx_hal_rcc.o
                0x0800336c                HAL_RCC_GetPCLK1Freq
 .text.HAL_RCC_GetPCLK2Freq
                0x0800338c       0x20 ./Drivers/STM32F4xx_HAL_Driver/Src/stm32f4xx_hal_rcc.o
                0x0800338c                HAL_RCC_GetPCLK2Freq
 .text.HAL_RCC_GetOscConfig
                0x080033ac       0xcc ./Drivers/STM32F4xx_HAL_Driver/Src/stm32f4xx_hal_rcc.o
                0x080033ac                HAL_RCC_GetOscConfig
 .text.HAL_RCC_GetClockConfig
                0x08003478       0x3c ./Drivers/STM32F4xx_HAL_Driver/Src/stm32f4xx_hal_rcc.o
                0x08003478                HAL_RCC_GetClockConfig
 .text.HAL_RCC_CSSCallback
                0x080034b4        0x2 ./Drivers/STM32F4xx_HAL_Driver/Src/stm32f4xx_hal_rcc.o
                0x080034b4                HAL_RCC_CSSCallback
 *fill*         0x080034b6        0x2 
 .text.HAL_RCC_NMI_IRQHandler
                0x080034b8       0x20 ./Drivers/STM32F4xx_HAL_Driver/Src/stm32f4xx_hal_rcc.o
                0x080034b8                HAL_RCC_NMI_IRQHandler
 .text.HAL_RCCEx_PeriphCLKConfig
                0x080034d8      0x154 ./Drivers/STM32F4xx_HAL_Driver/Src/stm32f4xx_hal_rcc_ex.o
                0x080034d8                HAL_RCCEx_PeriphCLKConfig
 .text.HAL_RCCEx_GetPeriphCLKConfig
                0x0800362c       0x30 ./Drivers/STM32F4xx_HAL_Driver/Src/stm32f4xx_hal_rcc_ex.o
                0x0800362c                HAL_RCCEx_GetPeriphCLKConfig
 .text.HAL_RCCEx_GetPeriphCLKFreq
                0x0800365c       0x74 ./Drivers/STM32F4xx_HAL_Driver/Src/stm32f4xx_hal_rcc_ex.o
                0x0800365c                HAL_RCCEx_GetPeriphCLKFreq
 .text.HAL_RCCEx_EnablePLLI2S
                0x080036d0       0x68 ./Drivers/STM32F4xx_HAL_Driver/Src/stm32f4xx_hal_rcc_ex.o
                0x080036d0                HAL_RCCEx_EnablePLLI2S
 .text.HAL_RCCEx_DisablePLLI2S
                0x08003738       0x34 ./Drivers/STM32F4xx_HAL_Driver/Src/stm32f4xx_hal_rcc_ex.o
                0x08003738                HAL_RCCEx_DisablePLLI2S
 .text.HAL_RCC_DeInit
                0x0800376c      0x13c ./Drivers/STM32F4xx_HAL_Driver/Src/stm32f4xx_hal_rcc_ex.o
                0x0800376c                HAL_RCC_DeInit
 .text.SPI_AbortRx_ISR
                0x080038a8       0x68 ./Drivers/STM32F4xx_HAL_Driver/Src/stm32f4xx_hal_spi.o
 .text.SPI_AbortTx_ISR
                0x08003910       0x1c ./Drivers/STM32F4xx_HAL_Driver/Src/stm32f4xx_hal_spi.o
 .text.SPI_WaitFlagStateUntilTimeout
                0x0800392c       0xc8 ./Drivers/STM32F4xx_HAL_Driver/Src/stm32f4xx_hal_spi.o
 .text.SPI_EndRxTxTransaction
                0x080039f4       0x68 ./Drivers/STM32F4xx_HAL_Driver/Src/stm32f4xx_hal_spi.o
 .text.SPI_EndRxTransaction
                0x08003a5c       0x8c ./Drivers/STM32F4xx_HAL_Driver/Src/stm32f4xx_hal_spi.o
 .text.HAL_SPI_MspInit
                0x08003ae8        0x2 ./Drivers/STM32F4xx_HAL_Driver/Src/stm32f4xx_hal_spi.o
 .text.HAL_SPI_Init
                0x08003aea       0xbe ./Drivers/STM32F4xx_HAL_Driver/Src/stm32f4xx_hal_spi.o
                0x08003aea                HAL_SPI_Init
 .text.HAL_SPI_MspDeInit
                0x08003ba8        0x2 ./Drivers/STM32F4xx_HAL_Driver/Src/stm32f4xx_hal_spi.o
 .text.HAL_SPI_DeInit
                0x08003baa       0x2c ./Drivers/STM32F4xx_HAL_Driver/Src/stm32f4xx_hal_spi.o
                0x08003baa                HAL_SPI_DeInit
 .text.HAL_SPI_Transmit
                0x08003bd6      0x1b8 ./Drivers/STM32F4xx_HAL_Driver/Src/stm32f4xx_hal_spi.o
                0x08003bd6                HAL_SPI_Transmit
 .text.HAL_SPI_TransmitReceive
                0x08003d8e      0x238 ./Drivers/STM32F4xx_HAL_Driver/Src/stm32f4xx_hal_spi.o
                0x08003d8e                HAL_SPI_TransmitReceive
 .text.HAL_SPI_Receive
                0x08003fc6      0x180 ./Drivers/STM32F4xx_HAL_Driver/Src/stm32f4xx_hal_spi.o
                0x08003fc6                HAL_SPI_Receive
 *fill*         0x08004146        0x2 
 .text.HAL_SPI_Transmit_IT
                0x08004148       0xa8 ./Drivers/STM32F4xx_HAL_Driver/Src/stm32f4xx_hal_spi.o
                0x08004148                HAL_SPI_Transmit_IT
 .text.HAL_SPI_TransmitReceive_IT
                0x080041f0       0xec ./Drivers/STM32F4xx_HAL_Driver/Src/stm32f4xx_hal_spi.o
                0x080041f0                HAL_SPI_TransmitReceive_IT
 .text.HAL_SPI_Receive_IT
                0x080042dc       0xdc ./Drivers/STM32F4xx_HAL_Driver/Src/stm32f4xx_hal_spi.o
                0x080042dc                HAL_SPI_Receive_IT
 .text.HAL_SPI_Transmit_DMA
                0x080043b8       0xe0 ./Drivers/STM32F4xx_HAL_Driver/Src/stm32f4xx_hal_spi.o
                0x080043b8                HAL_SPI_Transmit_DMA
 .text.HAL_SPI_TransmitReceive_DMA
                0x08004498      0x150 ./Drivers/STM32F4xx_HAL_Driver/Src/stm32f4xx_hal_spi.o
                0x08004498                HAL_SPI_TransmitReceive_DMA
 .text.HAL_SPI_Receive_DMA
                0x080045e8       0xfc ./Drivers/STM32F4xx_HAL_Driver/Src/stm32f4xx_hal_spi.o
                0x080045e8                HAL_SPI_Receive_DMA
 .text.HAL_SPI_Abort
                0x080046e4      0x144 ./Drivers/STM32F4xx_HAL_Driver/Src/stm32f4xx_hal_spi.o
                0x080046e4                HAL_SPI_Abort
 .text.HAL_SPI_DMAPause
                0x08004828       0x26 ./Drivers/STM32F4xx_HAL_Driver/Src/stm32f4xx_hal_spi.o
                0x08004828                HAL_SPI_DMAPause
 .text.HAL_SPI_DMAResume
                0x0800484e       0x26 ./Drivers/STM32F4xx_HAL_Driver/Src/stm32f4xx_hal_spi.o
                0x0800484e                HAL_SPI_DMAResume
 .text.HAL_SPI_DMAStop
                0x08004874       0x46 ./Drivers/STM32F4xx_HAL_Driver/Src/stm32f4xx_hal_spi.o
                0x08004874                HAL_SPI_DMAStop
 .text.HAL_SPI_TxCpltCallback
                0x080048ba        0x2 ./Drivers/STM32F4xx_HAL_Driver/Src/stm32f4xx_hal_spi.o
                0x080048ba                HAL_SPI_TxCpltCallback
 .text.HAL_SPI_RxCpltCallback
                0x080048bc        0x2 ./Drivers/STM32F4xx_HAL_Driver/Src/stm32f4xx_hal_spi.o
                0x080048bc                HAL_SPI_RxCpltCallback
 .text.HAL_SPI_TxRxCpltCallback
                0x080048be        0x2 ./Drivers/STM32F4xx_HAL_Driver/Src/stm32f4xx_hal_spi.o
                0x080048be                HAL_SPI_TxRxCpltCallback
 .text.HAL_SPI_TxHalfCpltCallback
                0x080048c0        0x2 ./Drivers/STM32F4xx_HAL_Driver/Src/stm32f4xx_hal_spi.o
                0x080048c0                HAL_SPI_TxHalfCpltCallback
 .text.SPI_DMAHalfTransmitCplt
                0x080048c2        0xa ./Drivers/STM32F4xx_HAL_Driver/Src/stm32f4xx_hal_spi.o
 .text.HAL_SPI_RxHalfCpltCallback
                0x080048cc        0x2 ./Drivers/STM32F4xx_HAL_Driver/Src/stm32f4xx_hal_spi.o
                0x080048cc                HAL_SPI_RxHalfCpltCallback
 .text.SPI_DMAHalfReceiveCplt
                0x080048ce        0xa ./Drivers/STM32F4xx_HAL_Driver/Src/stm32f4xx_hal_spi.o
 .text.HAL_SPI_TxRxHalfCpltCallback
                0x080048d8        0x2 ./Drivers/STM32F4xx_HAL_Driver/Src/stm32f4xx_hal_spi.o
                0x080048d8                HAL_SPI_TxRxHalfCpltCallback
 .text.SPI_DMAHalfTransmitReceiveCplt
                0x080048da        0xa ./Drivers/STM32F4xx_HAL_Driver/Src/stm32f4xx_hal_spi.o
 .text.HAL_SPI_ErrorCallback
                0x080048e4        0x2 ./Drivers/STM32F4xx_HAL_Driver/Src/stm32f4xx_hal_spi.o
                0x080048e4                HAL_SPI_ErrorCallback
 *fill*         0x080048e6        0x2 
 .text.SPI_CloseTx_ISR
                0x080048e8       0x90 ./Drivers/STM32F4xx_HAL_Driver/Src/stm32f4xx_hal_spi.o
 .text.SPI_TxISR_8BIT
                0x08004978       0x28 ./Drivers/STM32F4xx_HAL_Driver/Src/stm32f4xx_hal_spi.o
 .text.SPI_TxISR_16BIT
                0x080049a0       0x28 ./Drivers/STM32F4xx_HAL_Driver/Src/stm32f4xx_hal_spi.o
 .text.SPI_CloseRx_ISR
                0x080049c8       0x56 ./Drivers/STM32F4xx_HAL_Driver/Src/stm32f4xx_hal_spi.o
 .text.SPI_RxISR_8BIT
                0x08004a1e       0x28 ./Drivers/STM32F4xx_HAL_Driver/Src/stm32f4xx_hal_spi.o
 .text.SPI_RxISR_16BIT
                0x08004a46       0x28 ./Drivers/STM32F4xx_HAL_Driver/Src/stm32f4xx_hal_spi.o
 *fill*         0x08004a6e        0x2 
 .text.SPI_CloseRxTx_ISR
                0x08004a70       0xb0 ./Drivers/STM32F4xx_HAL_Driver/Src/stm32f4xx_hal_spi.o
 .text.SPI_2linesTxISR_8BIT
                0x08004b20       0x38 ./Drivers/STM32F4xx_HAL_Driver/Src/stm32f4xx_hal_spi.o
 .text.SPI_2linesRxISR_8BIT
                0x08004b58       0x38 ./Drivers/STM32F4xx_HAL_Driver/Src/stm32f4xx_hal_spi.o
 .text.SPI_2linesTxISR_16BIT
                0x08004b90       0x38 ./Drivers/STM32F4xx_HAL_Driver/Src/stm32f4xx_hal_spi.o
 .text.SPI_2linesRxISR_16BIT
                0x08004bc8       0x38 ./Drivers/STM32F4xx_HAL_Driver/Src/stm32f4xx_hal_spi.o
 .text.SPI_DMAError
                0x08004c00       0x22 ./Drivers/STM32F4xx_HAL_Driver/Src/stm32f4xx_hal_spi.o
 .text.SPI_DMATransmitCplt
                0x08004c22       0x70 ./Drivers/STM32F4xx_HAL_Driver/Src/stm32f4xx_hal_spi.o
 .text.SPI_DMAReceiveCplt
                0x08004c92       0x6e ./Drivers/STM32F4xx_HAL_Driver/Src/stm32f4xx_hal_spi.o
 .text.SPI_DMATransmitReceiveCplt
                0x08004d00       0x5c ./Drivers/STM32F4xx_HAL_Driver/Src/stm32f4xx_hal_spi.o
 .text.HAL_SPI_IRQHandler
                0x08004d5c      0x118 ./Drivers/STM32F4xx_HAL_Driver/Src/stm32f4xx_hal_spi.o
                0x08004d5c                HAL_SPI_IRQHandler
 .text.SPI_DMAAbortOnError
                0x08004e74       0x10 ./Drivers/STM32F4xx_HAL_Driver/Src/stm32f4xx_hal_spi.o
 .text.HAL_SPI_AbortCpltCallback
                0x08004e84        0x2 ./Drivers/STM32F4xx_HAL_Driver/Src/stm32f4xx_hal_spi.o
                0x08004e84                HAL_SPI_AbortCpltCallback
 *fill*         0x08004e86        0x2 
 .text.HAL_SPI_Abort_IT
                0x08004e88      0x15c ./Drivers/STM32F4xx_HAL_Driver/Src/stm32f4xx_hal_spi.o
                0x08004e88                HAL_SPI_Abort_IT
 .text.SPI_DMARxAbortCallback
                0x08004fe4       0x78 ./Drivers/STM32F4xx_HAL_Driver/Src/stm32f4xx_hal_spi.o
 .text.SPI_DMATxAbortCallback
                0x0800505c       0x90 ./Drivers/STM32F4xx_HAL_Driver/Src/stm32f4xx_hal_spi.o
 .text.HAL_SPI_GetState
                0x080050ec        0x6 ./Drivers/STM32F4xx_HAL_Driver/Src/stm32f4xx_hal_spi.o
                0x080050ec                HAL_SPI_GetState
 .text.HAL_SPI_GetError
                0x080050f2        0x4 ./Drivers/STM32F4xx_HAL_Driver/Src/stm32f4xx_hal_spi.o
                0x080050f2                HAL_SPI_GetError
 .text.UTILS_GetPLLOutputFrequency
                0x080050f6       0x20 ./Drivers/STM32F4xx_HAL_Driver/Src/stm32f4xx_ll_utils.o
 *fill*         0x08005116        0x2 
 .text.UTILS_PLL_IsBusy
                0x08005118       0x24 ./Drivers/STM32F4xx_HAL_Driver/Src/stm32f4xx_ll_utils.o
 .text.LL_Init1msTick
                0x0800513c       0x20 ./Drivers/STM32F4xx_HAL_Driver/Src/stm32f4xx_ll_utils.o
                0x0800513c                LL_Init1msTick
 .text.LL_mDelay
                0x0800515c       0x2a ./Drivers/STM32F4xx_HAL_Driver/Src/stm32f4xx_ll_utils.o
                0x0800515c                LL_mDelay
 *fill*         0x08005186        0x2 
 .text.LL_SetSystemCoreClock
                0x08005188        0xc ./Drivers/STM32F4xx_HAL_Driver/Src/stm32f4xx_ll_utils.o
                0x08005188                LL_SetSystemCoreClock
 .text.LL_SetFlashLatency
                0x08005194       0xd0 ./Drivers/STM32F4xx_HAL_Driver/Src/stm32f4xx_ll_utils.o
                0x08005194                LL_SetFlashLatency
 .text.UTILS_EnablePLLAndSwitchSystem
                0x08005264       0xac ./Drivers/STM32F4xx_HAL_Driver/Src/stm32f4xx_ll_utils.o
 .text.LL_PLL_ConfigSystemClock_HSI
                0x08005310       0x6c ./Drivers/STM32F4xx_HAL_Driver/Src/stm32f4xx_ll_utils.o
                0x08005310                LL_PLL_ConfigSystemClock_HSI
 .text.LL_PLL_ConfigSystemClock_HSE
                0x0800537c       0x8c ./Drivers/STM32F4xx_HAL_Driver/Src/stm32f4xx_ll_utils.o
                0x0800537c                LL_PLL_ConfigSystemClock_HSE
 .text.MX_GPIO_Init
                0x08005408       0xf8 ./Core/Src/main.o
 .text.init     0x08005500        0xc ./Core/Src/main.o
                0x08005500                init
 .text.loop     0x0800550c      0x280 ./Core/Src/main.o
                0x0800550c                loop
 .text.Error_Handler
                0x0800578c        0x4 ./Core/Src/main.o
                0x0800578c                Error_Handler
 .text.MX_SPI1_Init
                0x08005790       0x40 ./Core/Src/main.o
 .text.SystemClock_Config
                0x080057d0       0xa8 ./Core/Src/main.o
                0x080057d0                SystemClock_Config
 .text.main     0x08005878       0x1c ./Core/Src/main.o
                0x08005878                main
 .text.HAL_MspInit
                0x08005894       0x38 ./Core/Src/stm32f4xx_hal_msp.o
                0x08005894                HAL_MspInit
 .text.HAL_SPI_MspInit
                0x080058cc       0x70 ./Core/Src/stm32f4xx_hal_msp.o
                0x080058cc                HAL_SPI_MspInit
 .text.HAL_SPI_MspDeInit
                0x0800593c       0x2c ./Core/Src/stm32f4xx_hal_msp.o
                0x0800593c                HAL_SPI_MspDeInit
 .text.NMI_Handler
                0x08005968        0x2 ./Core/Src/stm32f4xx_it.o
                0x08005968                NMI_Handler
 .text.HardFault_Handler
                0x0800596a        0x2 ./Core/Src/stm32f4xx_it.o
                0x0800596a                HardFault_Handler
 .text.MemManage_Handler
                0x0800596c        0x2 ./Core/Src/stm32f4xx_it.o
                0x0800596c                MemManage_Handler
 .text.BusFault_Handler
                0x0800596e        0x2 ./Core/Src/stm32f4xx_it.o
                0x0800596e                BusFault_Handler
 .text.UsageFault_Handler
                0x08005970        0x2 ./Core/Src/stm32f4xx_it.o
                0x08005970                UsageFault_Handler
 .text.SVC_Handler
                0x08005972        0x2 ./Core/Src/stm32f4xx_it.o
                0x08005972                SVC_Handler
 .text.DebugMon_Handler
                0x08005974        0x2 ./Core/Src/stm32f4xx_it.o
                0x08005974                DebugMon_Handler
 .text.PendSV_Handler
                0x08005976        0x2 ./Core/Src/stm32f4xx_it.o
                0x08005976                PendSV_Handler
 .text.SysTick_Handler
                0x08005978        0x8 ./Core/Src/stm32f4xx_it.o
                0x08005978                SysTick_Handler
 .text.SystemInit
                0x08005980       0x14 ./Core/Src/system_stm32f4xx.o
                0x08005980                SystemInit
 .text.SystemCoreClockUpdate
                0x08005994       0xa0 ./Core/Src/system_stm32f4xx.o
                0x08005994                SystemCoreClockUpdate
 .text.__udivmoddi4
                0x08005a34      0x2bc e:/programms/gnu mcu eclipse/toolchain/arm-gnu-toolchain-12.2.mpacbti-bet1-mingw-w64-i686-arm-none-eabi/bin/../lib/gcc/arm-none-eabi/12.2.0/thumb/v7e-m+fp/hard\libgcc.a(_udivmoddi4.o)
                0x08005a34                __udivmoddi4
 .text.memset   0x08005cf0       0x10 e:/programms/gnu mcu eclipse/toolchain/arm-gnu-toolchain-12.2.mpacbti-bet1-mingw-w64-i686-arm-none-eabi/bin/../lib/gcc/arm-none-eabi/12.2.0/thumb/v7e-m+fp/hard\libg_nano.a(libc_a-memset.o)
                0x08005cf0                memset
 *(.glue_7)
 .glue_7        0x08005d00        0x0 linker stubs
 *(.glue_7t)
 .glue_7t       0x08005d00        0x0 linker stubs
 *(.eh_frame)
 *(.init)
 *(.fini)
                0x08005d00                        . = ALIGN (0x4)
                0x08005d00                        _etext = .

.vfp11_veneer   0x08005d00        0x0
 .vfp11_veneer  0x08005d00        0x0 linker stubs

.v4_bx          0x08005d00        0x0
 .v4_bx         0x08005d00        0x0 linker stubs

.iplt           0x08005d00        0x0
 .iplt          0x08005d00        0x0 ./Lib/ili9341/fonts.o

.rodata         0x08005d00    0x1eb44
                0x08005d00                        . = ALIGN (0x4)
 *(.rodata)
 .rodata        0x08005d00       0x1f ./Lib/ili9341/ili9341.o
 *(.rodata*)
 *fill*         0x08005d1f        0x1 
 .rodata.Font16x26
                0x08005d20     0x134c ./Lib/ili9341/fonts.o
 .rodata.Font11x18
                0x0800706c      0xd5c ./Lib/ili9341/fonts.o
 .rodata.Font7x10
                0x08007dc8      0x76c ./Lib/ili9341/fonts.o
 .rodata.ILI9341_Init.str1.4
                0x08008534       0x13 ./Lib/ili9341/ili9341.o
 *fill*         0x08008547        0x1 
 .rodata.cmd_read_x.0
                0x08008548        0x1 ./Lib/ili9341/ili9341_touch.o
 *fill*         0x08008549        0x3 
 .rodata.zeroes_tx.1
                0x0800854c        0x2 ./Lib/ili9341/ili9341_touch.o
 *fill*         0x0800854e        0x2 
 .rodata.cmd_read_y.2
                0x08008550        0x1 ./Lib/ili9341/ili9341_touch.o
 *fill*         0x08008551        0x3 
 .rodata.flagBitshiftOffset.0
                0x08008554        0x8 ./Drivers/STM32F4xx_HAL_Driver/Src/stm32f4xx_hal_dma.o
 .rodata.loop.str1.4
                0x0800855c       0xce ./Core/Src/main.o
 *fill*         0x0800862a        0x2 
 .rodata.test_img_240x240
                0x0800862c    0x1c200 ./Core/Src/main.o
                0x0800862c                test_img_240x240
 .rodata.APBPrescTable
                0x0802482c        0x8 ./Core/Src/system_stm32f4xx.o
                0x0802482c                APBPrescTable
 .rodata.AHBPrescTable
                0x08024834       0x10 ./Core/Src/system_stm32f4xx.o
                0x08024834                AHBPrescTable
                0x08024844                        . = ALIGN (0x4)

.ARM.extab      0x08024844        0x0
 *(.ARM.extab* .gnu.linkonce.armextab.*)
 .ARM.extab.text.__udivmoddi4
                0x08024844        0x0 e:/programms/gnu mcu eclipse/toolchain/arm-gnu-toolchain-12.2.mpacbti-bet1-mingw-w64-i686-arm-none-eabi/bin/../lib/gcc/arm-none-eabi/12.2.0/thumb/v7e-m+fp/hard\libgcc.a(_udivmoddi4.o)

.ARM            0x08024844        0x8
                0x08024844                        __exidx_start = .
 *(.ARM.exidx*)
 .ARM.exidx.text.__udivmoddi4
                0x08024844        0x8 e:/programms/gnu mcu eclipse/toolchain/arm-gnu-toolchain-12.2.mpacbti-bet1-mingw-w64-i686-arm-none-eabi/bin/../lib/gcc/arm-none-eabi/12.2.0/thumb/v7e-m+fp/hard\libgcc.a(_udivmoddi4.o)
                0x0802484c                        __exidx_end = .

.rel.dyn        0x0802484c        0x0
 .rel.iplt      0x0802484c        0x0 ./Lib/ili9341/fonts.o

.preinit_array  0x0802484c        0x0
                [!provide]                        PROVIDE (__preinit_array_start = .)
 *(.preinit_array*)
                [!provide]                        PROVIDE (__preinit_array_end = .)

.init_array     0x0802484c        0x0
                [!provide]                        PROVIDE (__init_array_start = .)
 *(SORT_BY_NAME(.init_array.*))
 *(.init_array*)
                [!provide]                        PROVIDE (__init_array_end = .)

.fini_array     0x0802484c        0x0
                [!provide]                        PROVIDE (__fini_array_start = .)
 *(SORT_BY_NAME(.fini_array.*))
 *(.fini_array*)
                [!provide]                        PROVIDE (__fini_array_end = .)
                0x0802484c                        _sidata = LOADADDR (.data)

.data           0x20000000       0x24 load address 0x0802484c
                0x20000000                        . = ALIGN (0x4)
                0x20000000                        _sdata = .
 *(.data)
 .data          0x20000000        0x0 ./Lib/ili9341/fonts.o
 .data          0x20000000        0x0 ./Lib/ili9341/ili9341.o
 .data          0x20000000        0x0 ./Lib/ili9341/ili9341_touch.o
 .data          0x20000000        0x0 ./Drivers/STM32F4xx_HAL_Driver/Src/stm32f4xx_hal.o
 .data          0x20000000        0x0 ./Drivers/STM32F4xx_HAL_Driver/Src/stm32f4xx_hal_adc.o
 .data          0x20000000        0x0 ./Drivers/STM32F4xx_HAL_Driver/Src/stm32f4xx_hal_adc_ex.o
 .data          0x20000000        0x0 ./Drivers/STM32F4xx_HAL_Driver/Src/stm32f4xx_hal_can.o
 .data          0x20000000        0x0 ./Drivers/STM32F4xx_HAL_Driver/Src/stm32f4xx_hal_cortex.o
 .data          0x20000000        0x0 ./Drivers/STM32F4xx_HAL_Driver/Src/stm32f4xx_hal_dac.o
 .data          0x20000000        0x0 ./Drivers/STM32F4xx_HAL_Driver/Src/stm32f4xx_hal_dac_ex.o
 .data          0x20000000        0x0 ./Drivers/STM32F4xx_HAL_Driver/Src/stm32f4xx_hal_dcmi.o
 .data          0x20000000        0x0 ./Drivers/STM32F4xx_HAL_Driver/Src/stm32f4xx_hal_dcmi_ex.o
 .data          0x20000000        0x0 ./Drivers/STM32F4xx_HAL_Driver/Src/stm32f4xx_hal_dfsdm.o
 .data          0x20000000        0x0 ./Drivers/STM32F4xx_HAL_Driver/Src/stm32f4xx_hal_dma.o
 .data          0x20000000        0x0 ./Drivers/STM32F4xx_HAL_Driver/Src/stm32f4xx_hal_dma2d.o
 .data          0x20000000        0x0 ./Drivers/STM32F4xx_HAL_Driver/Src/stm32f4xx_hal_dma_ex.o
 .data          0x20000000        0x0 ./Drivers/STM32F4xx_HAL_Driver/Src/stm32f4xx_hal_exti.o
 .data          0x20000000        0x0 ./Drivers/STM32F4xx_HAL_Driver/Src/stm32f4xx_hal_gpio.o
 .data          0x20000000        0x0 ./Drivers/STM32F4xx_HAL_Driver/Src/stm32f4xx_hal_hash.o
 .data          0x20000000        0x0 ./Drivers/STM32F4xx_HAL_Driver/Src/stm32f4xx_hal_hash_ex.o
 .data          0x20000000        0x0 ./Drivers/STM32F4xx_HAL_Driver/Src/stm32f4xx_hal_iwdg.o
 .data          0x20000000        0x0 ./Drivers/STM32F4xx_HAL_Driver/Src/stm32f4xx_hal_mmc.o
 .data          0x20000000        0x0 ./Drivers/STM32F4xx_HAL_Driver/Src/stm32f4xx_hal_nand.o
 .data          0x20000000        0x0 ./Drivers/STM32F4xx_HAL_Driver/Src/stm32f4xx_hal_nor.o
 .data          0x20000000        0x0 ./Drivers/STM32F4xx_HAL_Driver/Src/stm32f4xx_hal_pcd.o
 .data          0x20000000        0x0 ./Drivers/STM32F4xx_HAL_Driver/Src/stm32f4xx_hal_pcd_ex.o
 .data          0x20000000        0x0 ./Drivers/STM32F4xx_HAL_Driver/Src/stm32f4xx_hal_pwr.o
 .data          0x20000000        0x0 ./Drivers/STM32F4xx_HAL_Driver/Src/stm32f4xx_hal_pwr_ex.o
 .data          0x20000000        0x0 ./Drivers/STM32F4xx_HAL_Driver/Src/stm32f4xx_hal_rcc.o
 .data          0x20000000        0x0 ./Drivers/STM32F4xx_HAL_Driver/Src/stm32f4xx_hal_rcc_ex.o
 .data          0x20000000        0x0 ./Drivers/STM32F4xx_HAL_Driver/Src/stm32f4xx_hal_rng.o
 .data          0x20000000        0x0 ./Drivers/STM32F4xx_HAL_Driver/Src/stm32f4xx_hal_rtc.o
 .data          0x20000000        0x0 ./Drivers/STM32F4xx_HAL_Driver/Src/stm32f4xx_hal_rtc_ex.o
 .data          0x20000000        0x0 ./Drivers/STM32F4xx_HAL_Driver/Src/stm32f4xx_hal_sai.o
 .data          0x20000000        0x0 ./Drivers/STM32F4xx_HAL_Driver/Src/stm32f4xx_hal_sd.o
 .data          0x20000000        0x0 ./Drivers/STM32F4xx_HAL_Driver/Src/stm32f4xx_hal_sdram.o
 .data          0x20000000        0x0 ./Drivers/STM32F4xx_HAL_Driver/Src/stm32f4xx_hal_smartcard.o
 .data          0x20000000        0x0 ./Drivers/STM32F4xx_HAL_Driver/Src/stm32f4xx_hal_smbus.o
 .data          0x20000000        0x0 ./Drivers/STM32F4xx_HAL_Driver/Src/stm32f4xx_hal_spdifrx.o
 .data          0x20000000        0x0 ./Drivers/STM32F4xx_HAL_Driver/Src/stm32f4xx_hal_spi.o
 .data          0x20000000        0x0 ./Drivers/STM32F4xx_HAL_Driver/Src/stm32f4xx_hal_sram.o
 .data          0x20000000        0x0 ./Drivers/STM32F4xx_HAL_Driver/Src/stm32f4xx_hal_tim.o
 .data          0x20000000        0x0 ./Drivers/STM32F4xx_HAL_Driver/Src/stm32f4xx_hal_tim_ex.o
 .data          0x20000000        0x0 ./Drivers/STM32F4xx_HAL_Driver/Src/stm32f4xx_hal_uart.o
 .data          0x20000000        0x0 ./Drivers/STM32F4xx_HAL_Driver/Src/stm32f4xx_hal_usart.o
 .data          0x20000000        0x0 ./Drivers/STM32F4xx_HAL_Driver/Src/stm32f4xx_hal_wwdg.o
 .data          0x20000000        0x0 ./Drivers/STM32F4xx_HAL_Driver/Src/stm32f4xx_ll_adc.o
 .data          0x20000000        0x0 ./Drivers/STM32F4xx_HAL_Driver/Src/stm32f4xx_ll_crc.o
 .data          0x20000000        0x0 ./Drivers/STM32F4xx_HAL_Driver/Src/stm32f4xx_ll_dac.o
 .data          0x20000000        0x0 ./Drivers/STM32F4xx_HAL_Driver/Src/stm32f4xx_ll_dma.o
 .data          0x20000000        0x0 ./Drivers/STM32F4xx_HAL_Driver/Src/stm32f4xx_ll_dma2d.o
 .data          0x20000000        0x0 ./Drivers/STM32F4xx_HAL_Driver/Src/stm32f4xx_ll_exti.o
 .data          0x20000000        0x0 ./Drivers/STM32F4xx_HAL_Driver/Src/stm32f4xx_ll_fmc.o
 .data          0x20000000        0x0 ./Drivers/STM32F4xx_HAL_Driver/Src/stm32f4xx_ll_fmpi2c.o
 .data          0x20000000        0x0 ./Drivers/STM32F4xx_HAL_Driver/Src/stm32f4xx_ll_fsmc.o
 .data          0x20000000        0x0 ./Drivers/STM32F4xx_HAL_Driver/Src/stm32f4xx_ll_gpio.o
 .data          0x20000000        0x0 ./Drivers/STM32F4xx_HAL_Driver/Src/stm32f4xx_ll_i2c.o
 .data          0x20000000        0x0 ./Drivers/STM32F4xx_HAL_Driver/Src/stm32f4xx_ll_lptim.o
 .data          0x20000000        0x0 ./Drivers/STM32F4xx_HAL_Driver/Src/stm32f4xx_ll_pwr.o
 .data          0x20000000        0x0 ./Drivers/STM32F4xx_HAL_Driver/Src/stm32f4xx_ll_rcc.o
 .data          0x20000000        0x0 ./Drivers/STM32F4xx_HAL_Driver/Src/stm32f4xx_ll_rng.o
 .data          0x20000000        0x0 ./Drivers/STM32F4xx_HAL_Driver/Src/stm32f4xx_ll_rtc.o
 .data          0x20000000        0x0 ./Drivers/STM32F4xx_HAL_Driver/Src/stm32f4xx_ll_sdmmc.o
 .data          0x20000000        0x0 ./Drivers/STM32F4xx_HAL_Driver/Src/stm32f4xx_ll_spi.o
 .data          0x20000000        0x0 ./Drivers/STM32F4xx_HAL_Driver/Src/stm32f4xx_ll_tim.o
 .data          0x20000000        0x0 ./Drivers/STM32F4xx_HAL_Driver/Src/stm32f4xx_ll_usart.o
 .data          0x20000000        0x0 ./Drivers/STM32F4xx_HAL_Driver/Src/stm32f4xx_ll_usb.o
 .data          0x20000000        0x0 ./Drivers/STM32F4xx_HAL_Driver/Src/stm32f4xx_ll_utils.o
 .data          0x20000000        0x0 ./Core/Src/main.o
 .data          0x20000000        0x0 ./Core/Src/stm32f4xx_hal_msp.o
 .data          0x20000000        0x0 ./Core/Src/stm32f4xx_it.o
 .data          0x20000000        0x0 ./Core/Src/system_stm32f4xx.o
 .data          0x20000000        0x0 e:/programms/gnu mcu eclipse/toolchain/arm-gnu-toolchain-12.2.mpacbti-bet1-mingw-w64-i686-arm-none-eabi/bin/../lib/gcc/arm-none-eabi/12.2.0/thumb/v7e-m+fp/hard\libgcc.a(_aeabi_uldivmod.o)
 .data          0x20000000        0x0 e:/programms/gnu mcu eclipse/toolchain/arm-gnu-toolchain-12.2.mpacbti-bet1-mingw-w64-i686-arm-none-eabi/bin/../lib/gcc/arm-none-eabi/12.2.0/thumb/v7e-m+fp/hard\libgcc.a(_udivmoddi4.o)
 .data          0x20000000        0x0 e:/programms/gnu mcu eclipse/toolchain/arm-gnu-toolchain-12.2.mpacbti-bet1-mingw-w64-i686-arm-none-eabi/bin/../lib/gcc/arm-none-eabi/12.2.0/thumb/v7e-m+fp/hard\libgcc.a(_dvmd_tls.o)
 .data          0x20000000        0x0 e:/programms/gnu mcu eclipse/toolchain/arm-gnu-toolchain-12.2.mpacbti-bet1-mingw-w64-i686-arm-none-eabi/bin/../lib/gcc/arm-none-eabi/12.2.0/thumb/v7e-m+fp/hard\libg_nano.a(libc_a-memset.o)
 *(.data*)
 .data.Font_16x26
                0x20000000        0x8 ./Lib/ili9341/fonts.o
                0x20000000                Font_16x26
 .data.Font_11x18
                0x20000008        0x8 ./Lib/ili9341/fonts.o
                0x20000008                Font_11x18
 .data.Font_7x10
                0x20000010        0x8 ./Lib/ili9341/fonts.o
                0x20000010                Font_7x10
 .data.uwTickFreq
                0x20000018        0x1 ./Drivers/STM32F4xx_HAL_Driver/Src/stm32f4xx_hal.o
                0x20000018                uwTickFreq
 *fill*         0x20000019        0x3 
 .data.uwTickPrio
                0x2000001c        0x4 ./Drivers/STM32F4xx_HAL_Driver/Src/stm32f4xx_hal.o
                0x2000001c                uwTickPrio
 .data.SystemCoreClock
                0x20000020        0x4 ./Core/Src/system_stm32f4xx.o
                0x20000020                SystemCoreClock
                0x20000024                        . = ALIGN (0x4)
                0x20000024                        _edata = .
                0x08024870                        _siccmram = LOADADDR (.ccmram)

.igot.plt       0x20000024        0x0 load address 0x08024870
 .igot.plt      0x20000024        0x0 ./Lib/ili9341/fonts.o

.ccmram         0x10000000        0x0 load address 0x08024870
                0x10000000                        . = ALIGN (0x4)
                0x10000000                        _sccmram = .
 *(.ccmram)
 *(.ccmram*)
                0x10000000                        . = ALIGN (0x4)
                0x10000000                        _eccmram = .
                0x10000000                        . = ALIGN (0x4)

.bss            0x20000024       0x5c
                0x20000024                        _sbss = .
                0x20000024                        __bss_start__ = _sbss
 *(.bss)
 .bss           0x20000024        0x0 ./Lib/ili9341/fonts.o
 .bss           0x20000024        0x0 ./Lib/ili9341/ili9341.o
 .bss           0x20000024        0x0 ./Lib/ili9341/ili9341_touch.o
 .bss           0x20000024        0x0 ./Drivers/STM32F4xx_HAL_Driver/Src/stm32f4xx_hal.o
 .bss           0x20000024        0x0 ./Drivers/STM32F4xx_HAL_Driver/Src/stm32f4xx_hal_adc.o
 .bss           0x20000024        0x0 ./Drivers/STM32F4xx_HAL_Driver/Src/stm32f4xx_hal_adc_ex.o
 .bss           0x20000024        0x0 ./Drivers/STM32F4xx_HAL_Driver/Src/stm32f4xx_hal_can.o
 .bss           0x20000024        0x0 ./Drivers/STM32F4xx_HAL_Driver/Src/stm32f4xx_hal_cortex.o
 .bss           0x20000024        0x0 ./Drivers/STM32F4xx_HAL_Driver/Src/stm32f4xx_hal_dac.o
 .bss           0x20000024        0x0 ./Drivers/STM32F4xx_HAL_Driver/Src/stm32f4xx_hal_dac_ex.o
 .bss           0x20000024        0x0 ./Drivers/STM32F4xx_HAL_Driver/Src/stm32f4xx_hal_dcmi.o
 .bss           0x20000024        0x0 ./Drivers/STM32F4xx_HAL_Driver/Src/stm32f4xx_hal_dcmi_ex.o
 .bss           0x20000024        0x0 ./Drivers/STM32F4xx_HAL_Driver/Src/stm32f4xx_hal_dfsdm.o
 .bss           0x20000024        0x0 ./Drivers/STM32F4xx_HAL_Driver/Src/stm32f4xx_hal_dma.o
 .bss           0x20000024        0x0 ./Drivers/STM32F4xx_HAL_Driver/Src/stm32f4xx_hal_dma2d.o
 .bss           0x20000024        0x0 ./Drivers/STM32F4xx_HAL_Driver/Src/stm32f4xx_hal_dma_ex.o
 .bss           0x20000024        0x0 ./Drivers/STM32F4xx_HAL_Driver/Src/stm32f4xx_hal_exti.o
 .bss           0x20000024        0x0 ./Drivers/STM32F4xx_HAL_Driver/Src/stm32f4xx_hal_gpio.o
 .bss           0x20000024        0x0 ./Drivers/STM32F4xx_HAL_Driver/Src/stm32f4xx_hal_hash.o
 .bss           0x20000024        0x0 ./Drivers/STM32F4xx_HAL_Driver/Src/stm32f4xx_hal_hash_ex.o
 .bss           0x20000024        0x0 ./Drivers/STM32F4xx_HAL_Driver/Src/stm32f4xx_hal_iwdg.o
 .bss           0x20000024        0x0 ./Drivers/STM32F4xx_HAL_Driver/Src/stm32f4xx_hal_mmc.o
 .bss           0x20000024        0x0 ./Drivers/STM32F4xx_HAL_Driver/Src/stm32f4xx_hal_nand.o
 .bss           0x20000024        0x0 ./Drivers/STM32F4xx_HAL_Driver/Src/stm32f4xx_hal_nor.o
 .bss           0x20000024        0x0 ./Drivers/STM32F4xx_HAL_Driver/Src/stm32f4xx_hal_pcd.o
 .bss           0x20000024        0x0 ./Drivers/STM32F4xx_HAL_Driver/Src/stm32f4xx_hal_pcd_ex.o
 .bss           0x20000024        0x0 ./Drivers/STM32F4xx_HAL_Driver/Src/stm32f4xx_hal_pwr.o
 .bss           0x20000024        0x0 ./Drivers/STM32F4xx_HAL_Driver/Src/stm32f4xx_hal_pwr_ex.o
 .bss           0x20000024        0x0 ./Drivers/STM32F4xx_HAL_Driver/Src/stm32f4xx_hal_rcc.o
 .bss           0x20000024        0x0 ./Drivers/STM32F4xx_HAL_Driver/Src/stm32f4xx_hal_rcc_ex.o
 .bss           0x20000024        0x0 ./Drivers/STM32F4xx_HAL_Driver/Src/stm32f4xx_hal_rng.o
 .bss           0x20000024        0x0 ./Drivers/STM32F4xx_HAL_Driver/Src/stm32f4xx_hal_rtc.o
 .bss           0x20000024        0x0 ./Drivers/STM32F4xx_HAL_Driver/Src/stm32f4xx_hal_rtc_ex.o
 .bss           0x20000024        0x0 ./Drivers/STM32F4xx_HAL_Driver/Src/stm32f4xx_hal_sai.o
 .bss           0x20000024        0x0 ./Drivers/STM32F4xx_HAL_Driver/Src/stm32f4xx_hal_sd.o
 .bss           0x20000024        0x0 ./Drivers/STM32F4xx_HAL_Driver/Src/stm32f4xx_hal_sdram.o
 .bss           0x20000024        0x0 ./Drivers/STM32F4xx_HAL_Driver/Src/stm32f4xx_hal_smartcard.o
 .bss           0x20000024        0x0 ./Drivers/STM32F4xx_HAL_Driver/Src/stm32f4xx_hal_smbus.o
 .bss           0x20000024        0x0 ./Drivers/STM32F4xx_HAL_Driver/Src/stm32f4xx_hal_spdifrx.o
 .bss           0x20000024        0x0 ./Drivers/STM32F4xx_HAL_Driver/Src/stm32f4xx_hal_spi.o
 .bss           0x20000024        0x0 ./Drivers/STM32F4xx_HAL_Driver/Src/stm32f4xx_hal_sram.o
 .bss           0x20000024        0x0 ./Drivers/STM32F4xx_HAL_Driver/Src/stm32f4xx_hal_tim.o
 .bss           0x20000024        0x0 ./Drivers/STM32F4xx_HAL_Driver/Src/stm32f4xx_hal_tim_ex.o
 .bss           0x20000024        0x0 ./Drivers/STM32F4xx_HAL_Driver/Src/stm32f4xx_hal_uart.o
 .bss           0x20000024        0x0 ./Drivers/STM32F4xx_HAL_Driver/Src/stm32f4xx_hal_usart.o
 .bss           0x20000024        0x0 ./Drivers/STM32F4xx_HAL_Driver/Src/stm32f4xx_hal_wwdg.o
 .bss           0x20000024        0x0 ./Drivers/STM32F4xx_HAL_Driver/Src/stm32f4xx_ll_adc.o
 .bss           0x20000024        0x0 ./Drivers/STM32F4xx_HAL_Driver/Src/stm32f4xx_ll_crc.o
 .bss           0x20000024        0x0 ./Drivers/STM32F4xx_HAL_Driver/Src/stm32f4xx_ll_dac.o
 .bss           0x20000024        0x0 ./Drivers/STM32F4xx_HAL_Driver/Src/stm32f4xx_ll_dma.o
 .bss           0x20000024        0x0 ./Drivers/STM32F4xx_HAL_Driver/Src/stm32f4xx_ll_dma2d.o
 .bss           0x20000024        0x0 ./Drivers/STM32F4xx_HAL_Driver/Src/stm32f4xx_ll_exti.o
 .bss           0x20000024        0x0 ./Drivers/STM32F4xx_HAL_Driver/Src/stm32f4xx_ll_fmc.o
 .bss           0x20000024        0x0 ./Drivers/STM32F4xx_HAL_Driver/Src/stm32f4xx_ll_fmpi2c.o
 .bss           0x20000024        0x0 ./Drivers/STM32F4xx_HAL_Driver/Src/stm32f4xx_ll_fsmc.o
 .bss           0x20000024        0x0 ./Drivers/STM32F4xx_HAL_Driver/Src/stm32f4xx_ll_gpio.o
 .bss           0x20000024        0x0 ./Drivers/STM32F4xx_HAL_Driver/Src/stm32f4xx_ll_i2c.o
 .bss           0x20000024        0x0 ./Drivers/STM32F4xx_HAL_Driver/Src/stm32f4xx_ll_lptim.o
 .bss           0x20000024        0x0 ./Drivers/STM32F4xx_HAL_Driver/Src/stm32f4xx_ll_pwr.o
 .bss           0x20000024        0x0 ./Drivers/STM32F4xx_HAL_Driver/Src/stm32f4xx_ll_rcc.o
 .bss           0x20000024        0x0 ./Drivers/STM32F4xx_HAL_Driver/Src/stm32f4xx_ll_rng.o
 .bss           0x20000024        0x0 ./Drivers/STM32F4xx_HAL_Driver/Src/stm32f4xx_ll_rtc.o
 .bss           0x20000024        0x0 ./Drivers/STM32F4xx_HAL_Driver/Src/stm32f4xx_ll_sdmmc.o
 .bss           0x20000024        0x0 ./Drivers/STM32F4xx_HAL_Driver/Src/stm32f4xx_ll_spi.o
 .bss           0x20000024        0x0 ./Drivers/STM32F4xx_HAL_Driver/Src/stm32f4xx_ll_tim.o
 .bss           0x20000024        0x0 ./Drivers/STM32F4xx_HAL_Driver/Src/stm32f4xx_ll_usart.o
 .bss           0x20000024        0x0 ./Drivers/STM32F4xx_HAL_Driver/Src/stm32f4xx_ll_usb.o
 .bss           0x20000024        0x0 ./Drivers/STM32F4xx_HAL_Driver/Src/stm32f4xx_ll_utils.o
 .bss           0x20000024        0x0 ./Core/Src/main.o
 .bss           0x20000024        0x0 ./Core/Src/stm32f4xx_hal_msp.o
 .bss           0x20000024        0x0 ./Core/Src/stm32f4xx_it.o
 .bss           0x20000024        0x0 ./Core/Src/system_stm32f4xx.o
 .bss           0x20000024        0x0 e:/programms/gnu mcu eclipse/toolchain/arm-gnu-toolchain-12.2.mpacbti-bet1-mingw-w64-i686-arm-none-eabi/bin/../lib/gcc/arm-none-eabi/12.2.0/thumb/v7e-m+fp/hard\libgcc.a(_aeabi_uldivmod.o)
 .bss           0x20000024        0x0 e:/programms/gnu mcu eclipse/toolchain/arm-gnu-toolchain-12.2.mpacbti-bet1-mingw-w64-i686-arm-none-eabi/bin/../lib/gcc/arm-none-eabi/12.2.0/thumb/v7e-m+fp/hard\libgcc.a(_udivmoddi4.o)
 .bss           0x20000024        0x0 e:/programms/gnu mcu eclipse/toolchain/arm-gnu-toolchain-12.2.mpacbti-bet1-mingw-w64-i686-arm-none-eabi/bin/../lib/gcc/arm-none-eabi/12.2.0/thumb/v7e-m+fp/hard\libgcc.a(_dvmd_tls.o)
 .bss           0x20000024        0x0 e:/programms/gnu mcu eclipse/toolchain/arm-gnu-toolchain-12.2.mpacbti-bet1-mingw-w64-i686-arm-none-eabi/bin/../lib/gcc/arm-none-eabi/12.2.0/thumb/v7e-m+fp/hard\libg_nano.a(libc_a-memset.o)
 *(.bss*)
 .bss.uwTick    0x20000024        0x4 ./Drivers/STM32F4xx_HAL_Driver/Src/stm32f4xx_hal.o
                0x20000024                uwTick
 .bss.hspi1     0x20000028       0x58 ./Core/Src/main.o
                0x20000028                hspi1
 *(COMMON)
                0x20000080                        . = ALIGN (0x4)
                0x20000080                        _ebss = .
                0x20000080                        __bss_end__ = _ebss

._user_heap_stack
                0x20000080      0x600
                0x20000080                        . = ALIGN (0x8)
                [!provide]                        PROVIDE (end = .)
                [!provide]                        PROVIDE (_end = .)
                0x20000280                        . = (. + _Min_Heap_Size)
 *fill*         0x20000080      0x200 
                0x20000680                        . = (. + _Min_Stack_Size)
 *fill*         0x20000280      0x400 
                0x20000680                        . = ALIGN (0x8)

/DISCARD/
 libc.a(*)
 libm.a(*)
 libgcc.a(*)

.ARM.attributes
                0x00000000       0x34
 *(.ARM.attributes)
 .ARM.attributes
                0x00000000       0x34 ./Lib/ili9341/fonts.o
 .ARM.attributes
                0x00000034       0x34 ./Lib/ili9341/ili9341.o
 .ARM.attributes
                0x00000068       0x34 ./Lib/ili9341/ili9341_touch.o
 .ARM.attributes
                0x0000009c       0x34 ./Drivers/STM32F4xx_HAL_Driver/Src/stm32f4xx_hal.o
 .ARM.attributes
                0x000000d0       0x34 ./Drivers/STM32F4xx_HAL_Driver/Src/stm32f4xx_hal_adc.o
 .ARM.attributes
                0x00000104       0x34 ./Drivers/STM32F4xx_HAL_Driver/Src/stm32f4xx_hal_adc_ex.o
 .ARM.attributes
                0x00000138       0x34 ./Drivers/STM32F4xx_HAL_Driver/Src/stm32f4xx_hal_can.o
 .ARM.attributes
                0x0000016c       0x34 ./Drivers/STM32F4xx_HAL_Driver/Src/stm32f4xx_hal_cortex.o
 .ARM.attributes
                0x000001a0       0x34 ./Drivers/STM32F4xx_HAL_Driver/Src/stm32f4xx_hal_dac.o
 .ARM.attributes
                0x000001d4       0x34 ./Drivers/STM32F4xx_HAL_Driver/Src/stm32f4xx_hal_dac_ex.o
 .ARM.attributes
                0x00000208       0x34 ./Drivers/STM32F4xx_HAL_Driver/Src/stm32f4xx_hal_dcmi.o
 .ARM.attributes
                0x0000023c       0x34 ./Drivers/STM32F4xx_HAL_Driver/Src/stm32f4xx_hal_dcmi_ex.o
 .ARM.attributes
                0x00000270       0x34 ./Drivers/STM32F4xx_HAL_Driver/Src/stm32f4xx_hal_dfsdm.o
 .ARM.attributes
                0x000002a4       0x34 ./Drivers/STM32F4xx_HAL_Driver/Src/stm32f4xx_hal_dma.o
 .ARM.attributes
                0x000002d8       0x34 ./Drivers/STM32F4xx_HAL_Driver/Src/stm32f4xx_hal_dma2d.o
 .ARM.attributes
                0x0000030c       0x34 ./Drivers/STM32F4xx_HAL_Driver/Src/stm32f4xx_hal_dma_ex.o
 .ARM.attributes
                0x00000340       0x34 ./Drivers/STM32F4xx_HAL_Driver/Src/stm32f4xx_hal_exti.o
 .ARM.attributes
                0x00000374       0x34 ./Drivers/STM32F4xx_HAL_Driver/Src/stm32f4xx_hal_gpio.o
 .ARM.attributes
                0x000003a8       0x34 ./Drivers/STM32F4xx_HAL_Driver/Src/stm32f4xx_hal_hash.o
 .ARM.attributes
                0x000003dc       0x34 ./Drivers/STM32F4xx_HAL_Driver/Src/stm32f4xx_hal_hash_ex.o
 .ARM.attributes
                0x00000410       0x34 ./Drivers/STM32F4xx_HAL_Driver/Src/stm32f4xx_hal_iwdg.o
 .ARM.attributes
                0x00000444       0x34 ./Drivers/STM32F4xx_HAL_Driver/Src/stm32f4xx_hal_mmc.o
 .ARM.attributes
                0x00000478       0x34 ./Drivers/STM32F4xx_HAL_Driver/Src/stm32f4xx_hal_nand.o
 .ARM.attributes
                0x000004ac       0x34 ./Drivers/STM32F4xx_HAL_Driver/Src/stm32f4xx_hal_nor.o
 .ARM.attributes
                0x000004e0       0x34 ./Drivers/STM32F4xx_HAL_Driver/Src/stm32f4xx_hal_pcd.o
 .ARM.attributes
[...]
                                0x1c9 (size before relaxing)
 .debug_str     0x0000312e       0x39 ./Drivers/STM32F4xx_HAL_Driver/Src/stm32f4xx_hal_uart.o
                                0x1c7 (size before relaxing)
 .debug_str     0x00003167       0x3a ./Drivers/STM32F4xx_HAL_Driver/Src/stm32f4xx_hal_usart.o
                                0x1c8 (size before relaxing)
 .debug_str     0x000031a1       0x39 ./Drivers/STM32F4xx_HAL_Driver/Src/stm32f4xx_hal_wwdg.o
                                0x1c7 (size before relaxing)
 .debug_str     0x000031da       0x37 ./Drivers/STM32F4xx_HAL_Driver/Src/stm32f4xx_ll_adc.o
                                0x135 (size before relaxing)
 .debug_str     0x00003211       0x37 ./Drivers/STM32F4xx_HAL_Driver/Src/stm32f4xx_ll_crc.o
                                0x135 (size before relaxing)
 .debug_str     0x00003248       0x37 ./Drivers/STM32F4xx_HAL_Driver/Src/stm32f4xx_ll_dac.o
                                0x135 (size before relaxing)
 .debug_str     0x0000327f       0x37 ./Drivers/STM32F4xx_HAL_Driver/Src/stm32f4xx_ll_dma.o
                                0x135 (size before relaxing)
 .debug_str     0x000032b6       0x39 ./Drivers/STM32F4xx_HAL_Driver/Src/stm32f4xx_ll_dma2d.o
                                0x137 (size before relaxing)
 .debug_str     0x000032ef       0x38 ./Drivers/STM32F4xx_HAL_Driver/Src/stm32f4xx_ll_exti.o
                                0x136 (size before relaxing)
 .debug_str     0x00003327       0x37 ./Drivers/STM32F4xx_HAL_Driver/Src/stm32f4xx_ll_fmc.o
                                0x1c5 (size before relaxing)
 .debug_str     0x0000335e       0x3a ./Drivers/STM32F4xx_HAL_Driver/Src/stm32f4xx_ll_fmpi2c.o
                                0x138 (size before relaxing)
 .debug_str     0x00003398       0x38 ./Drivers/STM32F4xx_HAL_Driver/Src/stm32f4xx_ll_fsmc.o
                                0x1c6 (size before relaxing)
 .debug_str     0x000033d0       0x38 ./Drivers/STM32F4xx_HAL_Driver/Src/stm32f4xx_ll_gpio.o
                                0x136 (size before relaxing)
 .debug_str     0x00003408       0x37 ./Drivers/STM32F4xx_HAL_Driver/Src/stm32f4xx_ll_i2c.o
                                0x135 (size before relaxing)
 .debug_str     0x0000343f       0x39 ./Drivers/STM32F4xx_HAL_Driver/Src/stm32f4xx_ll_lptim.o
                                0x137 (size before relaxing)
 .debug_str     0x00003478       0x37 ./Drivers/STM32F4xx_HAL_Driver/Src/stm32f4xx_ll_pwr.o
                                0x135 (size before relaxing)
 .debug_str     0x000034af       0x37 ./Drivers/STM32F4xx_HAL_Driver/Src/stm32f4xx_ll_rcc.o
                                0x135 (size before relaxing)
 .debug_str     0x000034e6       0x37 ./Drivers/STM32F4xx_HAL_Driver/Src/stm32f4xx_ll_rng.o
                                0x135 (size before relaxing)
 .debug_str     0x0000351d       0x37 ./Drivers/STM32F4xx_HAL_Driver/Src/stm32f4xx_ll_rtc.o
                                0x135 (size before relaxing)
 .debug_str     0x00003554       0x39 ./Drivers/STM32F4xx_HAL_Driver/Src/stm32f4xx_ll_sdmmc.o
                                0x1c7 (size before relaxing)
 .debug_str     0x0000358d       0x37 ./Drivers/STM32F4xx_HAL_Driver/Src/stm32f4xx_ll_spi.o
                                0x135 (size before relaxing)
 .debug_str     0x000035c4       0x37 ./Drivers/STM32F4xx_HAL_Driver/Src/stm32f4xx_ll_tim.o
                                0x135 (size before relaxing)
 .debug_str     0x000035fb       0x39 ./Drivers/STM32F4xx_HAL_Driver/Src/stm32f4xx_ll_usart.o
                                0x137 (size before relaxing)
 .debug_str     0x00003634       0x37 ./Drivers/STM32F4xx_HAL_Driver/Src/stm32f4xx_ll_usb.o
                                0x1c5 (size before relaxing)
 .debug_str     0x0000366b      0x38d ./Drivers/STM32F4xx_HAL_Driver/Src/stm32f4xx_ll_utils.o
                                0x723 (size before relaxing)
 .debug_str     0x000039f8       0x88 ./Core/Src/main.o
                                0xaa9 (size before relaxing)
 .debug_str     0x00003a80       0x20 ./Core/Src/stm32f4xx_hal_msp.o
                                0x7cc (size before relaxing)
 .debug_str     0x00003aa0       0xab ./Core/Src/stm32f4xx_it.o
                                0x245 (size before relaxing)
 .debug_str     0x00003b4b       0x4a ./Core/Src/system_stm32f4xx.o
                                0x38b (size before relaxing)
 .debug_str     0x00003b95       0xe8 e:/programms/gnu mcu eclipse/toolchain/arm-gnu-toolchain-12.2.mpacbti-bet1-mingw-w64-i686-arm-none-eabi/bin/../lib/gcc/arm-none-eabi/12.2.0/thumb/v7e-m+fp/hard\libgcc.a(_aeabi_uldivmod.o)
 .debug_str     0x00003c7d      0x5cb e:/programms/gnu mcu eclipse/toolchain/arm-gnu-toolchain-12.2.mpacbti-bet1-mingw-w64-i686-arm-none-eabi/bin/../lib/gcc/arm-none-eabi/12.2.0/thumb/v7e-m+fp/hard\libgcc.a(_udivmoddi4.o)
                                0x6e2 (size before relaxing)
 .debug_str     0x00004248       0x77 e:/programms/gnu mcu eclipse/toolchain/arm-gnu-toolchain-12.2.mpacbti-bet1-mingw-w64-i686-arm-none-eabi/bin/../lib/gcc/arm-none-eabi/12.2.0/thumb/v7e-m+fp/hard\libgcc.a(_dvmd_tls.o)
                                0x108 (size before relaxing)
 .debug_str     0x000042bf      0x170 e:/programms/gnu mcu eclipse/toolchain/arm-gnu-toolchain-12.2.mpacbti-bet1-mingw-w64-i686-arm-none-eabi/bin/../lib/gcc/arm-none-eabi/12.2.0/thumb/v7e-m+fp/hard\libg_nano.a(libc_a-memset.o)
                                0x213 (size before relaxing)

.comment        0x00000000       0x4c
 .comment       0x00000000       0x4c ./Lib/ili9341/fonts.o
                                 0x4d (size before relaxing)
 .comment       0x0000004c       0x4d ./Lib/ili9341/ili9341.o
 .comment       0x0000004c       0x4d ./Lib/ili9341/ili9341_touch.o
 .comment       0x0000004c       0x4d ./Drivers/STM32F4xx_HAL_Driver/Src/stm32f4xx_hal.o
 .comment       0x0000004c       0x4d ./Drivers/STM32F4xx_HAL_Driver/Src/stm32f4xx_hal_adc.o
 .comment       0x0000004c       0x4d ./Drivers/STM32F4xx_HAL_Driver/Src/stm32f4xx_hal_adc_ex.o
 .comment       0x0000004c       0x4d ./Drivers/STM32F4xx_HAL_Driver/Src/stm32f4xx_hal_can.o
 .comment       0x0000004c       0x4d ./Drivers/STM32F4xx_HAL_Driver/Src/stm32f4xx_hal_cortex.o
 .comment       0x0000004c       0x4d ./Drivers/STM32F4xx_HAL_Driver/Src/stm32f4xx_hal_dac.o
 .comment       0x0000004c       0x4d ./Drivers/STM32F4xx_HAL_Driver/Src/stm32f4xx_hal_dac_ex.o
 .comment       0x0000004c       0x4d ./Drivers/STM32F4xx_HAL_Driver/Src/stm32f4xx_hal_dcmi.o
 .comment       0x0000004c       0x4d ./Drivers/STM32F4xx_HAL_Driver/Src/stm32f4xx_hal_dcmi_ex.o
 .comment       0x0000004c       0x4d ./Drivers/STM32F4xx_HAL_Driver/Src/stm32f4xx_hal_dfsdm.o
 .comment       0x0000004c       0x4d ./Drivers/STM32F4xx_HAL_Driver/Src/stm32f4xx_hal_dma.o
 .comment       0x0000004c       0x4d ./Drivers/STM32F4xx_HAL_Driver/Src/stm32f4xx_hal_dma2d.o
 .comment       0x0000004c       0x4d ./Drivers/STM32F4xx_HAL_Driver/Src/stm32f4xx_hal_dma_ex.o
 .comment       0x0000004c       0x4d ./Drivers/STM32F4xx_HAL_Driver/Src/stm32f4xx_hal_exti.o
 .comment       0x0000004c       0x4d ./Drivers/STM32F4xx_HAL_Driver/Src/stm32f4xx_hal_gpio.o
 .comment       0x0000004c       0x4d ./Drivers/STM32F4xx_HAL_Driver/Src/stm32f4xx_hal_hash.o
 .comment       0x0000004c       0x4d ./Drivers/STM32F4xx_HAL_Driver/Src/stm32f4xx_hal_hash_ex.o
 .comment       0x0000004c       0x4d ./Drivers/STM32F4xx_HAL_Driver/Src/stm32f4xx_hal_iwdg.o
 .comment       0x0000004c       0x4d ./Drivers/STM32F4xx_HAL_Driver/Src/stm32f4xx_hal_mmc.o
 .comment       0x0000004c       0x4d ./Drivers/STM32F4xx_HAL_Driver/Src/stm32f4xx_hal_nand.o
 .comment       0x0000004c       0x4d ./Drivers/STM32F4xx_HAL_Driver/Src/stm32f4xx_hal_nor.o
 .comment       0x0000004c       0x4d ./Drivers/STM32F4xx_HAL_Driver/Src/stm32f4xx_hal_pcd.o
 .comment       0x0000004c       0x4d ./Drivers/STM32F4xx_HAL_Driver/Src/stm32f4xx_hal_pcd_ex.o
 .comment       0x0000004c       0x4d ./Drivers/STM32F4xx_HAL_Driver/Src/stm32f4xx_hal_pwr.o
 .comment       0x0000004c       0x4d ./Drivers/STM32F4xx_HAL_Driver/Src/stm32f4xx_hal_pwr_ex.o
 .comment       0x0000004c       0x4d ./Drivers/STM32F4xx_HAL_Driver/Src/stm32f4xx_hal_rcc.o
 .comment       0x0000004c       0x4d ./Drivers/STM32F4xx_HAL_Driver/Src/stm32f4xx_hal_rcc_ex.o
 .comment       0x0000004c       0x4d ./Drivers/STM32F4xx_HAL_Driver/Src/stm32f4xx_hal_rng.o
 .comment       0x0000004c       0x4d ./Drivers/STM32F4xx_HAL_Driver/Src/stm32f4xx_hal_rtc.o
 .comment       0x0000004c       0x4d ./Drivers/STM32F4xx_HAL_Driver/Src/stm32f4xx_hal_rtc_ex.o
 .comment       0x0000004c       0x4d ./Drivers/STM32F4xx_HAL_Driver/Src/stm32f4xx_hal_sai.o
 .comment       0x0000004c       0x4d ./Drivers/STM32F4xx_HAL_Driver/Src/stm32f4xx_hal_sd.o
 .comment       0x0000004c       0x4d ./Drivers/STM32F4xx_HAL_Driver/Src/stm32f4xx_hal_sdram.o
 .comment       0x0000004c       0x4d ./Drivers/STM32F4xx_HAL_Driver/Src/stm32f4xx_hal_smartcard.o
 .comment       0x0000004c       0x4d ./Drivers/STM32F4xx_HAL_Driver/Src/stm32f4xx_hal_smbus.o
 .comment       0x0000004c       0x4d ./Drivers/STM32F4xx_HAL_Driver/Src/stm32f4xx_hal_spdifrx.o
 .comment       0x0000004c       0x4d ./Drivers/STM32F4xx_HAL_Driver/Src/stm32f4xx_hal_spi.o
 .comment       0x0000004c       0x4d ./Drivers/STM32F4xx_HAL_Driver/Src/stm32f4xx_hal_sram.o
 .comment       0x0000004c       0x4d ./Drivers/STM32F4xx_HAL_Driver/Src/stm32f4xx_hal_tim.o
 .comment       0x0000004c       0x4d ./Drivers/STM32F4xx_HAL_Driver/Src/stm32f4xx_hal_tim_ex.o
 .comment       0x0000004c       0x4d ./Drivers/STM32F4xx_HAL_Driver/Src/stm32f4xx_hal_uart.o
 .comment       0x0000004c       0x4d ./Drivers/STM32F4xx_HAL_Driver/Src/stm32f4xx_hal_usart.o
 .comment       0x0000004c       0x4d ./Drivers/STM32F4xx_HAL_Driver/Src/stm32f4xx_hal_wwdg.o
 .comment       0x0000004c       0x4d ./Drivers/STM32F4xx_HAL_Driver/Src/stm32f4xx_ll_adc.o
 .comment       0x0000004c       0x4d ./Drivers/STM32F4xx_HAL_Driver/Src/stm32f4xx_ll_crc.o
 .comment       0x0000004c       0x4d ./Drivers/STM32F4xx_HAL_Driver/Src/stm32f4xx_ll_dac.o
 .comment       0x0000004c       0x4d ./Drivers/STM32F4xx_HAL_Driver/Src/stm32f4xx_ll_dma.o
 .comment       0x0000004c       0x4d ./Drivers/STM32F4xx_HAL_Driver/Src/stm32f4xx_ll_dma2d.o
 .comment       0x0000004c       0x4d ./Drivers/STM32F4xx_HAL_Driver/Src/stm32f4xx_ll_exti.o
 .comment       0x0000004c       0x4d ./Drivers/STM32F4xx_HAL_Driver/Src/stm32f4xx_ll_fmc.o
 .comment       0x0000004c       0x4d ./Drivers/STM32F4xx_HAL_Driver/Src/stm32f4xx_ll_fmpi2c.o
 .comment       0x0000004c       0x4d ./Drivers/STM32F4xx_HAL_Driver/Src/stm32f4xx_ll_fsmc.o
 .comment       0x0000004c       0x4d ./Drivers/STM32F4xx_HAL_Driver/Src/stm32f4xx_ll_gpio.o
 .comment       0x0000004c       0x4d ./Drivers/STM32F4xx_HAL_Driver/Src/stm32f4xx_ll_i2c.o
 .comment       0x0000004c       0x4d ./Drivers/STM32F4xx_HAL_Driver/Src/stm32f4xx_ll_lptim.o
 .comment       0x0000004c       0x4d ./Drivers/STM32F4xx_HAL_Driver/Src/stm32f4xx_ll_pwr.o
 .comment       0x0000004c       0x4d ./Drivers/STM32F4xx_HAL_Driver/Src/stm32f4xx_ll_rcc.o
 .comment       0x0000004c       0x4d ./Drivers/STM32F4xx_HAL_Driver/Src/stm32f4xx_ll_rng.o
 .comment       0x0000004c       0x4d ./Drivers/STM32F4xx_HAL_Driver/Src/stm32f4xx_ll_rtc.o
 .comment       0x0000004c       0x4d ./Drivers/STM32F4xx_HAL_Driver/Src/stm32f4xx_ll_sdmmc.o
 .comment       0x0000004c       0x4d ./Drivers/STM32F4xx_HAL_Driver/Src/stm32f4xx_ll_spi.o
 .comment       0x0000004c       0x4d ./Drivers/STM32F4xx_HAL_Driver/Src/stm32f4xx_ll_tim.o
 .comment       0x0000004c       0x4d ./Drivers/STM32F4xx_HAL_Driver/Src/stm32f4xx_ll_usart.o
 .comment       0x0000004c       0x4d ./Drivers/STM32F4xx_HAL_Driver/Src/stm32f4xx_ll_usb.o
 .comment       0x0000004c       0x4d ./Drivers/STM32F4xx_HAL_Driver/Src/stm32f4xx_ll_utils.o
 .comment       0x0000004c       0x4d ./Core/Src/main.o
 .comment       0x0000004c       0x4d ./Core/Src/stm32f4xx_hal_msp.o
 .comment       0x0000004c       0x4d ./Core/Src/stm32f4xx_it.o
 .comment       0x0000004c       0x4d ./Core/Src/system_stm32f4xx.o
 .comment       0x0000004c       0x4d e:/programms/gnu mcu eclipse/toolchain/arm-gnu-toolchain-12.2.mpacbti-bet1-mingw-w64-i686-arm-none-eabi/bin/../lib/gcc/arm-none-eabi/12.2.0/thumb/v7e-m+fp/hard\libgcc.a(_udivmoddi4.o)
 .comment       0x0000004c       0x4d e:/programms/gnu mcu eclipse/toolchain/arm-gnu-toolchain-12.2.mpacbti-bet1-mingw-w64-i686-arm-none-eabi/bin/../lib/gcc/arm-none-eabi/12.2.0/thumb/v7e-m+fp/hard\libg_nano.a(libc_a-memset.o)

.debug_loclists
                0x00000000     0x4304
 .debug_loclists
                0x00000000      0x3b3 ./Lib/ili9341/ili9341.o
 .debug_loclists
                0x000003b3       0xe2 ./Lib/ili9341/ili9341_touch.o
 .debug_loclists
                0x00000495       0xc9 ./Drivers/STM32F4xx_HAL_Driver/Src/stm32f4xx_hal.o
 .debug_loclists
                0x0000055e      0x439 ./Drivers/STM32F4xx_HAL_Driver/Src/stm32f4xx_hal_cortex.o
 .debug_loclists
                0x00000997      0x763 ./Drivers/STM32F4xx_HAL_Driver/Src/stm32f4xx_hal_dma.o
 .debug_loclists
                0x000010fa      0x296 ./Drivers/STM32F4xx_HAL_Driver/Src/stm32f4xx_hal_dma_ex.o
 .debug_loclists
                0x00001390      0x2b8 ./Drivers/STM32F4xx_HAL_Driver/Src/stm32f4xx_hal_exti.o
 .debug_loclists
                0x00001648      0x356 ./Drivers/STM32F4xx_HAL_Driver/Src/stm32f4xx_hal_gpio.o
 .debug_loclists
                0x0000199e       0x77 ./Drivers/STM32F4xx_HAL_Driver/Src/stm32f4xx_hal_pwr_ex.o
 .debug_loclists
                0x00001a15      0x3a9 ./Drivers/STM32F4xx_HAL_Driver/Src/stm32f4xx_hal_rcc.o
 .debug_loclists
                0x00001dbe      0x249 ./Drivers/STM32F4xx_HAL_Driver/Src/stm32f4xx_hal_rcc_ex.o
 .debug_loclists
                0x00002007     0x13a3 ./Drivers/STM32F4xx_HAL_Driver/Src/stm32f4xx_hal_spi.o
 .debug_loclists
                0x000033aa      0x3f3 ./Drivers/STM32F4xx_HAL_Driver/Src/stm32f4xx_ll_utils.o
 .debug_loclists
                0x0000379d       0x2c ./Core/Src/main.o
 .debug_loclists
                0x000037c9       0x5c ./Core/Src/stm32f4xx_hal_msp.o
 .debug_loclists
                0x00003825       0xdb ./Core/Src/system_stm32f4xx.o
 .debug_loclists
                0x00003900      0x9bd e:/programms/gnu mcu eclipse/toolchain/arm-gnu-toolchain-12.2.mpacbti-bet1-mingw-w64-i686-arm-none-eabi/bin/../lib/gcc/arm-none-eabi/12.2.0/thumb/v7e-m+fp/hard\libgcc.a(_udivmoddi4.o)
 .debug_loclists
                0x000042bd       0x47 e:/programms/gnu mcu eclipse/toolchain/arm-gnu-toolchain-12.2.mpacbti-bet1-mingw-w64-i686-arm-none-eabi/bin/../lib/gcc/arm-none-eabi/12.2.0/thumb/v7e-m+fp/hard\libg_nano.a(libc_a-memset.o)

.debug_rnglists
                0x00000000      0x759
 .debug_rnglists
                0x00000000       0x64 ./Lib/ili9341/ili9341.o
 .debug_rnglists
                0x00000064       0x32 ./Lib/ili9341/ili9341_touch.o
 .debug_rnglists
                0x00000096       0xaf ./Drivers/STM32F4xx_HAL_Driver/Src/stm32f4xx_hal.o
 .debug_rnglists
                0x00000145       0x9d ./Drivers/STM32F4xx_HAL_Driver/Src/stm32f4xx_hal_cortex.o
 .debug_rnglists
                0x000001e2       0x6c ./Drivers/STM32F4xx_HAL_Driver/Src/stm32f4xx_hal_dma.o
 .debug_rnglists
                0x0000024e       0x26 ./Drivers/STM32F4xx_HAL_Driver/Src/stm32f4xx_hal_dma_ex.o
 .debug_rnglists
                0x00000274       0x46 ./Drivers/STM32F4xx_HAL_Driver/Src/stm32f4xx_hal_exti.o
 .debug_rnglists
                0x000002ba       0x3f ./Drivers/STM32F4xx_HAL_Driver/Src/stm32f4xx_hal_gpio.o
 .debug_rnglists
                0x000002f9       0x74 ./Drivers/STM32F4xx_HAL_Driver/Src/stm32f4xx_hal_pwr.o
 .debug_rnglists
                0x0000036d       0x31 ./Drivers/STM32F4xx_HAL_Driver/Src/stm32f4xx_hal_pwr_ex.o
 .debug_rnglists
                0x0000039e       0x75 ./Drivers/STM32F4xx_HAL_Driver/Src/stm32f4xx_hal_rcc.o
 .debug_rnglists
                0x00000413       0x33 ./Drivers/STM32F4xx_HAL_Driver/Src/stm32f4xx_hal_rcc_ex.o
 .debug_rnglists
                0x00000446      0x169 ./Drivers/STM32F4xx_HAL_Driver/Src/stm32f4xx_hal_spi.o
 .debug_rnglists
                0x000005af       0x46 ./Drivers/STM32F4xx_HAL_Driver/Src/stm32f4xx_ll_utils.o
 .debug_rnglists
                0x000005f5       0x3a ./Core/Src/main.o
 .debug_rnglists
                0x0000062f       0x1f ./Core/Src/stm32f4xx_hal_msp.o
 .debug_rnglists
                0x0000064e       0x43 ./Core/Src/stm32f4xx_it.o
 .debug_rnglists
                0x00000691       0x1a ./Core/Src/system_stm32f4xx.o
 .debug_rnglists
                0x000006ab       0x9b e:/programms/gnu mcu eclipse/toolchain/arm-gnu-toolchain-12.2.mpacbti-bet1-mingw-w64-i686-arm-none-eabi/bin/../lib/gcc/arm-none-eabi/12.2.0/thumb/v7e-m+fp/hard\libgcc.a(_udivmoddi4.o)
 .debug_rnglists
                0x00000746       0x13 e:/programms/gnu mcu eclipse/toolchain/arm-gnu-toolchain-12.2.mpacbti-bet1-mingw-w64-i686-arm-none-eabi/bin/../lib/gcc/arm-none-eabi/12.2.0/thumb/v7e-m+fp/hard\libg_nano.a(libc_a-memset.o)

.debug_frame    0x00000000     0x16cc
 .debug_frame   0x00000000      0x200 ./Lib/ili9341/ili9341.o
 .debug_frame   0x00000200       0x88 ./Lib/ili9341/ili9341_touch.o
 .debug_frame   0x00000288      0x1ec ./Drivers/STM32F4xx_HAL_Driver/Src/stm32f4xx_hal.o
 .debug_frame   0x00000474      0x1cc ./Drivers/STM32F4xx_HAL_Driver/Src/stm32f4xx_hal_cortex.o
 .debug_frame   0x00000640      0x188 ./Drivers/STM32F4xx_HAL_Driver/Src/stm32f4xx_hal_dma.o
 .debug_frame   0x000007c8       0x74 ./Drivers/STM32F4xx_HAL_Driver/Src/stm32f4xx_hal_dma_ex.o
 .debug_frame   0x0000083c       0xd4 ./Drivers/STM32F4xx_HAL_Driver/Src/stm32f4xx_hal_exti.o
 .debug_frame   0x00000910       0xd8 ./Drivers/STM32F4xx_HAL_Driver/Src/stm32f4xx_hal_gpio.o
 .debug_frame   0x000009e8      0x138 ./Drivers/STM32F4xx_HAL_Driver/Src/stm32f4xx_hal_pwr.o
 .debug_frame   0x00000b20       0x90 ./Drivers/STM32F4xx_HAL_Driver/Src/stm32f4xx_hal_pwr_ex.o
 .debug_frame   0x00000bb0      0x16c ./Drivers/STM32F4xx_HAL_Driver/Src/stm32f4xx_hal_rcc.o
 .debug_frame   0x00000d1c       0xa4 ./Drivers/STM32F4xx_HAL_Driver/Src/stm32f4xx_hal_rcc_ex.o
 .debug_frame   0x00000dc0      0x5a4 ./Drivers/STM32F4xx_HAL_Driver/Src/stm32f4xx_hal_spi.o
 .debug_frame   0x00001364       0xd4 ./Drivers/STM32F4xx_HAL_Driver/Src/stm32f4xx_ll_utils.o
 .debug_frame   0x00001438       0xdc ./Core/Src/main.o
 .debug_frame   0x00001514       0x60 ./Core/Src/stm32f4xx_hal_msp.o
 .debug_frame   0x00001574       0xa8 ./Core/Src/stm32f4xx_it.o
 .debug_frame   0x0000161c       0x30 ./Core/Src/system_stm32f4xx.o
 .debug_frame   0x0000164c       0x2c e:/programms/gnu mcu eclipse/toolchain/arm-gnu-toolchain-12.2.mpacbti-bet1-mingw-w64-i686-arm-none-eabi/bin/../lib/gcc/arm-none-eabi/12.2.0/thumb/v7e-m+fp/hard\libgcc.a(_aeabi_uldivmod.o)
 .debug_frame   0x00001678       0x34 e:/programms/gnu mcu eclipse/toolchain/arm-gnu-toolchain-12.2.mpacbti-bet1-mingw-w64-i686-arm-none-eabi/bin/../lib/gcc/arm-none-eabi/12.2.0/thumb/v7e-m+fp/hard\libgcc.a(_udivmoddi4.o)
 .debug_frame   0x000016ac       0x20 e:/programms/gnu mcu eclipse/toolchain/arm-gnu-toolchain-12.2.mpacbti-bet1-mingw-w64-i686-arm-none-eabi/bin/../lib/gcc/arm-none-eabi/12.2.0/thumb/v7e-m+fp/hard\libg_nano.a(libc_a-memset.o)

.debug_line_str
                0x00000000       0xe5
 .debug_line_str
                0x00000000       0xd9 e:/programms/gnu mcu eclipse/toolchain/arm-gnu-toolchain-12.2.mpacbti-bet1-mingw-w64-i686-arm-none-eabi/bin/../lib/gcc/arm-none-eabi/12.2.0/thumb/v7e-m+fp/hard\libgcc.a(_aeabi_uldivmod.o)
 .debug_line_str
                0x000000d9        0xc e:/programms/gnu mcu eclipse/toolchain/arm-gnu-toolchain-12.2.mpacbti-bet1-mingw-w64-i686-arm-none-eabi/bin/../lib/gcc/arm-none-eabi/12.2.0/thumb/v7e-m+fp/hard\libgcc.a(_dvmd_tls.o)
                                 0xdd (size before relaxing)
