Archive member included to satisfy reference by file (symbol)

e:/programms/gnu_mcu_eclipse/toolchain/arm-gnu-toolchain-12.2.mpacbti-bet1-mingw-w64-i686-arm-none-eabi/bin/../lib/gcc/arm-none-eabi/12.2.0/thumb/v7e-m+fp/hard\libc.a(libc_a-exit.o)
                              e:/programms/gnu_mcu_eclipse/toolchain/arm-gnu-toolchain-12.2.mpacbti-bet1-mingw-w64-i686-arm-none-eabi/bin/../lib/gcc/arm-none-eabi/12.2.0/thumb/v7e-m+fp/hard/crt0.o (exit)
e:/programms/gnu_mcu_eclipse/toolchain/arm-gnu-toolchain-12.2.mpacbti-bet1-mingw-w64-i686-arm-none-eabi/bin/../lib/gcc/arm-none-eabi/12.2.0/thumb/v7e-m+fp/hard\libc.a(libc_a-findfp.o)
                              e:/programms/gnu_mcu_eclipse/toolchain/arm-gnu-toolchain-12.2.mpacbti-bet1-mingw-w64-i686-arm-none-eabi/bin/../lib/gcc/arm-none-eabi/12.2.0/thumb/v7e-m+fp/hard\libc.a(libc_a-exit.o) (__stdio_exit_handler)
e:/programms/gnu_mcu_eclipse/toolchain/arm-gnu-toolchain-12.2.mpacbti-bet1-mingw-w64-i686-arm-none-eabi/bin/../lib/gcc/arm-none-eabi/12.2.0/thumb/v7e-m+fp/hard\libc.a(libc_a-fwalk.o)
                              e:/programms/gnu_mcu_eclipse/toolchain/arm-gnu-toolchain-12.2.mpacbti-bet1-mingw-w64-i686-arm-none-eabi/bin/../lib/gcc/arm-none-eabi/12.2.0/thumb/v7e-m+fp/hard\libc.a(libc_a-findfp.o) (_fwalk_sglue)
e:/programms/gnu_mcu_eclipse/toolchain/arm-gnu-toolchain-12.2.mpacbti-bet1-mingw-w64-i686-arm-none-eabi/bin/../lib/gcc/arm-none-eabi/12.2.0/thumb/v7e-m+fp/hard\libc.a(libc_a-stdio.o)
                              e:/programms/gnu_mcu_eclipse/toolchain/arm-gnu-toolchain-12.2.mpacbti-bet1-mingw-w64-i686-arm-none-eabi/bin/../lib/gcc/arm-none-eabi/12.2.0/thumb/v7e-m+fp/hard\libc.a(libc_a-findfp.o) (__sread)
e:/programms/gnu_mcu_eclipse/toolchain/arm-gnu-toolchain-12.2.mpacbti-bet1-mingw-w64-i686-arm-none-eabi/bin/../lib/gcc/arm-none-eabi/12.2.0/thumb/v7e-m+fp/hard\libc.a(libc_a-memcmp.o)
                              build/lv_binfont_loader.o (memcmp)
e:/programms/gnu_mcu_eclipse/toolchain/arm-gnu-toolchain-12.2.mpacbti-bet1-mingw-w64-i686-arm-none-eabi/bin/../lib/gcc/arm-none-eabi/12.2.0/thumb/v7e-m+fp/hard\libc.a(libc_a-memset.o)
                              e:/programms/gnu_mcu_eclipse/toolchain/arm-gnu-toolchain-12.2.mpacbti-bet1-mingw-w64-i686-arm-none-eabi/bin/../lib/gcc/arm-none-eabi/12.2.0/thumb/v7e-m+fp/hard/crt0.o (memset)
e:/programms/gnu_mcu_eclipse/toolchain/arm-gnu-toolchain-12.2.mpacbti-bet1-mingw-w64-i686-arm-none-eabi/bin/../lib/gcc/arm-none-eabi/12.2.0/thumb/v7e-m+fp/hard\libc.a(libc_a-closer.o)
                              e:/programms/gnu_mcu_eclipse/toolchain/arm-gnu-toolchain-12.2.mpacbti-bet1-mingw-w64-i686-arm-none-eabi/bin/../lib/gcc/arm-none-eabi/12.2.0/thumb/v7e-m+fp/hard\libc.a(libc_a-stdio.o) (_close_r)
e:/programms/gnu_mcu_eclipse/toolchain/arm-gnu-toolchain-12.2.mpacbti-bet1-mingw-w64-i686-arm-none-eabi/bin/../lib/gcc/arm-none-eabi/12.2.0/thumb/v7e-m+fp/hard\libc.a(libc_a-reent.o)
                              e:/programms/gnu_mcu_eclipse/toolchain/arm-gnu-toolchain-12.2.mpacbti-bet1-mingw-w64-i686-arm-none-eabi/bin/../lib/gcc/arm-none-eabi/12.2.0/thumb/v7e-m+fp/hard\libc.a(libc_a-closer.o) (errno)
e:/programms/gnu_mcu_eclipse/toolchain/arm-gnu-toolchain-12.2.mpacbti-bet1-mingw-w64-i686-arm-none-eabi/bin/../lib/gcc/arm-none-eabi/12.2.0/thumb/v7e-m+fp/hard\libc.a(libc_a-impure.o)
                              e:/programms/gnu_mcu_eclipse/toolchain/arm-gnu-toolchain-12.2.mpacbti-bet1-mingw-w64-i686-arm-none-eabi/bin/../lib/gcc/arm-none-eabi/12.2.0/thumb/v7e-m+fp/hard\libc.a(libc_a-reent.o) (_impure_ptr)
e:/programms/gnu_mcu_eclipse/toolchain/arm-gnu-toolchain-12.2.mpacbti-bet1-mingw-w64-i686-arm-none-eabi/bin/../lib/gcc/arm-none-eabi/12.2.0/thumb/v7e-m+fp/hard\libc.a(libc_a-lseekr.o)
                              e:/programms/gnu_mcu_eclipse/toolchain/arm-gnu-toolchain-12.2.mpacbti-bet1-mingw-w64-i686-arm-none-eabi/bin/../lib/gcc/arm-none-eabi/12.2.0/thumb/v7e-m+fp/hard\libc.a(libc_a-stdio.o) (_lseek_r)
e:/programms/gnu_mcu_eclipse/toolchain/arm-gnu-toolchain-12.2.mpacbti-bet1-mingw-w64-i686-arm-none-eabi/bin/../lib/gcc/arm-none-eabi/12.2.0/thumb/v7e-m+fp/hard\libc.a(libc_a-readr.o)
                              e:/programms/gnu_mcu_eclipse/toolchain/arm-gnu-toolchain-12.2.mpacbti-bet1-mingw-w64-i686-arm-none-eabi/bin/../lib/gcc/arm-none-eabi/12.2.0/thumb/v7e-m+fp/hard\libc.a(libc_a-stdio.o) (_read_r)
e:/programms/gnu_mcu_eclipse/toolchain/arm-gnu-toolchain-12.2.mpacbti-bet1-mingw-w64-i686-arm-none-eabi/bin/../lib/gcc/arm-none-eabi/12.2.0/thumb/v7e-m+fp/hard\libc.a(libc_a-writer.o)
                              e:/programms/gnu_mcu_eclipse/toolchain/arm-gnu-toolchain-12.2.mpacbti-bet1-mingw-w64-i686-arm-none-eabi/bin/../lib/gcc/arm-none-eabi/12.2.0/thumb/v7e-m+fp/hard\libc.a(libc_a-stdio.o) (_write_r)
e:/programms/gnu_mcu_eclipse/toolchain/arm-gnu-toolchain-12.2.mpacbti-bet1-mingw-w64-i686-arm-none-eabi/bin/../lib/gcc/arm-none-eabi/12.2.0/thumb/v7e-m+fp/hard\libc.a(libc_a-init.o)
[...]
Memory Configuration

Name             Origin             Length             Attributes
RAM              0x20000000         0x00020000         xrw
CCMRAM           0x10000000         0x00010000         xrw
FLASH            0x08000000         0x00080000         xr
*default*        0x00000000         0xffffffff

Linker script and memory map

LOAD e:/programms/gnu_mcu_eclipse/toolchain/arm-gnu-toolchain-12.2.mpacbti-bet1-mingw-w64-i686-arm-none-eabi/bin/../lib/gcc/arm-none-eabi/12.2.0/thumb/v7e-m+fp/hard/crti.o
LOAD e:/programms/gnu_mcu_eclipse/toolchain/arm-gnu-toolchain-12.2.mpacbti-bet1-mingw-w64-i686-arm-none-eabi/bin/../lib/gcc/arm-none-eabi/12.2.0/thumb/v7e-m+fp/hard/crtbegin.o
LOAD e:/programms/gnu_mcu_eclipse/toolchain/arm-gnu-toolchain-12.2.mpacbti-bet1-mingw-w64-i686-arm-none-eabi/bin/../lib/gcc/arm-none-eabi/12.2.0/thumb/v7e-m+fp/hard/crt0.o
LOAD build/main.o
LOAD build/stm32f4xx_it.o
LOAD build/stm32f4xx_hal_msp.o
LOAD build/stm32f4xx_hal_spi.o
LOAD build/stm32f4xx_hal_rcc.o
LOAD build/stm32f4xx_hal_rcc_ex.o
LOAD build/stm32f4xx_hal_flash.o
LOAD build/stm32f4xx_hal_flash_ex.o
LOAD build/stm32f4xx_hal_flash_ramfunc.o
LOAD build/stm32f4xx_hal_gpio.o
LOAD build/stm32f4xx_hal_dma_ex.o
LOAD build/stm32f4xx_hal_dma.o
LOAD build/stm32f4xx_hal_pwr.o
LOAD build/stm32f4xx_hal_pwr_ex.o
LOAD build/stm32f4xx_hal_cortex.o
LOAD build/stm32f4xx_hal.o
LOAD build/stm32f4xx_hal_exti.o
LOAD build/stm32f4xx_hal_tim.o
LOAD build/stm32f4xx_hal_tim_ex.o
LOAD build/system_stm32f4xx.o
LOAD build/fonts.o
LOAD build/ili9341.o
LOAD build/lv_tick.o
LOAD build/lv_init.o
LOAD build/lv_display.o
LOAD build/lv_mem.o
LOAD build/lv_mem_core_builtin.o
LOAD build/lv_string_builtin.o
LOAD build/lv_sprintf_builtin.o
LOAD build/lv_tlsf.o
LOAD build/lv_ll.o
LOAD build/lv_event.o
LOAD build/lv_anim.o
LOAD build/lv_array.o
LOAD build/lv_area.o
LOAD build/lv_async.o
LOAD build/lv_style.o
LOAD build/lv_style_gen.o
LOAD build/lv_fs.o
LOAD build/lv_timer.o
LOAD build/lv_text.o
LOAD build/lv_color.o
LOAD build/lv_utils.o
LOAD build/lv_palette.o
LOAD build/lv_math.o
LOAD build/lv_anim_timeline.o
LOAD build/lv_cache.o
LOAD build/lv_cache_entry.o
LOAD build/lv_obj_scroll.o
LOAD build/lv_obj_class.o
LOAD build/lv_obj.o
LOAD build/lv_group.o
LOAD build/lv_obj_style.o
LOAD build/lv_obj_style_gen.o
LOAD build/lv_obj_tree.o
LOAD build/lv_obj_draw.o
LOAD build/lv_obj_event.o
LOAD build/lv_obj_pos.o
LOAD build/lv_refr.o
LOAD build/lv_indev.o
LOAD build/lv_layout.o
LOAD build/lv_grid.o
LOAD build/lv_flex.o
LOAD build/lv_draw_sw_img.o
LOAD build/lv_draw_sw_triangle.o
LOAD build/lv_draw_sw_vector.o
LOAD build/lv_draw_sw_line.o
LOAD build/lv_draw_sw_letter.o
LOAD build/lv_draw_sw_border.o
LOAD build/lv_draw_sw_arc.o
LOAD build/lv_draw_sw_box_shadow.o
LOAD build/lv_draw_sw_fill.o
LOAD build/lv_draw_sw_gradient.o
LOAD build/lv_draw_sw_mask.o
LOAD build/lv_draw_sw_mask_rect.o
LOAD build/lv_draw_sw_transform.o
LOAD build/lv_draw_sw.o
LOAD build/lv_draw_sw_blend.o
LOAD build/lv_draw_sw_blend_to_argb8888.o
LOAD build/lv_draw_sw_blend_to_rgb888.o
LOAD build/lv_draw_sw_blend_to_rgb565.o
LOAD build/lv_image_buf.o
LOAD build/lv_image_decoder.o
LOAD build/lv_draw_arc.o
LOAD build/lv_draw_line.o
LOAD build/lv_draw_mask.o
LOAD build/lv_draw_image.o
LOAD build/lv_draw_buf.o
LOAD build/lv_draw_label.o
LOAD build/lv_draw_rect.o
LOAD build/lv_draw.o
LOAD build/lv_font.o
LOAD build/lv_binfont_loader.o
LOAD build/lv_font_montserrat_8.o
LOAD build/lv_font_montserrat_10.o
LOAD build/lv_font_montserrat_12.o
LOAD build/lv_font_montserrat_14.o
LOAD build/lv_font_montserrat_16.o
LOAD build/lv_font_montserrat_18.o
LOAD build/lv_font_montserrat_20.o
LOAD build/lv_font_montserrat_22.o
LOAD build/lv_font_montserrat_24.o
LOAD build/lv_font_montserrat_26.o
LOAD build/lv_font_montserrat_28_compressed.o
LOAD build/lv_font_montserrat_28.o
LOAD build/lv_font_montserrat_30.o
LOAD build/lv_font_montserrat_32.o
LOAD build/lv_font_montserrat_34.o
LOAD build/lv_font_montserrat_36.o
LOAD build/lv_font_montserrat_38.o
LOAD build/lv_font_montserrat_40.o
LOAD build/lv_font_montserrat_42.o
LOAD build/lv_font_montserrat_44.o
LOAD build/lv_font_montserrat_46.o
LOAD build/lv_font_montserrat_48.o
LOAD build/lv_font_simsun_16_cjk.o
LOAD build/lv_font_unscii_8.o
LOAD build/lv_font_unscii_16.o
LOAD build/lv_font_fmt_txt.o
LOAD build/lv_theme.o
LOAD build/lv_theme_default.o
LOAD build/lv_animimage.o
LOAD build/lv_arc.o
LOAD build/lv_bar.o
LOAD build/lv_button.o
LOAD build/lv_buttonmatrix.o
LOAD build/lv_calendar_header_arrow.o
LOAD build/lv_calendar_header_dropdown.o
LOAD build/lv_calendar.o
LOAD build/lv_canvas.o
LOAD build/lv_chart.o
LOAD build/lv_checkbox.o
LOAD build/lv_dropdown.o
LOAD build/lv_image.o
LOAD build/lv_imagebutton.o
LOAD build/lv_keyboard.o
LOAD build/lv_label.o
LOAD build/lv_led.o
LOAD build/lv_line.o
LOAD build/lv_list.o
LOAD build/lv_menu.o
LOAD build/lv_msgbox.o
LOAD build/lv_objx_templ.o
LOAD build/lv_roller.o
LOAD build/lv_scale.o
LOAD build/lv_slider.o
LOAD build/lv_span.o
LOAD build/lv_spinbox.o
LOAD build/lv_spinner.o
LOAD build/lv_switch.o
LOAD build/lv_table.o
LOAD build/lv_tabview.o
LOAD build/lv_textarea.o
LOAD build/lv_tileview.o
LOAD build/lv_win.o
LOAD build/lv_bin_decoder.o
LOAD build/lv_os_none.o
LOAD build/startup_stm32f407xx.o
LOAD e:/programms/gnu_mcu_eclipse/toolchain/arm-gnu-toolchain-12.2.mpacbti-bet1-mingw-w64-i686-arm-none-eabi/bin/../lib/gcc/arm-none-eabi/12.2.0/thumb/v7e-m+fp/hard\libc.a
LOAD e:/programms/gnu_mcu_eclipse/toolchain/arm-gnu-toolchain-12.2.mpacbti-bet1-mingw-w64-i686-arm-none-eabi/bin/../lib/gcc/arm-none-eabi/12.2.0/thumb/v7e-m+fp/hard\libm.a
LOAD e:/programms/gnu_mcu_eclipse/toolchain/arm-gnu-toolchain-12.2.mpacbti-bet1-mingw-w64-i686-arm-none-eabi/bin/../lib/gcc/arm-none-eabi/12.2.0/thumb/v7e-m+fp/hard\libnosys.a
START GROUP
LOAD e:/programms/gnu_mcu_eclipse/toolchain/arm-gnu-toolchain-12.2.mpacbti-bet1-mingw-w64-i686-arm-none-eabi/bin/../lib/gcc/arm-none-eabi/12.2.0/thumb/v7e-m+fp/hard\libgcc.a
LOAD e:/programms/gnu_mcu_eclipse/toolchain/arm-gnu-toolchain-12.2.mpacbti-bet1-mingw-w64-i686-arm-none-eabi/bin/../lib/gcc/arm-none-eabi/12.2.0/thumb/v7e-m+fp/hard\libc.a
END GROUP
START GROUP
LOAD e:/programms/gnu_mcu_eclipse/toolchain/arm-gnu-toolchain-12.2.mpacbti-bet1-mingw-w64-i686-arm-none-eabi/bin/../lib/gcc/arm-none-eabi/12.2.0/thumb/v7e-m+fp/hard\libgcc.a
LOAD e:/programms/gnu_mcu_eclipse/toolchain/arm-gnu-toolchain-12.2.mpacbti-bet1-mingw-w64-i686-arm-none-eabi/bin/../lib/gcc/arm-none-eabi/12.2.0/thumb/v7e-m+fp/hard\libc.a
LOAD e:/programms/gnu_mcu_eclipse/toolchain/arm-gnu-toolchain-12.2.mpacbti-bet1-mingw-w64-i686-arm-none-eabi/bin/../lib/gcc/arm-none-eabi/12.2.0/thumb/v7e-m+fp/hard\libnosys.a
END GROUP
LOAD e:/programms/gnu_mcu_eclipse/toolchain/arm-gnu-toolchain-12.2.mpacbti-bet1-mingw-w64-i686-arm-none-eabi/bin/../lib/gcc/arm-none-eabi/12.2.0/thumb/v7e-m+fp/hard/crtend.o
LOAD e:/programms/gnu_mcu_eclipse/toolchain/arm-gnu-toolchain-12.2.mpacbti-bet1-mingw-w64-i686-arm-none-eabi/bin/../lib/gcc/arm-none-eabi/12.2.0/thumb/v7e-m+fp/hard/crtn.o
                0x20020000                        _estack = (ORIGIN (RAM) + LENGTH (RAM))
                0x00000200                        _Min_Heap_Size = 0x200
                0x00000400                        _Min_Stack_Size = 0x400

.isr_vector     0x08000000      0x188
                0x08000000                        . = ALIGN (0x4)
 *(.isr_vector)
 .isr_vector    0x08000000      0x188 build/startup_stm32f407xx.o
                0x08000000                g_pfnVectors
                0x08000188                        . = ALIGN (0x4)

.text           0x080001a0    0x2a948
                0x080001a0                        . = ALIGN (0x4)
 *(.text)
 .text          0x080001a0      0x2dc e:/programms/gnu_mcu_eclipse/toolchain/arm-gnu-toolchain-12.2.mpacbti-bet1-mingw-w64-i686-arm-none-eabi/bin/../lib/gcc/arm-none-eabi/12.2.0/thumb/v7e-m+fp/hard\libc.a(libc_a-strcmp.o)
                0x080001a8                strcmp
 .text          0x0800047c      0x134 e:/programms/gnu_mcu_eclipse/toolchain/arm-gnu-toolchain-12.2.mpacbti-bet1-mingw-w64-i686-arm-none-eabi/bin/../lib/gcc/arm-none-eabi/12.2.0/thumb/v7e-m+fp/hard\libc.a(libc_a-memcpy.o)
                0x0800047c                memcpy
 .text          0x080005b0       0xa0 e:/programms/gnu_mcu_eclipse/toolchain/arm-gnu-toolchain-12.2.mpacbti-bet1-mingw-w64-i686-arm-none-eabi/bin/../lib/gcc/arm-none-eabi/12.2.0/thumb/v7e-m+fp/hard\libgcc.a(_aeabi_ldivmod.o)
                0x080005b0                __aeabi_ldivmod
 .text          0x08000650       0x30 e:/programms/gnu_mcu_eclipse/toolchain/arm-gnu-toolchain-12.2.mpacbti-bet1-mingw-w64-i686-arm-none-eabi/bin/../lib/gcc/arm-none-eabi/12.2.0/thumb/v7e-m+fp/hard\libgcc.a(_aeabi_uldivmod.o)
                0x08000650                __aeabi_uldivmod
 .text          0x08000680        0x4 e:/programms/gnu_mcu_eclipse/toolchain/arm-gnu-toolchain-12.2.mpacbti-bet1-mingw-w64-i686-arm-none-eabi/bin/../lib/gcc/arm-none-eabi/12.2.0/thumb/v7e-m+fp/hard\libgcc.a(_dvmd_tls.o)
                0x08000680                __aeabi_idiv0
                0x08000680                __aeabi_ldiv0
 *(.text*)
 .text.deregister_tm_clones
                0x08000684       0x1c e:/programms/gnu_mcu_eclipse/toolchain/arm-gnu-toolchain-12.2.mpacbti-bet1-mingw-w64-i686-arm-none-eabi/bin/../lib/gcc/arm-none-eabi/12.2.0/thumb/v7e-m+fp/hard/crtbegin.o
 .text.register_tm_clones
                0x080006a0       0x24 e:/programms/gnu_mcu_eclipse/toolchain/arm-gnu-toolchain-12.2.mpacbti-bet1-mingw-w64-i686-arm-none-eabi/bin/../lib/gcc/arm-none-eabi/12.2.0/thumb/v7e-m+fp/hard/crtbegin.o
 .text.__do_global_dtors_aux
                0x080006c4       0x28 e:/programms/gnu_mcu_eclipse/toolchain/arm-gnu-toolchain-12.2.mpacbti-bet1-mingw-w64-i686-arm-none-eabi/bin/../lib/gcc/arm-none-eabi/12.2.0/thumb/v7e-m+fp/hard/crtbegin.o
 .text.frame_dummy
                0x080006ec       0x24 e:/programms/gnu_mcu_eclipse/toolchain/arm-gnu-toolchain-12.2.mpacbti-bet1-mingw-w64-i686-arm-none-eabi/bin/../lib/gcc/arm-none-eabi/12.2.0/thumb/v7e-m+fp/hard/crtbegin.o
 .text.my_disp_flush
                0x08000710       0x54 build/main.o
                0x08000710                my_disp_flush
 .text.btn_stop_event_handler
                0x08000764       0x14 build/main.o
 .text.btn_del_event_handler
                0x08000778       0x18 build/main.o
 .text.MX_GPIO_Init
                0x08000790       0xf8 build/main.o
 .text.lv_screen_active
                0x08000888        0xc build/main.o
 .text.anim_timeline_create
                0x08000894      0x18c build/main.o
 .text.slider_prg_event_handler
                0x08000a20       0x2c build/main.o
 .text.btn_start_event_handler
                0x08000a4c       0x34 build/main.o
 .text.set_height
                0x08000a80        0x8 build/main.o
 .text.set_width
                0x08000a88        0x8 build/main.o
 .text.init     0x08000a90        0xc build/main.o
                0x08000a90                init
 .text.Error_Handler
                0x08000a9c        0x4 build/main.o
                0x08000a9c                Error_Handler
 .text.MX_SPI1_Init
                0x08000aa0       0x40 build/main.o
 .text.SystemClock_Config
                0x08000ae0       0xa8 build/main.o
                0x08000ae0                SystemClock_Config
 .text.main     0x08000b88      0x214 build/main.o
                0x08000b88                main
 .text.NMI_Handler
                0x08000d9c        0x2 build/stm32f4xx_it.o
                0x08000d9c                NMI_Handler
 .text.HardFault_Handler
                0x08000d9e        0x2 build/stm32f4xx_it.o
                0x08000d9e                HardFault_Handler
 .text.MemManage_Handler
                0x08000da0        0x2 build/stm32f4xx_it.o
                0x08000da0                MemManage_Handler
 .text.BusFault_Handler
                0x08000da2        0x2 build/stm32f4xx_it.o
                0x08000da2                BusFault_Handler
 .text.UsageFault_Handler
                0x08000da4        0x2 build/stm32f4xx_it.o
                0x08000da4                UsageFault_Handler
 .text.SVC_Handler
                0x08000da6        0x2 build/stm32f4xx_it.o
                0x08000da6                SVC_Handler
 .text.DebugMon_Handler
                0x08000da8        0x2 build/stm32f4xx_it.o
                0x08000da8                DebugMon_Handler
 .text.PendSV_Handler
                0x08000daa        0x2 build/stm32f4xx_it.o
                0x08000daa                PendSV_Handler
 .text.SysTick_Handler
                0x08000dac        0xe build/stm32f4xx_it.o
                0x08000dac                SysTick_Handler
 *fill*         0x08000dba        0x2 
 .text.HAL_MspInit
                0x08000dbc       0x38 build/stm32f4xx_hal_msp.o
                0x08000dbc                HAL_MspInit
 .text.HAL_SPI_MspInit
                0x08000df4       0x70 build/stm32f4xx_hal_msp.o
                0x08000df4                HAL_SPI_MspInit
 .text.SPI_WaitFlagStateUntilTimeout
                0x08000e64       0xc8 build/stm32f4xx_hal_spi.o
 .text.SPI_EndRxTxTransaction
                0x08000f2c       0x68 build/stm32f4xx_hal_spi.o
 .text.HAL_SPI_Init
                0x08000f94       0xbe build/stm32f4xx_hal_spi.o
                0x08000f94                HAL_SPI_Init
 .text.HAL_SPI_Transmit
                0x08001052      0x1b8 build/stm32f4xx_hal_spi.o
                0x08001052                HAL_SPI_Transmit
 *fill*         0x0800120a        0x2 
 .text.HAL_RCC_OscConfig
                0x0800120c      0x3f8 build/stm32f4xx_hal_rcc.o
                0x0800120c                HAL_RCC_OscConfig
 .text.HAL_RCC_GetSysClockFreq
                0x08001604       0xdc build/stm32f4xx_hal_rcc.o
                0x08001604                HAL_RCC_GetSysClockFreq
 .text.HAL_RCC_ClockConfig
                0x080016e0      0x160 build/stm32f4xx_hal_rcc.o
                0x080016e0                HAL_RCC_ClockConfig
 .text.HAL_GPIO_Init
                0x08001840      0x1ec build/stm32f4xx_hal_gpio.o
                0x08001840                HAL_GPIO_Init
 .text.HAL_GPIO_WritePin
                0x08001a2c        0xc build/stm32f4xx_hal_gpio.o
                0x08001a2c                HAL_GPIO_WritePin
 .text.__NVIC_SetPriority
                0x08001a38       0x28 build/stm32f4xx_hal_cortex.o
 .text.NVIC_EncodePriority
                0x08001a60       0x3e build/stm32f4xx_hal_cortex.o
 *fill*         0x08001a9e        0x2 
 .text.HAL_NVIC_SetPriorityGrouping
                0x08001aa0       0x24 build/stm32f4xx_hal_cortex.o
                0x08001aa0                HAL_NVIC_SetPriorityGrouping
 .text.HAL_NVIC_SetPriority
                0x08001ac4       0x20 build/stm32f4xx_hal_cortex.o
                0x08001ac4                HAL_NVIC_SetPriority
 .text.HAL_SYSTICK_Config
                0x08001ae4       0x28 build/stm32f4xx_hal_cortex.o
                0x08001ae4                HAL_SYSTICK_Config
 .text.HAL_InitTick
                0x08001b0c       0x4c build/stm32f4xx_hal.o
                0x08001b0c                HAL_InitTick
 .text.HAL_Init
                0x08001b58       0x34 build/stm32f4xx_hal.o
                0x08001b58                HAL_Init
 .text.HAL_IncTick
                0x08001b8c       0x18 build/stm32f4xx_hal.o
                0x08001b8c                HAL_IncTick
 .text.HAL_GetTick
                0x08001ba4        0xc build/stm32f4xx_hal.o
                0x08001ba4                HAL_GetTick
 .text.HAL_Delay
                0x08001bb0       0x28 build/stm32f4xx_hal.o
                0x08001bb0                HAL_Delay
 .text.SystemInit
                0x08001bd8       0x14 build/system_stm32f4xx.o
                0x08001bd8                SystemInit
 .text.ILI9341_Select
                0x08001bec       0x14 build/ili9341.o
 .text.ILI9341_Reset
                0x08001c00       0x24 build/ili9341.o
 .text.ILI9341_WriteCommand
                0x08001c24       0x34 build/ili9341.o
 .text.ILI9341_WriteData
                0x08001c58       0x44 build/ili9341.o
 .text.ILI9341_SetAddressWindow
                0x08001c9c       0x5e build/ili9341.o
 *fill*         0x08001cfa        0x2 
 .text.ILI9341_Unselect
                0x08001cfc       0x14 build/ili9341.o
                0x08001cfc                ILI9341_Unselect
 .text.ILI9341_Init
                0x08001d10      0x1f8 build/ili9341.o
                0x08001d10                ILI9341_Init
 .text.ILI9341_DrawImage
                0x08001f08       0x54 build/ili9341.o
                0x08001f08                ILI9341_DrawImage
 .text.lv_tick_inc
                0x08001f5c       0x18 build/lv_tick.o
                0x08001f5c                lv_tick_inc
 .text.lv_tick_get
                0x08001f74       0x28 build/lv_tick.o
                0x08001f74                lv_tick_get
 .text.lv_tick_elaps
                0x08001f9c       0x14 build/lv_tick.o
                0x08001f9c                lv_tick_elaps
 .text.lv_global_init
                0x08001fb0       0x54 build/lv_init.o
 .text.lv_init  0x08002004       0x54 build/lv_init.o
                0x08002004                lv_init
 .text.disp_event_cb
                0x08002058       0x24 build/lv_display.o
 .text.invalidate_layout_cb
                0x0800207c        0xa build/lv_display.o
 *fill*         0x08002086        0x2 
 .text.lv_display_get_default
                0x08002088        0xc build/lv_display.o
                0x08002088                lv_display_get_default
 .text.lv_display_get_next
                0x08002094       0x1c build/lv_display.o
                0x08002094                lv_display_get_next
 .text.lv_display_get_horizontal_resolution
                0x080020b0       0x2c build/lv_display.o
                0x080020b0                lv_display_get_horizontal_resolution
 .text.lv_display_get_vertical_resolution
                0x080020dc       0x2c build/lv_display.o
                0x080020dc                lv_display_get_vertical_resolution
 .text.lv_display_get_dpi
                0x08002108       0x18 build/lv_display.o
                0x08002108                lv_display_get_dpi
 .text.lv_display_set_draw_buffers
                0x08002120       0x1e build/lv_display.o
                0x08002120                lv_display_set_draw_buffers
 .text.lv_display_set_flush_cb
                0x0800213e       0x18 build/lv_display.o
                0x0800213e                lv_display_set_flush_cb
 .text.lv_display_get_color_format
                0x08002156       0x1a build/lv_display.o
                0x08002156                lv_display_get_color_format
 .text.lv_display_flush_ready
                0x08002170        0x6 build/lv_display.o
                0x08002170                lv_display_flush_ready
 .text.lv_display_is_double_buffered
                0x08002176        0xa build/lv_display.o
                0x08002176                lv_display_is_double_buffered
 .text.lv_display_get_screen_active
                0x08002180       0x18 build/lv_display.o
                0x08002180                lv_display_get_screen_active
 .text.lv_display_get_screen_prev
                0x08002198       0x18 build/lv_display.o
                0x08002198                lv_display_get_screen_prev
 .text.lv_display_get_layer_top
                0x080021b0       0x18 build/lv_display.o
                0x080021b0                lv_display_get_layer_top
 .text.lv_display_get_layer_sys
                0x080021c8       0x18 build/lv_display.o
                0x080021c8                lv_display_get_layer_sys
 .text.lv_display_get_layer_bottom
                0x080021e0       0x18 build/lv_display.o
                0x080021e0                lv_display_get_layer_bottom
 .text.lv_display_add_event_cb
                0x080021f8       0x10 build/lv_display.o
                0x080021f8                lv_display_add_event_cb
 .text.lv_display_create
                0x08002208      0x1c8 build/lv_display.o
                0x08002208                lv_display_create
 .text.lv_display_send_event
                0x080023d0       0x40 build/lv_display.o
                0x080023d0                lv_display_send_event
 .text.update_resolution
                0x08002410      0x10c build/lv_display.o
 .text.lv_display_set_rotation
                0x0800251c       0x28 build/lv_display.o
                0x0800251c                lv_display_set_rotation
 .text.lv_display_get_theme
                0x08002544       0x14 build/lv_display.o
                0x08002544                lv_display_get_theme
 .text.lv_display_enable_invalidation
                0x08002558       0x2a build/lv_display.o
                0x08002558                lv_display_enable_invalidation
 .text.lv_display_is_invalidation_enabled
                0x08002582       0x22 build/lv_display.o
                0x08002582                lv_display_is_invalidation_enabled
 .text.lv_malloc
                0x080025a4       0x14 build/lv_mem.o
                0x080025a4                lv_malloc
 .text.lv_malloc_zeroed
                0x080025b8       0x24 build/lv_mem.o
                0x080025b8                lv_malloc_zeroed
 .text.lv_free  0x080025dc       0x14 build/lv_mem.o
                0x080025dc                lv_free
 .text.lv_realloc
                0x080025f0       0x24 build/lv_mem.o
                0x080025f0                lv_realloc
 .text.lv_mem_init
                0x08002614       0x40 build/lv_mem_core_builtin.o
                0x08002614                lv_mem_init
 .text.lv_malloc_core
                0x08002654       0x2c build/lv_mem_core_builtin.o
                0x08002654                lv_malloc_core
 .text.lv_realloc_core
                0x08002680       0x18 build/lv_mem_core_builtin.o
                0x08002680                lv_realloc_core
 .text.lv_free_core
                0x08002698       0x2c build/lv_mem_core_builtin.o
                0x08002698                lv_free_core
 .text.lv_memcpy
                0x080026c4      0x12a build/lv_string_builtin.o
                0x080026c4                lv_memcpy
 .text.lv_memset
                0x080027ee       0x4e build/lv_string_builtin.o
                0x080027ee                lv_memset
 .text.lv_strlen
                0x0800283c       0x10 build/lv_string_builtin.o
                0x0800283c                lv_strlen
 .text.lv_strcpy
                0x0800284c       0x14 build/lv_string_builtin.o
                0x0800284c                lv_strcpy
 .text.lv_strcmp
                0x08002860       0x16 build/lv_string_builtin.o
                0x08002860                lv_strcmp
 .text.lv_strdup
                0x08002876       0x20 build/lv_string_builtin.o
                0x08002876                lv_strdup
 .text._out_buffer
                0x08002896        0x8 build/lv_sprintf_builtin.o
 .text._out_null
                0x0800289e        0x2 build/lv_sprintf_builtin.o
 .text._atoi    0x080028a0       0x26 build/lv_sprintf_builtin.o
 .text._out_rev
                0x080028c6       0x7e build/lv_sprintf_builtin.o
 .text._ntoa_format
                0x08002944      0x136 build/lv_sprintf_builtin.o
 .text._ntoa_long
                0x08002a7a       0x94 build/lv_sprintf_builtin.o
 .text._ntoa_long_long
                0x08002b0e       0xc2 build/lv_sprintf_builtin.o
 .text._lv_vsnprintf
                0x08002bd0      0x5d8 build/lv_sprintf_builtin.o
 .text.lv_snprintf
                0x080031a8       0x28 build/lv_sprintf_builtin.o
                0x080031a8                lv_snprintf
 .text.lv_vsnprintf
                0x080031d0       0x1c build/lv_sprintf_builtin.o
                0x080031d0                lv_vsnprintf
 .text.block_size
                0x080031ec        0x8 build/lv_tlsf.o
 .text.block_set_size
                0x080031f4        0xc build/lv_tlsf.o
 .text.block_is_last
                0x08003200        0xe build/lv_tlsf.o
 .text.block_is_free
                0x0800320e        0x8 build/lv_tlsf.o
 .text.block_set_free
                0x08003216        0xa build/lv_tlsf.o
 .text.block_set_used
                0x08003220        0xa build/lv_tlsf.o
 .text.block_is_prev_free
                0x0800322a        0x8 build/lv_tlsf.o
 .text.block_set_prev_free
                0x08003232        0xa build/lv_tlsf.o
 .text.block_set_prev_used
                0x0800323c        0xa build/lv_tlsf.o
 .text.block_from_ptr
                0x08003246        0x4 build/lv_tlsf.o
 .text.block_to_ptr
                0x0800324a        0x4 build/lv_tlsf.o
 .text.offset_to_block
                0x0800324e        0x4 build/lv_tlsf.o
 .text.block_prev
                0x08003252       0x10 build/lv_tlsf.o
 .text.block_next
                0x08003262       0x28 build/lv_tlsf.o
 .text.block_link_next
                0x0800328a        0xc build/lv_tlsf.o
 .text.block_mark_as_free
                0x08003296       0x14 build/lv_tlsf.o
 .text.block_mark_as_used
                0x080032aa       0x14 build/lv_tlsf.o
 .text.align_up
                0x080032be       0x12 build/lv_tlsf.o
 .text.align_down
                0x080032d0        0xe build/lv_tlsf.o
 .text.align_ptr
                0x080032de       0x12 build/lv_tlsf.o
 .text.adjust_request_size
                0x080032f0       0x1c build/lv_tlsf.o
 .text.remove_free_block
                0x0800330c       0x5a build/lv_tlsf.o
 .text.insert_free_block
                0x08003366       0x68 build/lv_tlsf.o
 .text.block_can_split
                0x080033ce       0x14 build/lv_tlsf.o
 .text.block_split
                0x080033e2       0x6a build/lv_tlsf.o
 .text.block_absorb
                0x0800344c       0x26 build/lv_tlsf.o
 .text.control_constructor
                0x08003472       0x30 build/lv_tlsf.o
 .text.tlsf_fls
                0x080034a2       0x12 build/lv_tlsf.o
 .text.mapping_insert
                0x080034b4       0x30 build/lv_tlsf.o
 .text.block_insert
                0x080034e4       0x26 build/lv_tlsf.o
 .text.block_trim_free
                0x0800350a       0x3e build/lv_tlsf.o
 .text.block_prepare_used
                0x08003548       0x20 build/lv_tlsf.o
 .text.block_remove
                0x08003568       0x26 build/lv_tlsf.o
 .text.block_merge_prev
                0x0800358e       0x3a build/lv_tlsf.o
 .text.block_merge_next
                0x080035c8       0x38 build/lv_tlsf.o
 .text.block_trim_used
                0x08003600       0x3e build/lv_tlsf.o
 .text.mapping_search
                0x0800363e       0x26 build/lv_tlsf.o
 .text.tlsf_ffs
                0x08003664       0x12 build/lv_tlsf.o
 .text.search_suitable_block
                0x08003676       0x58 build/lv_tlsf.o
 .text.block_locate_free
                0x080036ce       0x52 build/lv_tlsf.o
 .text.lv_tlsf_size
                0x08003720        0x6 build/lv_tlsf.o
                0x08003720                lv_tlsf_size
 .text.lv_tlsf_pool_overhead
                0x08003726        0x4 build/lv_tlsf.o
                0x08003726                lv_tlsf_pool_overhead
 .text.lv_tlsf_add_pool
                0x0800372a       0x74 build/lv_tlsf.o
                0x0800372a                lv_tlsf_add_pool
 .text.lv_tlsf_create
                0x0800379e       0x16 build/lv_tlsf.o
                0x0800379e                lv_tlsf_create
 .text.lv_tlsf_create_with_pool
                0x080037b4       0x1e build/lv_tlsf.o
                0x080037b4                lv_tlsf_create_with_pool
 .text.lv_tlsf_get_pool
                0x080037d2        0xc build/lv_tlsf.o
                0x080037d2                lv_tlsf_get_pool
 .text.lv_tlsf_malloc
                0x080037de       0x22 build/lv_tlsf.o
                0x080037de                lv_tlsf_malloc
 .text.lv_tlsf_free
                0x08003800       0x3e build/lv_tlsf.o
                0x08003800                lv_tlsf_free
 .text.lv_tlsf_realloc
                0x0800383e       0xbc build/lv_tlsf.o
                0x0800383e                lv_tlsf_realloc
 .text.node_set_prev
                0x080038fa        0xa build/lv_ll.o
 .text.node_set_next
                0x08003904        0xa build/lv_ll.o
 .text._lv_ll_init
                0x0800390e       0x10 build/lv_ll.o
                0x0800390e                _lv_ll_init
 .text._lv_ll_ins_head
                0x0800391e       0x3e build/lv_ll.o
                0x0800391e                _lv_ll_ins_head
 .text._lv_ll_ins_tail
                0x0800395c       0x3e build/lv_ll.o
                0x0800395c                _lv_ll_ins_tail
 .text._lv_ll_get_head
                0x0800399a        0x8 build/lv_ll.o
                0x0800399a                _lv_ll_get_head
 .text._lv_ll_get_tail
                0x080039a2        0x8 build/lv_ll.o
                0x080039a2                _lv_ll_get_tail
 .text._lv_ll_get_next
                0x080039aa        0x8 build/lv_ll.o
                0x080039aa                _lv_ll_get_next
 .text._lv_ll_get_prev
                0x080039b2        0x6 build/lv_ll.o
                0x080039b2                _lv_ll_get_prev
 .text._lv_ll_ins_prev
                0x080039b8       0x66 build/lv_ll.o
                0x080039b8                _lv_ll_ins_prev
 .text._lv_ll_remove
                0x08003a1e       0x84 build/lv_ll.o
                0x08003a1e                _lv_ll_remove
 .text._lv_ll_clear_custom
                0x08003aa2       0x36 build/lv_ll.o
                0x08003aa2                _lv_ll_clear_custom
 .text._lv_ll_get_len
                0x08003ad8       0x20 build/lv_ll.o
                0x08003ad8                _lv_ll_get_len
 .text._lv_ll_is_empty
                0x08003af8       0x1a build/lv_ll.o
                0x08003af8                _lv_ll_is_empty
 *fill*         0x08003b12        0x2 
 .text._lv_event_push
                0x08003b14       0x10 build/lv_event.o
                0x08003b14                _lv_event_push
 .text._lv_event_pop
                0x08003b24        0xc build/lv_event.o
                0x08003b24                _lv_event_pop
 .text.lv_event_send
                0x08003b30       0x72 build/lv_event.o
                0x08003b30                lv_event_send
 .text.lv_event_add
                0x08003ba2       0x30 build/lv_event.o
                0x08003ba2                lv_event_add
 .text.lv_event_remove_all
                0x08003bd2        0xc build/lv_event.o
                0x08003bd2                lv_event_remove_all
 .text.lv_event_get_current_target
                0x08003bde        0x4 build/lv_event.o
                0x08003bde                lv_event_get_current_target
 .text.lv_event_get_target
                0x08003be2        0x4 build/lv_event.o
                0x08003be2                lv_event_get_target
 .text.lv_event_get_code
                0x08003be6        0x8 build/lv_event.o
                0x08003be6                lv_event_get_code
 .text.lv_event_get_param
                0x08003bee        0x4 build/lv_event.o
                0x08003bee                lv_event_get_param
 .text.lv_event_get_user_data
                0x08003bf2        0x4 build/lv_event.o
                0x08003bf2                lv_event_get_user_data
 *fill*         0x08003bf6        0x2 
 .text._lv_event_mark_deleted
                0x08003bf8       0x28 build/lv_event.o
                0x08003bf8                _lv_event_mark_deleted
 .text.convert_speed_to_time
                0x08003c20       0x3c build/lv_anim.o
 .text.resolve_time
                0x08003c5c       0x3a build/lv_anim.o
 *fill*         0x08003c96        0x2 
 .text.anim_mark_list_change
                0x08003c98       0x30 build/lv_anim.o
 .text.remove_concurrent_anims
                0x08003cc8       0x80 build/lv_anim.o
 .text.anim_completed_handler
                0x08003d48       0x88 build/lv_anim.o
 .text.anim_timer
                0x08003dd0      0x120 build/lv_anim.o
 .text.delete_core
                0x08003ef0       0x74 build/lv_anim.o
 .text.lv_anim_path_linear
                0x08003f64       0x2a build/lv_anim.o
                0x08003f64                lv_anim_path_linear
 .text.lv_anim_path_cubic_bezier
                0x08003f8e       0x3e build/lv_anim.o
 .text._lv_anim_core_init
                0x08003fcc       0x34 build/lv_anim.o
                0x08003fcc                _lv_anim_core_init
 .text.lv_anim_init
                0x08004000       0x38 build/lv_anim.o
                0x08004000                lv_anim_init
 .text.lv_anim_start
                0x08004038       0x98 build/lv_anim.o
                0x08004038                lv_anim_start
 .text.lv_anim_get_playtime
                0x080040d0       0x26 build/lv_anim.o
                0x080040d0                lv_anim_get_playtime
 .text.lv_anim_delete
                0x080040f6        0xa build/lv_anim.o
                0x080040f6                lv_anim_delete
 .text.lv_anim_get
                0x08004100       0x34 build/lv_anim.o
                0x08004100                lv_anim_get
 .text.lv_anim_speed_clamped
                0x08004134       0x50 build/lv_anim.o
                0x08004134                lv_anim_speed_clamped
 .text.lv_anim_path_ease_out
                0x08004184       0x1c build/lv_anim.o
                0x08004184                lv_anim_path_ease_out
 .text.lv_anim_path_overshoot
                0x080041a0       0x1e build/lv_anim.o
                0x080041a0                lv_anim_path_overshoot
 .text.lv_anim_path_step
                0x080041be       0x10 build/lv_anim.o
                0x080041be                lv_anim_path_step
 .text.lv_anim_path_custom_bezier3
                0x080041ce       0x20 build/lv_anim.o
                0x080041ce                lv_anim_path_custom_bezier3
 .text.lv_array_init
                0x080041ee       0x1c build/lv_array.o
                0x080041ee                lv_array_init
 .text.lv_array_deinit
                0x0800420a       0x18 build/lv_array.o
                0x0800420a                lv_array_deinit
 .text.lv_array_resize
                0x08004222       0x24 build/lv_array.o
                0x08004222                lv_array_resize
 .text.lv_array_push_back
                0x08004246       0x36 build/lv_array.o
                0x08004246                lv_array_push_back
 .text.lv_array_at
                0x0800427c       0x18 build/lv_array.o
                0x0800427c                lv_array_at
 .text.lv_point_within_circle
                0x08004294       0x38 build/lv_area.o
 .text.lv_area_set
                0x080042cc        0xc build/lv_area.o
                0x080042cc                lv_area_set
 .text.lv_area_set_width
                0x080042d8        0xa build/lv_area.o
                0x080042d8                lv_area_set_width
 .text.lv_area_set_height
                0x080042e2        0xa build/lv_area.o
                0x080042e2                lv_area_set_height
 .text.lv_area_get_size
                0x080042ec       0x14 build/lv_area.o
                0x080042ec                lv_area_get_size
 .text.lv_area_increase
                0x08004300       0x1a build/lv_area.o
                0x08004300                lv_area_increase
 .text.lv_area_move
                0x0800431a       0x1a build/lv_area.o
                0x0800431a                lv_area_move
 .text._lv_area_intersect
                0x08004334       0x48 build/lv_area.o
                0x08004334                _lv_area_intersect
 .text._lv_area_join
                0x0800437c       0x38 build/lv_area.o
                0x0800437c                _lv_area_join
 .text._lv_area_is_point_on
                0x080043b4      0x110 build/lv_area.o
                0x080043b4                _lv_area_is_point_on
 .text._lv_area_is_on
                0x080044c4       0x34 build/lv_area.o
                0x080044c4                _lv_area_is_on
 .text._lv_area_is_in
                0x080044f8       0x8c build/lv_area.o
                0x080044f8                _lv_area_is_in
 .text._lv_area_diff
                0x08004584      0x114 build/lv_area.o
                0x08004584                _lv_area_diff
 .text._lv_area_is_out
                0x08004698       0xa4 build/lv_area.o
                0x08004698                _lv_area_is_out
 .text.lv_area_align
                0x0800473c      0x32c build/lv_area.o
                0x0800473c                lv_area_align
 .text.lv_point_transform
                0x08004a68      0x1c0 build/lv_area.o
                0x08004a68                lv_point_transform
 .text.lv_async_timer_cb
                0x08004c28       0x28 build/lv_async.o
 .text.lv_async_call_cancel
                0x08004c50       0x5c build/lv_async.o
                0x08004c50                lv_async_call_cancel
 .text.lv_style_get_prop_inlined
                0x08004cac       0x56 build/lv_style.o
 .text.lv_style_init
                0x08004d02        0xc build/lv_style.o
                0x08004d02                lv_style_init
 .text.lv_style_reset
                0x08004d0e       0x1e build/lv_style.o
                0x08004d0e                lv_style_reset
 .text.lv_style_remove_prop
                0x08004d2c       0x88 build/lv_style.o
                0x08004d2c                lv_style_remove_prop
 .text.lv_style_set_prop
                0x08004db4       0x94 build/lv_style.o
                0x08004db4                lv_style_set_prop
 .text.lv_style_get_prop
                0x08004e48        0x8 build/lv_style.o
                0x08004e48                lv_style_get_prop
 .text.lv_style_transition_dsc_init
                0x08004e50       0x2c build/lv_style.o
                0x08004e50                lv_style_transition_dsc_init
 .text.lv_style_is_empty
                0x08004e7c        0xa build/lv_style.o
                0x08004e7c                lv_style_is_empty
 *fill*         0x08004e86        0x2 
 .text._lv_style_prop_lookup_flags
                0x08004e88       0x3c build/lv_style.o
                0x08004e88                _lv_style_prop_lookup_flags
 .text.lv_style_set_width
                0x08004ec4       0x14 build/lv_style_gen.o
                0x08004ec4                lv_style_set_width
 .text.lv_style_set_height
                0x08004ed8       0x14 build/lv_style_gen.o
                0x08004ed8                lv_style_set_height
 .text.lv_style_set_max_height
                0x08004eec       0x14 build/lv_style_gen.o
                0x08004eec                lv_style_set_max_height
 .text.lv_style_set_transform_width
                0x08004f00       0x14 build/lv_style_gen.o
                0x08004f00                lv_style_set_transform_width
 .text.lv_style_set_transform_height
                0x08004f14       0x14 build/lv_style_gen.o
                0x08004f14                lv_style_set_transform_height
 .text.lv_style_set_pad_top
                0x08004f28       0x14 build/lv_style_gen.o
                0x08004f28                lv_style_set_pad_top
 .text.lv_style_set_pad_bottom
                0x08004f3c       0x14 build/lv_style_gen.o
                0x08004f3c                lv_style_set_pad_bottom
 .text.lv_style_set_pad_left
                0x08004f50       0x14 build/lv_style_gen.o
                0x08004f50                lv_style_set_pad_left
 .text.lv_style_set_pad_right
                0x08004f64       0x14 build/lv_style_gen.o
                0x08004f64                lv_style_set_pad_right
 .text.lv_style_set_pad_row
                0x08004f78       0x14 build/lv_style_gen.o
                0x08004f78                lv_style_set_pad_row
 .text.lv_style_set_pad_column
                0x08004f8c       0x14 build/lv_style_gen.o
                0x08004f8c                lv_style_set_pad_column
 .text.lv_style_set_bg_color
                0x08004fa0       0x22 build/lv_style_gen.o
                0x08004fa0                lv_style_set_bg_color
 .text.lv_style_set_bg_opa
                0x08004fc2       0x14 build/lv_style_gen.o
                0x08004fc2                lv_style_set_bg_opa
 .text.lv_style_set_bg_grad_color
                0x08004fd6       0x22 build/lv_style_gen.o
                0x08004fd6                lv_style_set_bg_grad_color
 .text.lv_style_set_bg_image_src
                0x08004ff8       0x14 build/lv_style_gen.o
                0x08004ff8                lv_style_set_bg_image_src
 .text.lv_style_set_border_color
                0x0800500c       0x22 build/lv_style_gen.o
                0x0800500c                lv_style_set_border_color
 .text.lv_style_set_border_opa
                0x0800502e       0x14 build/lv_style_gen.o
                0x0800502e                lv_style_set_border_opa
 .text.lv_style_set_border_width
                0x08005042       0x14 build/lv_style_gen.o
                0x08005042                lv_style_set_border_width
 .text.lv_style_set_border_side
                0x08005056       0x14 build/lv_style_gen.o
                0x08005056                lv_style_set_border_side
 .text.lv_style_set_border_post
                0x0800506a       0x14 build/lv_style_gen.o
                0x0800506a                lv_style_set_border_post
 .text.lv_style_set_outline_width
                0x0800507e       0x14 build/lv_style_gen.o
                0x0800507e                lv_style_set_outline_width
 .text.lv_style_set_outline_color
                0x08005092       0x22 build/lv_style_gen.o
                0x08005092                lv_style_set_outline_color
 .text.lv_style_set_outline_opa
                0x080050b4       0x14 build/lv_style_gen.o
                0x080050b4                lv_style_set_outline_opa
 .text.lv_style_set_outline_pad
                0x080050c8       0x14 build/lv_style_gen.o
                0x080050c8                lv_style_set_outline_pad
 .text.lv_style_set_shadow_width
                0x080050dc       0x14 build/lv_style_gen.o
                0x080050dc                lv_style_set_shadow_width
 .text.lv_style_set_shadow_offset_y
                0x080050f0       0x14 build/lv_style_gen.o
                0x080050f0                lv_style_set_shadow_offset_y
 .text.lv_style_set_shadow_spread
                0x08005104       0x14 build/lv_style_gen.o
                0x08005104                lv_style_set_shadow_spread
 .text.lv_style_set_shadow_color
                0x08005118       0x22 build/lv_style_gen.o
                0x08005118                lv_style_set_shadow_color
 .text.lv_style_set_shadow_opa
                0x0800513a       0x14 build/lv_style_gen.o
                0x0800513a                lv_style_set_shadow_opa
 .text.lv_style_set_line_width
                0x0800514e       0x14 build/lv_style_gen.o
                0x0800514e                lv_style_set_line_width
 .text.lv_style_set_line_color
                0x08005162       0x22 build/lv_style_gen.o
                0x08005162                lv_style_set_line_color
 .text.lv_style_set_arc_width
                0x08005184       0x14 build/lv_style_gen.o
                0x08005184                lv_style_set_arc_width
 .text.lv_style_set_arc_rounded
                0x08005198       0x14 build/lv_style_gen.o
                0x08005198                lv_style_set_arc_rounded
 .text.lv_style_set_arc_color
                0x080051ac       0x22 build/lv_style_gen.o
                0x080051ac                lv_style_set_arc_color
 .text.lv_style_set_text_color
                0x080051ce       0x22 build/lv_style_gen.o
                0x080051ce                lv_style_set_text_color
 .text.lv_style_set_text_font
                0x080051f0       0x14 build/lv_style_gen.o
                0x080051f0                lv_style_set_text_font
 .text.lv_style_set_text_line_space
                0x08005204       0x14 build/lv_style_gen.o
                0x08005204                lv_style_set_text_line_space
 .text.lv_style_set_text_align
                0x08005218       0x14 build/lv_style_gen.o
                0x08005218                lv_style_set_text_align
 .text.lv_style_set_radius
                0x0800522c       0x14 build/lv_style_gen.o
                0x0800522c                lv_style_set_radius
 .text.lv_style_set_clip_corner
                0x08005240       0x14 build/lv_style_gen.o
                0x08005240                lv_style_set_clip_corner
 .text.lv_style_set_color_filter_dsc
                0x08005254       0x14 build/lv_style_gen.o
                0x08005254                lv_style_set_color_filter_dsc
 .text.lv_style_set_color_filter_opa
                0x08005268       0x14 build/lv_style_gen.o
                0x08005268                lv_style_set_color_filter_opa
 .text.lv_style_set_anim_duration
                0x0800527c       0x14 build/lv_style_gen.o
                0x0800527c                lv_style_set_anim_duration
 .text.lv_style_set_transition
                0x08005290       0x14 build/lv_style_gen.o
                0x08005290                lv_style_set_transition
 .text.lv_fs_get_real_path
                0x080052a4       0x10 build/lv_fs.o
 .text.lv_fs_read_cached
                0x080052b4      0x180 build/lv_fs.o
 .text._lv_fs_init
                0x08005434       0x10 build/lv_fs.o
                0x08005434                _lv_fs_init
 .text.lv_fs_close
                0x08005444       0x44 build/lv_fs.o
                0x08005444                lv_fs_close
 .text.lv_fs_read
                0x08005488       0x4a build/lv_fs.o
                0x08005488                lv_fs_read
 .text.lv_fs_seek
                0x080054d2       0xa2 build/lv_fs.o
                0x080054d2                lv_fs_seek
 .text.lv_fs_tell
                0x08005574       0x32 build/lv_fs.o
                0x08005574                lv_fs_tell
 *fill*         0x080055a6        0x2 
 .text.lv_fs_get_drv
                0x080055a8       0x2c build/lv_fs.o
                0x080055a8                lv_fs_get_drv
 .text.lv_fs_open
                0x080055d4       0xa8 build/lv_fs.o
                0x080055d4                lv_fs_open
 .text.lv_fs_get_ext
                0x0800567c       0x34 build/lv_fs.o
                0x0800567c                lv_fs_get_ext
 .text.lv_timer_handler_resume
                0x080056b0       0x20 build/lv_timer.o
 .text.lv_timer_time_remaining
                0x080056d0       0x18 build/lv_timer.o
 .text.lv_timer_create
                0x080056e8       0x50 build/lv_timer.o
                0x080056e8                lv_timer_create
 .text.lv_timer_delete
                0x08005738       0x20 build/lv_timer.o
                0x08005738                lv_timer_delete
 .text.lv_timer_pause
                0x08005758        0xe build/lv_timer.o
                0x08005758                lv_timer_pause
 *fill*         0x08005766        0x2 
 .text.lv_timer_exec
                0x08005768       0x64 build/lv_timer.o
 .text.lv_timer_handler
                0x080057cc      0x128 build/lv_timer.o
                0x080057cc                lv_timer_handler
 .text.lv_timer_resume
                0x080058f4       0x14 build/lv_timer.o
                0x080058f4                lv_timer_resume
 .text.lv_timer_ready
                0x08005908       0x16 build/lv_timer.o
                0x08005908                lv_timer_ready
 *fill*         0x0800591e        0x2 
 .text.lv_timer_enable
                0x08005920       0x18 build/lv_timer.o
                0x08005920                lv_timer_enable
 .text._lv_timer_core_init
                0x08005938       0x18 build/lv_timer.o
                0x08005938                _lv_timer_core_init
 .text.lv_timer_get_next
                0x08005950       0x1c build/lv_timer.o
                0x08005950                lv_timer_get_next
 .text._lv_text_is_a_word
                0x0800596c       0x74 build/lv_text.o
 .text.lv_text_utf8_size
                0x080059e0       0x36 build/lv_text.o
 .text.lv_text_unicode_to_utf8
                0x08005a16       0xa4 build/lv_text.o
 .text.lv_text_utf8_next
                0x08005aba      0x128 build/lv_text.o
 *fill*         0x08005be2        0x2 
 .text.lv_text_utf8_prev
                0x08005be4       0x58 build/lv_text.o
 .text.lv_text_utf8_get_byte_id
                0x08005c3c       0x34 build/lv_text.o
 .text.lv_text_utf8_get_char_id
                0x08005c70       0x2c build/lv_text.o
 .text.lv_text_utf8_get_length
                0x08005c9c       0x2c build/lv_text.o
 .text.lv_text_get_next_word
                0x08005cc8      0x154 build/lv_text.o
 .text._lv_text_get_next_line
                0x08005e1c      0x104 build/lv_text.o
                0x08005e1c                _lv_text_get_next_line
 .text._lv_text_ins
                0x08005f20       0x50 build/lv_text.o
                0x08005f20                _lv_text_ins
 .text._lv_text_cut
                0x08005f70       0x40 build/lv_text.o
                0x08005f70                _lv_text_cut
 .text._lv_text_set_text_vfmt
                0x08005fb0       0x34 build/lv_text.o
                0x08005fb0                _lv_text_set_text_vfmt
 .text._lv_text_encoded_letter_next_2
                0x08005fe4       0x2c build/lv_text.o
                0x08005fe4                _lv_text_encoded_letter_next_2
 .text.lv_text_get_width
                0x08006010       0x62 build/lv_text.o
                0x08006010                lv_text_get_width
 .text.lv_text_get_size
                0x08006072       0xb8 build/lv_text.o
                0x08006072                lv_text_get_size
 .text.lv_color_mix
                0x0800612a       0x8e build/lv_color.o
 .text.lv_color_format_get_bpp
                0x080061b8       0x3a build/lv_color.o
                0x080061b8                lv_color_format_get_bpp
 .text.lv_color_format_has_alpha
                0x080061f2       0x1a build/lv_color.o
                0x080061f2                lv_color_format_has_alpha
 .text.lv_color_to_32
                0x0800620c       0x4a build/lv_color.o
                0x0800620c                lv_color_to_32
 .text.lv_color_to_u16
                0x08006256       0x2c build/lv_color.o
                0x08006256                lv_color_to_u16
 .text.lv_color_to_u32
                0x08006282       0x20 build/lv_color.o
                0x08006282                lv_color_to_u32
 .text.lv_color_darken
                0x080062a2       0x74 build/lv_color.o
                0x080062a2                lv_color_darken
 .text._lv_utils_bsearch
                0x08006316       0x44 build/lv_utils.o
                0x08006316                _lv_utils_bsearch
 *fill*         0x0800635a        0x2 
 .text.lv_palette_main
                0x0800635c       0x70 build/lv_palette.o
                0x0800635c                lv_palette_main
 .text.lv_palette_lighten
                0x080063cc       0xb4 build/lv_palette.o
                0x080063cc                lv_palette_lighten
 .text.lv_palette_darken
                0x08006480       0xb4 build/lv_palette.o
                0x08006480                lv_palette_darken
 .text.do_cubic_bezier
                0x08006534       0x18 build/lv_math.o
 .text.lv_trigo_sin
                0x0800654c       0x8c build/lv_math.o
                0x0800654c                lv_trigo_sin
 .text.lv_cubic_bezier
                0x080065d8       0xf8 build/lv_math.o
                0x080065d8                lv_cubic_bezier
 .text.lv_atan2
                0x080066d0       0xb6 build/lv_math.o
                0x080066d0                lv_atan2
 .text.lv_pow   0x08006786       0x3a build/lv_math.o
                0x08006786                lv_pow
 .text.lv_map   0x080067c0       0x4c build/lv_math.o
                0x080067c0                lv_map
 .text.lv_rand_set_seed
                0x0800680c        0xc build/lv_math.o
                0x0800680c                lv_rand_set_seed
 .text.anim_timeline_set_act_time
                0x08006818       0xb4 build/lv_anim_timeline.o
 .text.anim_timeline_exec_cb
                0x080068cc        0x8 build/lv_anim_timeline.o
 .text.anim_timeline_path_cb
                0x080068d4       0x1a build/lv_anim_timeline.o
 .text.lv_anim_timeline_create
                0x080068ee        0xe build/lv_anim_timeline.o
                0x080068ee                lv_anim_timeline_create
 .text.lv_anim_timeline_add
                0x080068fc       0x48 build/lv_anim_timeline.o
                0x080068fc                lv_anim_timeline_add
 .text.lv_anim_timeline_pause
                0x08006944       0x14 build/lv_anim_timeline.o
                0x08006944                lv_anim_timeline_pause
 .text.lv_anim_timeline_delete
                0x08006958       0x1a build/lv_anim_timeline.o
                0x08006958                lv_anim_timeline_delete
 .text.lv_anim_timeline_set_reverse
                0x08006972        0x8 build/lv_anim_timeline.o
                0x08006972                lv_anim_timeline_set_reverse
 .text.lv_anim_timeline_get_playtime
                0x0800697a       0x40 build/lv_anim_timeline.o
                0x0800697a                lv_anim_timeline_get_playtime
 *fill*         0x080069ba        0x2 
 .text.lv_anim_timeline_start
                0x080069bc       0x64 build/lv_anim_timeline.o
                0x080069bc                lv_anim_timeline_start
 .text.lv_anim_timeline_set_progress
                0x08006a20       0x2c build/lv_anim_timeline.o
                0x08006a20                lv_anim_timeline_set_progress
 .text.lv_cache_release
                0x08006a4c       0x4c build/lv_cache.o
                0x08006a4c                lv_cache_release
 .text.lv_cache_entry_dec_ref
                0x08006a98       0x16 build/lv_cache_entry.o
                0x08006a98                lv_cache_entry_dec_ref
 .text.lv_cache_entry_get_ref
                0x08006aae        0x8 build/lv_cache_entry.o
                0x08006aae                lv_cache_entry_get_ref
 .text.lv_cache_entry_is_invalid
                0x08006ab6        0x8 build/lv_cache_entry.o
                0x08006ab6                lv_cache_entry_is_invalid
 .text.lv_cache_entry_get_data
                0x08006abe        0xc build/lv_cache_entry.o
                0x08006abe                lv_cache_entry_get_data
 .text.lv_cache_entry_release_data
                0x08006aca       0x18 build/lv_cache_entry.o
                0x08006aca                lv_cache_entry_release_data
 .text.lv_cache_entry_delete
                0x08006ae2       0x10 build/lv_cache_entry.o
                0x08006ae2                lv_cache_entry_delete
 .text.lv_obj_get_style_space_top
                0x08006af2       0x42 build/lv_obj_scroll.o
 .text.lv_obj_get_style_space_bottom
                0x08006b34       0x42 build/lv_obj_scroll.o
 .text.lv_obj_get_style_space_right
                0x08006b76       0x42 build/lv_obj_scroll.o
 .text.lv_obj_get_style_space_left
                0x08006bb8       0x42 build/lv_obj_scroll.o
 .text.scroll_completed_completed_cb
                0x08006bfa        0xe build/lv_obj_scroll.o
 .text.lv_obj_set_scrollbar_mode
                0x08006c08       0x2c build/lv_obj_scroll.o
                0x08006c08                lv_obj_set_scrollbar_mode
 .text.lv_obj_set_scroll_dir
                0x08006c34       0x20 build/lv_obj_scroll.o
                0x08006c34                lv_obj_set_scroll_dir
 .text.lv_obj_set_scroll_snap_x
                0x08006c54       0x1a build/lv_obj_scroll.o
                0x08006c54                lv_obj_set_scroll_snap_x
 .text.lv_obj_set_scroll_snap_y
                0x08006c6e       0x1a build/lv_obj_scroll.o
                0x08006c6e                lv_obj_set_scroll_snap_y
 .text.lv_obj_get_scrollbar_mode
                0x08006c88       0x12 build/lv_obj_scroll.o
                0x08006c88                lv_obj_get_scrollbar_mode
 .text.lv_obj_get_scroll_dir
                0x08006c9a       0x10 build/lv_obj_scroll.o
                0x08006c9a                lv_obj_get_scroll_dir
 .text.lv_obj_get_scroll_snap_x
                0x08006caa       0x12 build/lv_obj_scroll.o
                0x08006caa                lv_obj_get_scroll_snap_x
 .text.lv_obj_get_scroll_snap_y
                0x08006cbc       0x12 build/lv_obj_scroll.o
                0x08006cbc                lv_obj_get_scroll_snap_y
 .text.lv_obj_get_scroll_x
                0x08006cce        0xe build/lv_obj_scroll.o
                0x08006cce                lv_obj_get_scroll_x
 .text.lv_obj_get_scroll_y
                0x08006cdc        0xe build/lv_obj_scroll.o
                0x08006cdc                lv_obj_get_scroll_y
 .text.lv_obj_get_scroll_top
                0x08006cea        0xe build/lv_obj_scroll.o
                0x08006cea                lv_obj_get_scroll_top
 .text.lv_obj_get_scroll_bottom
                0x08006cf8       0x9c build/lv_obj_scroll.o
                0x08006cf8                lv_obj_get_scroll_bottom
 .text.lv_obj_get_scroll_left
                0x08006d94       0xc8 build/lv_obj_scroll.o
                0x08006d94                lv_obj_get_scroll_left
 .text.lv_obj_get_scroll_right
                0x08006e5c       0xbc build/lv_obj_scroll.o
                0x08006e5c                lv_obj_get_scroll_right
 .text.lv_obj_get_scroll_end
                0x08006f18       0x40 build/lv_obj_scroll.o
                0x08006f18                lv_obj_get_scroll_end
 .text._lv_obj_scroll_by_raw
                0x08006f58       0x4e build/lv_obj_scroll.o
                0x08006f58                _lv_obj_scroll_by_raw
 .text.scroll_y_anim
                0x08006fa6       0x16 build/lv_obj_scroll.o
 .text.scroll_x_anim
                0x08006fbc       0x16 build/lv_obj_scroll.o
 *fill*         0x08006fd2        0x2 
 .text.lv_obj_scroll_by
                0x08006fd4      0x104 build/lv_obj_scroll.o
                0x08006fd4                lv_obj_scroll_by
 .text.lv_obj_scroll_by_bounded
                0x080070d8       0xde build/lv_obj_scroll.o
                0x080070d8                lv_obj_scroll_by_bounded
 *fill*         0x080071b6        0x2 
 .text.lv_obj_scroll_to_x
                0x080071b8       0x28 build/lv_obj_scroll.o
                0x080071b8                lv_obj_scroll_to_x
 .text.lv_obj_scroll_to_y
                0x080071e0       0x28 build/lv_obj_scroll.o
                0x080071e0                lv_obj_scroll_to_y
 .text.lv_obj_scroll_to
                0x08007208       0x1a build/lv_obj_scroll.o
                0x08007208                lv_obj_scroll_to
 *fill*         0x08007222        0x2 
 .text.scroll_area_into_view
                0x08007224      0x2bc build/lv_obj_scroll.o
 .text.lv_obj_scroll_to_view_recursive
                0x080074e0       0x3c build/lv_obj_scroll.o
                0x080074e0                lv_obj_scroll_to_view_recursive
 .text.lv_obj_get_scrollbar_area
                0x0800751c      0x704 build/lv_obj_scroll.o
                0x0800751c                lv_obj_get_scrollbar_area
 .text.lv_obj_scrollbar_invalidate
                0x08007c20       0x46 build/lv_obj_scroll.o
                0x08007c20                lv_obj_scrollbar_invalidate
 .text.lv_obj_readjust_scroll
                0x08007c66       0x98 build/lv_obj_scroll.o
                0x08007c66                lv_obj_readjust_scroll
 .text.lv_obj_construct
                0x08007cfe       0x22 build/lv_obj_class.o
 .text.get_instance_size
                0x08007d20       0x24 build/lv_obj_class.o
 .text.lv_obj_class_create_obj
                0x08007d44       0xae build/lv_obj_class.o
                0x08007d44                lv_obj_class_create_obj
 .text._lv_obj_destruct
                0x08007df2       0x1e build/lv_obj_class.o
                0x08007df2                _lv_obj_destruct
 .text.lv_obj_is_editable
                0x08007e10       0x2a build/lv_obj_class.o
                0x08007e10                lv_obj_is_editable
 .text.lv_obj_is_group_def
                0x08007e3a       0x2a build/lv_obj_class.o
                0x08007e3a                lv_obj_is_group_def
 .text.lv_obj_class_init_obj
                0x08007e64       0x72 build/lv_obj_class.o
                0x08007e64                lv_obj_class_init_obj
 .text.lv_style_get_prop_inlined
                0x08007ed6       0x56 build/lv_obj.o
 .text.scrollbar_init_draw_dsc
                0x08007f2c      0x186 build/lv_obj.o
 .text.draw_scrollbar
                0x080080b2       0x62 build/lv_obj.o
 .text.lv_obj_draw
                0x08008114      0x222 build/lv_obj.o
 .text.lv_obj_constructor
                0x08008336       0x9c build/lv_obj.o
 .text.update_obj_state
                0x080083d2      0x19a build/lv_obj.o
 .text.lv_obj_create
                0x0800856c       0x18 build/lv_obj.o
                0x0800856c                lv_obj_create
 .text.lv_obj_remove_flag
                0x08008584       0x7e build/lv_obj.o
                0x08008584                lv_obj_remove_flag
 .text.lv_obj_add_state
                0x08008602       0x28 build/lv_obj.o
                0x08008602                lv_obj_add_state
 .text.lv_obj_remove_state
                0x0800862a       0x18 build/lv_obj.o
                0x0800862a                lv_obj_remove_state
 .text.lv_obj_set_state
                0x08008642       0x10 build/lv_obj.o
                0x08008642                lv_obj_set_state
 .text.lv_obj_has_flag
                0x08008652        0xc build/lv_obj.o
                0x08008652                lv_obj_has_flag
 .text.lv_obj_has_flag_any
                0x0800865e        0xc build/lv_obj.o
                0x0800865e                lv_obj_has_flag_any
 .text.lv_obj_get_state
                0x0800866a        0x4 build/lv_obj.o
                0x0800866a                lv_obj_get_state
 .text.lv_obj_has_state
                0x0800866e        0xc build/lv_obj.o
                0x0800866e                lv_obj_has_state
 .text.lv_obj_get_group
                0x0800867a        0x8 build/lv_obj.o
                0x0800867a                lv_obj_get_group
 *fill*         0x08008682        0x2 
 .text.lv_obj_event
                0x08008684      0x3ec build/lv_obj.o
 .text.lv_obj_destructor
                0x08008a70       0x58 build/lv_obj.o
 .text.lv_obj_add_flag
                0x08008ac8       0x8e build/lv_obj.o
                0x08008ac8                lv_obj_add_flag
 .text.lv_obj_allocate_spec_attr
                0x08008b56       0x2e build/lv_obj.o
                0x08008b56                lv_obj_allocate_spec_attr
 .text.lv_obj_check_type
                0x08008b84       0x12 build/lv_obj.o
                0x08008b84                lv_obj_check_type
 .text.get_indev
                0x08008b96       0x38 build/lv_group.o
 .text.focus_next_core
                0x08008bce      0x112 build/lv_group.o
 .text._lv_group_init
                0x08008ce0       0x10 build/lv_group.o
                0x08008ce0                _lv_group_init
 .text.lv_group_get_default
                0x08008cf0        0xc build/lv_group.o
                0x08008cf0                lv_group_get_default
 .text.lv_group_focus_next
                0x08008cfc       0x24 build/lv_group.o
                0x08008cfc                lv_group_focus_next
 .text.lv_group_focus_prev
                0x08008d20       0x24 build/lv_group.o
                0x08008d20                lv_group_focus_prev
 .text.lv_group_refocus
                0x08008d44       0x2c build/lv_group.o
 .text.lv_group_remove_obj
                0x08008d70       0xa2 build/lv_group.o
                0x08008d70                lv_group_remove_obj
 .text.lv_group_add_obj
                0x08008e12       0x7a build/lv_group.o
                0x08008e12                lv_group_add_obj
 .text.lv_group_get_focused
                0x08008e8c        0xc build/lv_group.o
                0x08008e8c                lv_group_get_focused
 .text.lv_group_set_editing
                0x08008e98       0x44 build/lv_group.o
                0x08008e98                lv_group_set_editing
 .text.lv_group_get_editing
                0x08008edc        0xe build/lv_group.o
                0x08008edc                lv_group_get_editing
 .text.lv_color_eq
                0x08008eea       0x4e build/lv_obj_style.o
 .text.lv_color_mix
                0x08008f38       0x8e build/lv_obj_style.o
 .text.lv_style_get_prop_inlined
                0x08008fc6       0x56 build/lv_obj_style.o
 .text.lv_style_prop_get_default_inlined
                0x0800901c      0x118 build/lv_obj_style.o
 .text.get_prop_core
                0x08009134       0xee build/lv_obj_style.o
 *fill*         0x08009222        0x2 
 .text.get_selector_style_prop
                0x08009224       0x98 build/lv_obj_style.o
 .text.trans_delete
                0x080092bc       0xb0 build/lv_obj_style.o
 .text.style_has_flag
                0x0800936c       0x64 build/lv_obj_style.o
 .text.refresh_children_style
                0x080093d0       0x3a build/lv_obj_style.o
 .text.get_local_style
                0x0800940a       0xd6 build/lv_obj_style.o
 .text.get_trans_style
                0x080094e0       0xb6 build/lv_obj_style.o
 *fill*         0x08009596        0x2 
 .text._lv_obj_style_init
                0x08009598       0x10 build/lv_obj_style.o
                0x08009598                _lv_obj_style_init
 .text.lv_obj_enable_style_refresh
                0x080095a8        0xc build/lv_obj_style.o
                0x080095a8                lv_obj_enable_style_refresh
 .text.lv_obj_get_style_prop
                0x080095b4       0x34 build/lv_obj_style.o
                0x080095b4                lv_obj_get_style_prop
 .text.calculate_layer_type
                0x080095e8       0x96 build/lv_obj_style.o
 *fill*         0x0800967e        0x2 
 .text.lv_obj_refresh_style
                0x08009680      0x128 build/lv_obj_style.o
                0x08009680                lv_obj_refresh_style
 .text.lv_obj_remove_style
                0x080097a8      0x120 build/lv_obj_style.o
                0x080097a8                lv_obj_remove_style
 .text.lv_obj_remove_style_all
                0x080098c8       0x10 build/lv_obj_style.o
                0x080098c8                lv_obj_remove_style_all
 .text.trans_anim_completed_cb
                0x080098d8       0xac build/lv_obj_style.o
 .text.lv_obj_add_style
                0x08009984       0xf0 build/lv_obj_style.o
                0x08009984                lv_obj_add_style
 .text.report_style_change_core
                0x08009a74       0x50 build/lv_obj_style.o
 .text.lv_obj_report_style_change
                0x08009ac4       0x44 build/lv_obj_style.o
                0x08009ac4                lv_obj_report_style_change
 .text.trans_anim_cb
                0x08009b08      0x1a4 build/lv_obj_style.o
 .text.trans_anim_start_cb
                0x08009cac       0x3e build/lv_obj_style.o
 .text.lv_obj_set_local_style_prop
                0x08009cea       0x42 build/lv_obj_style.o
                0x08009cea                lv_obj_set_local_style_prop
 .text.lv_obj_get_local_style_prop
                0x08009d2c       0x44 build/lv_obj_style.o
                0x08009d2c                lv_obj_get_local_style_prop
 .text.lv_obj_remove_local_style_prop
                0x08009d70       0x5e build/lv_obj_style.o
                0x08009d70                lv_obj_remove_local_style_prop
 *fill*         0x08009dce        0x2 
 .text._lv_obj_style_create_transition
                0x08009dd0      0x15c build/lv_obj_style.o
                0x08009dd0                _lv_obj_style_create_transition
 .text._lv_obj_style_apply_color_filter
                0x08009f2c       0x58 build/lv_obj_style.o
                0x08009f2c                _lv_obj_style_apply_color_filter
 .text._lv_obj_style_state_compare
                0x08009f84      0x24c build/lv_obj_style.o
                0x08009f84                _lv_obj_style_state_compare
 .text.lv_obj_calculate_style_text_align
                0x0800a1d0       0x28 build/lv_obj_style.o
                0x0800a1d0                lv_obj_calculate_style_text_align
 .text.lv_obj_get_style_opa_recursive
                0x0800a1f8       0x7c build/lv_obj_style.o
                0x0800a1f8                lv_obj_get_style_opa_recursive
 .text.lv_obj_set_style_width
                0x0800a274       0x16 build/lv_obj_style_gen.o
                0x0800a274                lv_obj_set_style_width
 .text.lv_obj_set_style_min_width
                0x0800a28a       0x16 build/lv_obj_style_gen.o
                0x0800a28a                lv_obj_set_style_min_width
 .text.lv_obj_set_style_height
                0x0800a2a0       0x16 build/lv_obj_style_gen.o
                0x0800a2a0                lv_obj_set_style_height
 .text.lv_obj_set_style_x
                0x0800a2b6       0x16 build/lv_obj_style_gen.o
                0x0800a2b6                lv_obj_set_style_x
 .text.lv_obj_set_style_y
                0x0800a2cc       0x16 build/lv_obj_style_gen.o
                0x0800a2cc                lv_obj_set_style_y
 .text.lv_obj_set_style_align
                0x0800a2e2       0x16 build/lv_obj_style_gen.o
                0x0800a2e2                lv_obj_set_style_align
 .text.lv_obj_set_style_bg_image_src
                0x0800a2f8       0x16 build/lv_obj_style_gen.o
                0x0800a2f8                lv_obj_set_style_bg_image_src
 .text.lv_obj_set_style_text_align
                0x0800a30e       0x16 build/lv_obj_style_gen.o
                0x0800a30e                lv_obj_set_style_text_align
 .text.lv_obj_set_style_layout
                0x0800a324       0x16 build/lv_obj_style_gen.o
                0x0800a324                lv_obj_set_style_layout
 .text.lv_obj_set_style_base_dir
                0x0800a33a       0x16 build/lv_obj_style_gen.o
                0x0800a33a                lv_obj_set_style_base_dir
 .text.lv_obj_set_style_flex_flow
                0x0800a350       0x16 build/lv_obj_style_gen.o
                0x0800a350                lv_obj_set_style_flex_flow
 .text.lv_obj_set_style_flex_main_place
                0x0800a366       0x16 build/lv_obj_style_gen.o
                0x0800a366                lv_obj_set_style_flex_main_place
 .text.lv_obj_set_style_flex_cross_place
                0x0800a37c       0x16 build/lv_obj_style_gen.o
                0x0800a37c                lv_obj_set_style_flex_cross_place
 .text.lv_obj_set_style_flex_track_place
                0x0800a392       0x16 build/lv_obj_style_gen.o
                0x0800a392                lv_obj_set_style_flex_track_place
 .text.lv_obj_set_style_flex_grow
                0x0800a3a8       0x16 build/lv_obj_style_gen.o
                0x0800a3a8                lv_obj_set_style_flex_grow
 .text.lv_obj_get_parent
                0x0800a3be        0x8 build/lv_obj_tree.o
                0x0800a3be                lv_obj_get_parent
 .text.lv_obj_get_screen
                0x0800a3c6       0x10 build/lv_obj_tree.o
                0x0800a3c6                lv_obj_get_screen
 *fill*         0x0800a3d6        0x2 
 .text.lv_obj_get_display
                0x0800a3d8       0x40 build/lv_obj_tree.o
                0x0800a3d8                lv_obj_get_display
 .text.lv_obj_get_child
                0x0800a418       0x2a build/lv_obj_tree.o
                0x0800a418                lv_obj_get_child
 .text.lv_obj_get_child_by_type
                0x0800a442       0x5a build/lv_obj_tree.o
                0x0800a442                lv_obj_get_child_by_type
 .text.lv_obj_get_child_count
                0x0800a49c        0xc build/lv_obj_tree.o
                0x0800a49c                lv_obj_get_child_count
 .text.walk_core
                0x0800a4a8       0x78 build/lv_obj_tree.o
 .text.lv_obj_get_child_count_by_type
                0x0800a520       0x3a build/lv_obj_tree.o
                0x0800a520                lv_obj_get_child_count_by_type
 .text.lv_obj_get_index
                0x0800a55a       0x30 build/lv_obj_tree.o
                0x0800a55a                lv_obj_get_index
 *fill*         0x0800a58a        0x2 
 .text.obj_delete_core
                0x0800a58c      0x16c build/lv_obj_tree.o
 .text.lv_obj_delete
                0x0800a6f8       0x78 build/lv_obj_tree.o
                0x0800a6f8                lv_obj_delete
 .text.lv_obj_delete_async_cb
                0x0800a770        0x8 build/lv_obj_tree.o
 .text.lv_obj_set_parent
                0x0800a778       0xd2 build/lv_obj_tree.o
                0x0800a778                lv_obj_set_parent
 .text.lv_obj_move_to_index
                0x0800a84a       0x80 build/lv_obj_tree.o
                0x0800a84a                lv_obj_move_to_index
 .text.lv_obj_tree_walk
                0x0800a8ca        0x8 build/lv_obj_tree.o
                0x0800a8ca                lv_obj_tree_walk
 .text.lv_obj_get_style_bg_color_filtered
                0x0800a8d2       0x44 build/lv_obj_draw.o
 .text.lv_obj_get_style_bg_grad_color_filtered
                0x0800a916       0x44 build/lv_obj_draw.o
 .text.lv_obj_get_style_border_color_filtered
                0x0800a95a       0x44 build/lv_obj_draw.o
 .text.lv_obj_get_style_outline_color_filtered
                0x0800a99e       0x44 build/lv_obj_draw.o
 .text.lv_obj_get_style_text_color_filtered
                0x0800a9e2       0x44 build/lv_obj_draw.o
 .text.lv_obj_get_style_bg_image_recolor_filtered
                0x0800aa26       0x44 build/lv_obj_draw.o
 .text.lv_obj_get_style_shadow_color_filtered
                0x0800aa6a       0x44 build/lv_obj_draw.o
 .text.lv_obj_get_style_image_recolor_filtered
                0x0800aaae       0x44 build/lv_obj_draw.o
 .text.lv_obj_get_style_line_color_filtered
                0x0800aaf2       0x44 build/lv_obj_draw.o
 .text.lv_obj_get_style_arc_color_filtered
                0x0800ab36       0x44 build/lv_obj_draw.o
 .text.lv_obj_init_draw_rect_dsc
                0x0800ab7a      0x38c build/lv_obj_draw.o
                0x0800ab7a                lv_obj_init_draw_rect_dsc
 .text.lv_obj_init_draw_label_dsc
                0x0800af06       0xd2 build/lv_obj_draw.o
                0x0800af06                lv_obj_init_draw_label_dsc
 .text.lv_obj_init_draw_image_dsc
                0x0800afd8       0xbc build/lv_obj_draw.o
                0x0800afd8                lv_obj_init_draw_image_dsc
 .text.lv_obj_init_draw_line_dsc
                0x0800b094       0xda build/lv_obj_draw.o
                0x0800b094                lv_obj_init_draw_line_dsc
 .text.lv_obj_init_draw_arc_dsc
                0x0800b16e       0x9a build/lv_obj_draw.o
                0x0800b16e                lv_obj_init_draw_arc_dsc
 .text.lv_obj_calculate_ext_draw_size
                0x0800b208       0xda build/lv_obj_draw.o
                0x0800b208                lv_obj_calculate_ext_draw_size
 .text._lv_obj_get_ext_draw_size
                0x0800b2e2        0xc build/lv_obj_draw.o
                0x0800b2e2                _lv_obj_get_ext_draw_size
 .text.lv_obj_refresh_ext_draw_size
                0x0800b2ee       0x56 build/lv_obj_draw.o
                0x0800b2ee                lv_obj_refresh_ext_draw_size
 .text._lv_obj_get_layer_type
                0x0800b344       0x12 build/lv_obj_draw.o
                0x0800b344                _lv_obj_get_layer_type
 *fill*         0x0800b356        0x2 
 .text.event_is_bubbled
                0x0800b358       0x54 build/lv_obj_event.o
 .text.lv_obj_event_base
                0x0800b3ac       0x42 build/lv_obj_event.o
                0x0800b3ac                lv_obj_event_base
 .text.event_send_core
                0x0800b3ee       0x78 build/lv_obj_event.o
 .text.lv_obj_send_event
                0x0800b466       0x52 build/lv_obj_event.o
                0x0800b466                lv_obj_send_event
 .text.lv_obj_add_event_cb
                0x0800b4b8       0x1e build/lv_obj_event.o
                0x0800b4b8                lv_obj_add_event_cb
 .text.lv_event_get_indev
                0x0800b4d6       0x32 build/lv_obj_event.o
                0x0800b4d6                lv_event_get_indev
 .text.lv_event_get_layer
                0x0800b508       0x24 build/lv_obj_event.o
                0x0800b508                lv_event_get_layer
 .text.lv_event_get_key
                0x0800b52c       0x1a build/lv_obj_event.o
                0x0800b52c                lv_event_get_key
 .text.lv_event_set_ext_draw_size
                0x0800b546       0x1c build/lv_obj_event.o
                0x0800b546                lv_event_set_ext_draw_size
 .text.lv_obj_get_style_space_left
                0x0800b562       0x42 build/lv_obj_pos.o
 .text.lv_obj_get_style_space_right
                0x0800b5a4       0x42 build/lv_obj_pos.o
 .text.lv_obj_get_style_space_top
                0x0800b5e6       0x42 build/lv_obj_pos.o
 .text.lv_obj_get_style_space_bottom
                0x0800b628       0x42 build/lv_obj_pos.o
 .text.lv_obj_get_style_transform_scale_x_safe
                0x0800b66a       0x18 build/lv_obj_pos.o
 .text.lv_obj_get_style_transform_scale_y_safe
                0x0800b682       0x18 build/lv_obj_pos.o
 *fill*         0x0800b69a        0x2 
 .text.transform_point
                0x0800b69c      0x110 build/lv_obj_pos.o
 .text.lv_obj_set_x
                0x0800b7ac       0x2e build/lv_obj_pos.o
                0x0800b7ac                lv_obj_set_x
 .text.lv_obj_set_y
                0x0800b7da       0x2e build/lv_obj_pos.o
                0x0800b7da                lv_obj_set_y
 .text.lv_obj_set_pos
                0x0800b808       0x14 build/lv_obj_pos.o
                0x0800b808                lv_obj_set_pos
 .text.lv_obj_set_width
                0x0800b81c       0x2e build/lv_obj_pos.o
                0x0800b81c                lv_obj_set_width
 .text.lv_obj_set_height
                0x0800b84a       0x2e build/lv_obj_pos.o
                0x0800b84a                lv_obj_set_height
 .text.lv_obj_set_size
                0x0800b878       0x14 build/lv_obj_pos.o
                0x0800b878                lv_obj_set_size
 .text.lv_obj_is_layout_positioned
                0x0800b88c       0x3c build/lv_obj_pos.o
                0x0800b88c                lv_obj_is_layout_positioned
 .text.lv_obj_mark_layout_as_dirty
                0x0800b8c8       0x2c build/lv_obj_pos.o
                0x0800b8c8                lv_obj_mark_layout_as_dirty
 .text.lv_obj_set_layout
                0x0800b8f4       0x14 build/lv_obj_pos.o
                0x0800b8f4                lv_obj_set_layout
 .text.lv_obj_align
                0x0800b908       0x1a build/lv_obj_pos.o
                0x0800b908                lv_obj_align
 .text.lv_obj_get_coords
                0x0800b922       0x12 build/lv_obj_pos.o
                0x0800b922                lv_obj_get_coords
 .text.lv_obj_get_x
                0x0800b934       0x28 build/lv_obj_pos.o
                0x0800b934                lv_obj_get_x
 .text.lv_obj_get_y
                0x0800b95c       0x28 build/lv_obj_pos.o
                0x0800b95c                lv_obj_get_y
 .text.lv_obj_get_width
                0x0800b984        0xa build/lv_obj_pos.o
                0x0800b984                lv_obj_get_width
 .text.lv_obj_get_height
                0x0800b98e        0xa build/lv_obj_pos.o
                0x0800b98e                lv_obj_get_height
 .text.lv_obj_get_y2
                0x0800b998       0x14 build/lv_obj_pos.o
                0x0800b998                lv_obj_get_y2
 .text.lv_obj_get_content_width
                0x0800b9ac       0x22 build/lv_obj_pos.o
                0x0800b9ac                lv_obj_get_content_width
 .text.lv_obj_get_content_height
                0x0800b9ce       0x22 build/lv_obj_pos.o
                0x0800b9ce                lv_obj_get_content_height
 .text.lv_obj_get_content_coords
                0x0800b9f0       0x44 build/lv_obj_pos.o
                0x0800b9f0                lv_obj_get_content_coords
 .text.lv_obj_get_self_width
                0x0800ba34       0x20 build/lv_obj_pos.o
                0x0800ba34                lv_obj_get_self_width
 .text.calc_content_width
                0x0800ba54      0x1f4 build/lv_obj_pos.o
 .text.lv_obj_get_self_height
                0x0800bc48       0x20 build/lv_obj_pos.o
                0x0800bc48                lv_obj_get_self_height
 .text.calc_content_height
                0x0800bc68      0x110 build/lv_obj_pos.o
 .text.lv_obj_refresh_self_size
                0x0800bd78       0x3c build/lv_obj_pos.o
                0x0800bd78                lv_obj_refresh_self_size
 .text.lv_obj_move_children_by
                0x0800bdb4       0x60 build/lv_obj_pos.o
                0x0800bdb4                lv_obj_move_children_by
 .text.lv_obj_transform_point
                0x0800be14       0x66 build/lv_obj_pos.o
                0x0800be14                lv_obj_transform_point
 .text.lv_obj_get_transformed_area
                0x0800be7a       0xc6 build/lv_obj_pos.o
                0x0800be7a                lv_obj_get_transformed_area
 .text.lv_obj_area_is_visible
                0x0800bf40      0x104 build/lv_obj_pos.o
                0x0800bf40                lv_obj_area_is_visible
 .text.lv_obj_invalidate_area
                0x0800c044       0x40 build/lv_obj_pos.o
                0x0800c044                lv_obj_invalidate_area
 .text.lv_obj_invalidate
                0x0800c084       0x36 build/lv_obj_pos.o
                0x0800c084                lv_obj_invalidate
 .text.lv_obj_move_to
                0x0800c0ba       0xf6 build/lv_obj_pos.o
                0x0800c0ba                lv_obj_move_to
 .text.lv_obj_refr_pos
                0x0800c1b0      0x258 build/lv_obj_pos.o
                0x0800c1b0                lv_obj_refr_pos
 .text.lv_obj_is_visible
                0x0800c408       0x36 build/lv_obj_pos.o
                0x0800c408                lv_obj_is_visible
 .text.lv_obj_set_ext_click_area
                0x0800c43e       0x10 build/lv_obj_pos.o
                0x0800c43e                lv_obj_set_ext_click_area
 .text.lv_obj_get_click_area
                0x0800c44e       0x22 build/lv_obj_pos.o
                0x0800c44e                lv_obj_get_click_area
 .text.lv_clamp_width
                0x0800c470       0x7c build/lv_obj_pos.o
                0x0800c470                lv_clamp_width
 .text.lv_clamp_height
                0x0800c4ec       0x7c build/lv_obj_pos.o
                0x0800c4ec                lv_clamp_height
 .text.lv_obj_refr_size
                0x0800c568      0x2f0 build/lv_obj_pos.o
                0x0800c568                lv_obj_refr_size
 .text.layout_update_core
                0x0800c858       0x70 build/lv_obj_pos.o
 .text.lv_obj_update_layout
                0x0800c8c8       0x48 build/lv_obj_pos.o
                0x0800c8c8                lv_obj_update_layout
 .text.lv_obj_align_to
                0x0800c910      0x414 build/lv_obj_pos.o
                0x0800c910                lv_obj_align_to
 .text.wait_for_flushing
                0x0800cd24       0x18 build/lv_refr.o
 .text.layer_get_area
                0x0800cd3c       0xb8 build/lv_refr.o
 .text.alpha_test_area_on_obj
                0x0800cdf4       0x3c build/lv_refr.o
 .text.call_flush_cb
                0x0800ce30       0x44 build/lv_refr.o
 .text.lv_refr_get_top_obj
                0x0800ce74       0x80 build/lv_refr.o
 .text.lv_refr_join_area
                0x0800cef4       0xd4 build/lv_refr.o
 .text.refr_sync_areas
                0x0800cfc8      0x15c build/lv_refr.o
 .text.get_max_row
                0x0800d124       0x80 build/lv_refr.o
 .text.layer_reshape_draw_buf
                0x0800d1a4       0x2a build/lv_refr.o
 *fill*         0x0800d1ce        0x2 
 .text.draw_buf_flush
                0x0800d1d0       0x88 build/lv_refr.o
 .text._lv_refr_init
                0x0800d258        0x2 build/lv_refr.o
                0x0800d258                _lv_refr_init
 .text.lv_obj_redraw
                0x0800d25a      0x2f4 build/lv_refr.o
                0x0800d25a                lv_obj_redraw
 *fill*         0x0800d54e        0x2 
 .text.refr_obj
                0x0800d550      0x1d4 build/lv_refr.o
 .text.refr_obj_and_children
                0x0800d724       0x8c build/lv_refr.o
 .text.refr_area_part
                0x0800d7b0      0x110 build/lv_refr.o
 .text.refr_area
                0x0800d8c0      0x1a0 build/lv_refr.o
 .text.refr_invalid_areas
                0x0800da60       0xac build/lv_refr.o
 .text._lv_inv_area
                0x0800db0c       0xf8 build/lv_refr.o
                0x0800db0c                _lv_inv_area
 .text._lv_refr_get_disp_refreshing
                0x0800dc04        0xc build/lv_refr.o
                0x0800dc04                _lv_refr_get_disp_refreshing
 .text._lv_display_refr_timer
                0x0800dc10      0x128 build/lv_refr.o
                0x0800dc10                _lv_display_refr_timer
 .text.lv_indev_get_next
                0x0800dd38       0x1c build/lv_indev.o
                0x0800dd38                lv_indev_get_next
 .text.lv_indev_active
                0x0800dd54        0xc build/lv_indev.o
                0x0800dd54                lv_indev_active
 .text.lv_indev_get_type
                0x0800dd60        0xa build/lv_indev.o
                0x0800dd60                lv_indev_get_type
 .text.lv_indev_get_group
                0x0800dd6a        0xa build/lv_indev.o
                0x0800dd6a                lv_indev_get_group
 .text.lv_indev_get_point
                0x0800dd74       0x2a build/lv_indev.o
                0x0800dd74                lv_indev_get_point
 .text.lv_indev_get_scroll_dir
                0x0800dd9e       0x20 build/lv_indev.o
                0x0800dd9e                lv_indev_get_scroll_dir
 .text.lv_indev_get_scroll_obj
                0x0800ddbe       0x18 build/lv_indev.o
                0x0800ddbe                lv_indev_get_scroll_obj
 .text.lv_indev_get_vect
                0x0800ddd6       0x1e build/lv_indev.o
                0x0800ddd6                lv_indev_get_vect
 .text.lv_indev_get_active_obj
                0x0800ddf4        0xc build/lv_indev.o
                0x0800ddf4                lv_indev_get_active_obj
 .text.lv_indev_send_event
                0x0800de00       0x3e build/lv_indev.o
                0x0800de00                lv_indev_send_event
 *fill*         0x0800de3e        0x2 
 .text.indev_reset_core
                0x0800de40       0xa0 build/lv_indev.o
 .text.lv_indev_reset
                0x0800dee0       0x38 build/lv_indev.o
                0x0800dee0                lv_indev_reset
 .text._lv_layout_init
                0x0800df18       0x1c build/lv_layout.o
                0x0800df18                _lv_layout_init
 .text._lv_layout_apply
                0x0800df34       0x3c build/lv_layout.o
                0x0800df34                _lv_layout_apply
 .text.grid_align
                0x0800df70      0x108 build/lv_grid.o
 .text.count_tracks
                0x0800e078       0x16 build/lv_grid.o
 .text.calc_free
                0x0800e08e       0x1e build/lv_grid.o
 .text.calc_rows
                0x0800e0ac      0x1e0 build/lv_grid.o
 .text.lv_obj_get_style_space_left
                0x0800e28c       0x42 build/lv_grid.o
 .text.lv_obj_get_style_space_top
                0x0800e2ce       0x42 build/lv_grid.o
 .text.get_margin_hor
                0x0800e310       0x24 build/lv_grid.o
 .text.get_margin_ver
                0x0800e334       0x24 build/lv_grid.o
 .text.calc_cols
                0x0800e358      0x208 build/lv_grid.o
 .text.calc     0x0800e560      0x12c build/lv_grid.o
 .text.item_repos
                0x0800e68c      0x3f4 build/lv_grid.o
 .text.grid_update
                0x0800ea80       0xa8 build/lv_grid.o
 .text.lv_grid_init
                0x0800eb28       0x18 build/lv_grid.o
                0x0800eb28                lv_grid_init
 .text.lv_area_get_width
                0x0800eb40        0xa build/lv_flex.o
 .text.lv_area_get_height
                0x0800eb4a        0xa build/lv_flex.o
 .text.place_content
                0x0800eb54       0x86 build/lv_flex.o
 .text.get_next_item
                0x0800ebda       0x34 build/lv_flex.o
 .text.lv_obj_get_style_space_top
                0x0800ec0e       0x42 build/lv_flex.o
 .text.lv_obj_get_style_space_left
                0x0800ec50       0x42 build/lv_flex.o
 .text.lv_obj_get_style_margin_top
                0x0800ec92       0x12 build/lv_flex.o
 .text.lv_obj_get_style_margin_bottom
                0x0800eca4       0x12 build/lv_flex.o
 .text.lv_obj_get_style_margin_left
                0x0800ecb6       0x12 build/lv_flex.o
 .text.lv_obj_get_style_margin_right
                0x0800ecc8       0x12 build/lv_flex.o
 *fill*         0x0800ecda        0x2 
 .text.find_track_end
                0x0800ecdc      0x244 build/lv_flex.o
 .text.lv_obj_get_height_with_margin
                0x0800ef20       0x2c build/lv_flex.o
 .text.lv_obj_get_width_with_margin
                0x0800ef4c       0x2c build/lv_flex.o
 .text.children_repos
                0x0800ef78      0x4a8 build/lv_flex.o
 .text.flex_update
                0x0800f420      0x348 build/lv_flex.o
 .text.lv_flex_init
                0x0800f768       0x18 build/lv_flex.o
                0x0800f768                lv_flex_init
 .text.lv_obj_set_flex_flow
                0x0800f780       0x16 build/lv_flex.o
                0x0800f780                lv_obj_set_flex_flow
 .text.lv_obj_set_flex_align
                0x0800f796       0x2e build/lv_flex.o
                0x0800f796                lv_obj_set_flex_align
 .text.lv_obj_set_flex_grow
                0x0800f7c4       0x16 build/lv_flex.o
                0x0800f7c4                lv_obj_set_flex_grow
 .text.img_draw_core
                0x0800f7da      0x560 build/lv_draw_sw_img.o
 *fill*         0x0800fd3a        0x2 
 .text.lv_draw_sw_image
                0x0800fd3c       0x20 build/lv_draw_sw_img.o
                0x0800fd3c                lv_draw_sw_image
 .text.lv_draw_sw_layer
                0x0800fd5c       0x28 build/lv_draw_sw_img.o
                0x0800fd5c                lv_draw_sw_layer
 .text.lv_point_swap
                0x0800fd84       0x24 build/lv_draw_sw_triangle.o
 .text.lv_draw_sw_triangle
                0x0800fda8      0x3cc build/lv_draw_sw_triangle.o
                0x0800fda8                lv_draw_sw_triangle
 .text.draw_line_hor
                0x08010174      0x124 build/lv_draw_sw_line.o
 .text.draw_line_ver
                0x08010298      0x110 build/lv_draw_sw_line.o
 .text.draw_line_skew
                0x080103a8      0x308 build/lv_draw_sw_line.o
 .text.lv_draw_sw_line
                0x080106b0      0x138 build/lv_draw_sw_line.o
                0x080106b0                lv_draw_sw_line
 .text.draw_letter_cb
                0x080107e8       0xb2 build/lv_draw_sw_letter.o
 *fill*         0x0801089a        0x2 
 .text.lv_draw_sw_label
                0x0801089c       0x18 build/lv_draw_sw_letter.o
                0x0801089c                lv_draw_sw_label
 .text.draw_border_simple
                0x080108b4       0xd6 build/lv_draw_sw_border.o
 .text.draw_border_complex
                0x0801098a      0x3ee build/lv_draw_sw_border.o
 .text.lv_draw_sw_border
                0x08010d78       0xf0 build/lv_draw_sw_border.o
                0x08010d78                lv_draw_sw_border
 .text.add_circle
                0x08010e68       0x5a build/lv_draw_sw_arc.o
 .text.get_rounded_area
                0x08010ec2       0x84 build/lv_draw_sw_arc.o
 .text.lv_draw_sw_arc
                0x08010f46      0x394 build/lv_draw_sw_arc.o
                0x08010f46                lv_draw_sw_arc
 .text.shadow_blur_corner
                0x080112da      0x15a build/lv_draw_sw_box_shadow.o
 .text.shadow_draw_corner_buf
                0x08011434      0x184 build/lv_draw_sw_box_shadow.o
 .text.lv_draw_sw_box_shadow
                0x080115b8      0xa9c build/lv_draw_sw_box_shadow.o
                0x080115b8                lv_draw_sw_box_shadow
 .text.lv_draw_sw_fill
                0x08012054      0x392 build/lv_draw_sw_fill.o
                0x08012054                lv_draw_sw_fill
 .text.allocate_item
                0x080123e6       0x3e build/lv_draw_sw_gradient.o
 .text.lv_gradient_color_calculate
                0x08012424      0x19a build/lv_draw_sw_gradient.o
                0x08012424                lv_gradient_color_calculate
 .text.lv_gradient_get
                0x080125be       0x42 build/lv_draw_sw_gradient.o
                0x080125be                lv_gradient_get
 .text.lv_gradient_cleanup
                0x08012600        0x8 build/lv_draw_sw_gradient.o
                0x08012600                lv_gradient_cleanup
 .text.circ_init
                0x08012608        0xe build/lv_draw_sw_mask.o
 .text.circ_cont
                0x08012616        0xe build/lv_draw_sw_mask.o
 .text.circ_next
                0x08012624       0x3a build/lv_draw_sw_mask.o
 .text.get_next_line
                0x0801265e       0x28 build/lv_draw_sw_mask.o
 .text.line_mask_flat
                0x08012686      0x210 build/lv_draw_sw_mask.o
 .text.line_mask_steep
                0x08012896      0x2fc build/lv_draw_sw_mask.o
 .text.lv_draw_mask_line
                0x08012b92       0xe0 build/lv_draw_sw_mask.o
 .text.lv_draw_mask_angle
                0x08012c72      0x372 build/lv_draw_sw_mask.o
 .text.lv_draw_mask_radius
                0x08012fe4      0x28e build/lv_draw_sw_mask.o
 .text.circ_calc_aa4
                0x08013272      0x2a8 build/lv_draw_sw_mask.o
 *fill*         0x0801351a        0x2 
 .text.lv_draw_sw_mask_init
                0x0801351c       0x10 build/lv_draw_sw_mask.o
                0x0801351c                lv_draw_sw_mask_init
 .text.lv_draw_sw_mask_apply
                0x0801352c       0x50 build/lv_draw_sw_mask.o
                0x0801352c                lv_draw_sw_mask_apply
 .text.lv_draw_sw_mask_free_param
                0x0801357c       0x40 build/lv_draw_sw_mask.o
                0x0801357c                lv_draw_sw_mask_free_param
 .text._lv_draw_sw_mask_cleanup
                0x080135bc       0x44 build/lv_draw_sw_mask.o
                0x080135bc                _lv_draw_sw_mask_cleanup
 .text.lv_draw_sw_mask_line_points_init
                0x08013600      0x16c build/lv_draw_sw_mask.o
                0x08013600                lv_draw_sw_mask_line_points_init
 .text.lv_draw_sw_mask_line_angle_init
                0x0801376c       0x4a build/lv_draw_sw_mask.o
                0x0801376c                lv_draw_sw_mask_line_angle_init
 *fill*         0x080137b6        0x2 
 .text.lv_draw_sw_mask_angle_init
                0x080137b8       0xc4 build/lv_draw_sw_mask.o
                0x080137b8                lv_draw_sw_mask_angle_init
 .text.lv_draw_sw_mask_radius_init
                0x0801387c      0x168 build/lv_draw_sw_mask.o