Archive member included to satisfy reference by file (symbol)

e:/programms/gnu_mcu_eclipse/toolchain/arm-gnu-toolchain-12.2.mpacbti-bet1-mingw-w64-i686-arm-none-eabi/bin/../lib/gcc/arm-none-eabi/12.2.0/thumb/v7e-m+fp/hard\libc.a(libc_a-exit.o)
                              e:/programms/gnu_mcu_eclipse/toolchain/arm-gnu-toolchain-12.2.mpacbti-bet1-mingw-w64-i686-arm-none-eabi/bin/../lib/gcc/arm-none-eabi/12.2.0/thumb/v7e-m+fp/hard/crt0.o (exit)
e:/programms/gnu_mcu_eclipse/toolchain/arm-gnu-toolchain-12.2.mpacbti-bet1-mingw-w64-i686-arm-none-eabi/bin/../lib/gcc/arm-none-eabi/12.2.0/thumb/v7e-m+fp/hard\libc.a(libc_a-findfp.o)
                              e:/programms/gnu_mcu_eclipse/toolchain/arm-gnu-toolchain-12.2.mpacbti-bet1-mingw-w64-i686-arm-none-eabi/bin/../lib/gcc/arm-none-eabi/12.2.0/thumb/v7e-m+fp/hard\libc.a(libc_a-exit.o) (__stdio_exit_handler)
e:/programms/gnu_mcu_eclipse/toolchain/arm-gnu-toolchain-12.2.mpacbti-bet1-mingw-w64-i686-arm-none-eabi/bin/../lib/gcc/arm-none-eabi/12.2.0/thumb/v7e-m+fp/hard\libc.a(libc_a-fwalk.o)
                              e:/programms/gnu_mcu_eclipse/toolchain/arm-gnu-toolchain-12.2.mpacbti-bet1-mingw-w64-i686-arm-none-eabi/bin/../lib/gcc/arm-none-eabi/12.2.0/thumb/v7e-m+fp/hard\libc.a(libc_a-findfp.o) (_fwalk_sglue)
e:/programms/gnu_mcu_eclipse/toolchain/arm-gnu-toolchain-12.2.mpacbti-bet1-mingw-w64-i686-arm-none-eabi/bin/../lib/gcc/arm-none-eabi/12.2.0/thumb/v7e-m+fp/hard\libc.a(libc_a-stdio.o)
                              e:/programms/gnu_mcu_eclipse/toolchain/arm-gnu-toolchain-12.2.mpacbti-bet1-mingw-w64-i686-arm-none-eabi/bin/../lib/gcc/arm-none-eabi/12.2.0/thumb/v7e-m+fp/hard\libc.a(libc_a-findfp.o) (__sread)
e:/programms/gnu_mcu_eclipse/toolchain/arm-gnu-toolchain-12.2.mpacbti-bet1-mingw-w64-i686-arm-none-eabi/bin/../lib/gcc/arm-none-eabi/12.2.0/thumb/v7e-m+fp/hard\libc.a(libc_a-memcmp.o)
                              build/lv_binfont_loader.o (memcmp)
e:/programms/gnu_mcu_eclipse/toolchain/arm-gnu-toolchain-12.2.mpacbti-bet1-mingw-w64-i686-arm-none-eabi/bin/../lib/gcc/arm-none-eabi/12.2.0/thumb/v7e-m+fp/hard\libc.a(libc_a-memset.o)
                              e:/programms/gnu_mcu_eclipse/toolchain/arm-gnu-toolchain-12.2.mpacbti-bet1-mingw-w64-i686-arm-none-eabi/bin/../lib/gcc/arm-none-eabi/12.2.0/thumb/v7e-m+fp/hard/crt0.o (memset)
e:/programms/gnu_mcu_eclipse/toolchain/arm-gnu-toolchain-12.2.mpacbti-bet1-mingw-w64-i686-arm-none-eabi/bin/../lib/gcc/arm-none-eabi/12.2.0/thumb/v7e-m+fp/hard\libc.a(libc_a-closer.o)
                              e:/programms/gnu_mcu_eclipse/toolchain/arm-gnu-toolchain-12.2.mpacbti-bet1-mingw-w64-i686-arm-none-eabi/bin/../lib/gcc/arm-none-eabi/12.2.0/thumb/v7e-m+fp/hard\libc.a(libc_a-stdio.o) (_close_r)
e:/programms/gnu_mcu_eclipse/toolchain/arm-gnu-toolchain-12.2.mpacbti-bet1-mingw-w64-i686-arm-none-eabi/bin/../lib/gcc/arm-none-eabi/12.2.0/thumb/v7e-m+fp/hard\libc.a(libc_a-reent.o)
                              e:/programms/gnu_mcu_eclipse/toolchain/arm-gnu-toolchain-12.2.mpacbti-bet1-mingw-w64-i686-arm-none-eabi/bin/../lib/gcc/arm-none-eabi/12.2.0/thumb/v7e-m+fp/hard\libc.a(libc_a-closer.o) (errno)
e:/programms/gnu_mcu_eclipse/toolchain/arm-gnu-toolchain-12.2.mpacbti-bet1-mingw-w64-i686-arm-none-eabi/bin/../lib/gcc/arm-none-eabi/12.2.0/thumb/v7e-m+fp/hard\libc.a(libc_a-impure.o)
                              e:/programms/gnu_mcu_eclipse/toolchain/arm-gnu-toolchain-12.2.mpacbti-bet1-mingw-w64-i686-arm-none-eabi/bin/../lib/gcc/arm-none-eabi/12.2.0/thumb/v7e-m+fp/hard\libc.a(libc_a-reent.o) (_impure_ptr)
e:/programms/gnu_mcu_eclipse/toolchain/arm-gnu-toolchain-12.2.mpacbti-bet1-mingw-w64-i686-arm-none-eabi/bin/../lib/gcc/arm-none-eabi/12.2.0/thumb/v7e-m+fp/hard\libc.a(libc_a-lseekr.o)
                              e:/programms/gnu_mcu_eclipse/toolchain/arm-gnu-toolchain-12.2.mpacbti-bet1-mingw-w64-i686-arm-none-eabi/bin/../lib/gcc/arm-none-eabi/12.2.0/thumb/v7e-m+fp/hard\libc.a(libc_a-stdio.o) (_lseek_r)
e:/programms/gnu_mcu_eclipse/toolchain/arm-gnu-toolchain-12.2.mpacbti-bet1-mingw-w64-i686-arm-none-eabi/bin/../lib/gcc/arm-none-eabi/12.2.0/thumb/v7e-m+fp/hard\libc.a(libc_a-readr.o)
                              e:/programms/gnu_mcu_eclipse/toolchain/arm-gnu-toolchain-12.2.mpacbti-bet1-mingw-w64-i686-arm-none-eabi/bin/../lib/gcc/arm-none-eabi/12.2.0/thumb/v7e-m+fp/hard\libc.a(libc_a-stdio.o) (_read_r)
e:/programms/gnu_mcu_eclipse/toolchain/arm-gnu-toolchain-12.2.mpacbti-bet1-mingw-w64-i686-arm-none-eabi/bin/../lib/gcc/arm-none-eabi/12.2.0/thumb/v7e-m+fp/hard\libc.a(libc_a-writer.o)
                              e:/programms/gnu_mcu_eclipse/toolchain/arm-gnu-toolchain-12.2.mpacbti-bet1-mingw-w64-i686-arm-none-eabi/bin/../lib/gcc/arm-none-eabi/12.2.0/thumb/v7e-m+fp/hard\libc.a(libc_a-stdio.o) (_write_r)
e:/programms/gnu_mcu_eclipse/toolchain/arm-gnu-toolchain-12.2.mpacbti-bet1-mingw-w64-i686-arm-none-eabi/bin/../lib/gcc/arm-none-eabi/12.2.0/thumb/v7e-m+fp/hard\libc.a(libc_a-init.o)
[...]
Memory Configuration

Name             Origin             Length             Attributes
RAM              0x20000000         0x00020000         xrw
CCMRAM           0x10000000         0x00010000         xrw
FLASH            0x08000000         0x00080000         xr
*default*        0x00000000         0xffffffff

Linker script and memory map

LOAD e:/programms/gnu_mcu_eclipse/toolchain/arm-gnu-toolchain-12.2.mpacbti-bet1-mingw-w64-i686-arm-none-eabi/bin/../lib/gcc/arm-none-eabi/12.2.0/thumb/v7e-m+fp/hard/crti.o
LOAD e:/programms/gnu_mcu_eclipse/toolchain/arm-gnu-toolchain-12.2.mpacbti-bet1-mingw-w64-i686-arm-none-eabi/bin/../lib/gcc/arm-none-eabi/12.2.0/thumb/v7e-m+fp/hard/crtbegin.o
LOAD e:/programms/gnu_mcu_eclipse/toolchain/arm-gnu-toolchain-12.2.mpacbti-bet1-mingw-w64-i686-arm-none-eabi/bin/../lib/gcc/arm-none-eabi/12.2.0/thumb/v7e-m+fp/hard/crt0.o
LOAD build/main.o
LOAD build/stm32f4xx_it.o
LOAD build/stm32f4xx_hal_msp.o
LOAD build/stm32f4xx_hal_spi.o
LOAD build/stm32f4xx_hal_rcc.o
LOAD build/stm32f4xx_hal_rcc_ex.o
LOAD build/stm32f4xx_hal_flash.o
LOAD build/stm32f4xx_hal_flash_ex.o
LOAD build/stm32f4xx_hal_flash_ramfunc.o
LOAD build/stm32f4xx_hal_gpio.o
LOAD build/stm32f4xx_hal_dma_ex.o
LOAD build/stm32f4xx_hal_dma.o
LOAD build/stm32f4xx_hal_pwr.o
LOAD build/stm32f4xx_hal_pwr_ex.o
LOAD build/stm32f4xx_hal_cortex.o
LOAD build/stm32f4xx_hal.o
LOAD build/stm32f4xx_hal_exti.o
LOAD build/stm32f4xx_hal_tim.o
LOAD build/stm32f4xx_hal_tim_ex.o
LOAD build/system_stm32f4xx.o
LOAD build/fonts.o
LOAD build/ili9341.o
LOAD build/lv_tick.o
LOAD build/lv_init.o
LOAD build/lv_display.o
LOAD build/lv_mem.o
LOAD build/lv_mem_core_builtin.o
LOAD build/lv_string_builtin.o
LOAD build/lv_sprintf_builtin.o
LOAD build/lv_tlsf.o
LOAD build/lv_ll.o
LOAD build/lv_event.o
LOAD build/lv_anim.o
LOAD build/lv_array.o
LOAD build/lv_area.o
LOAD build/lv_async.o
LOAD build/lv_style.o
LOAD build/lv_style_gen.o
LOAD build/lv_fs.o
LOAD build/lv_timer.o
LOAD build/lv_text.o
LOAD build/lv_color.o
LOAD build/lv_utils.o
LOAD build/lv_palette.o
LOAD build/lv_math.o
LOAD build/lv_cache.o
LOAD build/lv_cache_entry.o
LOAD build/lv_obj_scroll.o
LOAD build/lv_obj_class.o
LOAD build/lv_obj.o
LOAD build/lv_group.o
LOAD build/lv_obj_style.o
LOAD build/lv_obj_style_gen.o
LOAD build/lv_obj_tree.o
LOAD build/lv_obj_draw.o
LOAD build/lv_obj_event.o
LOAD build/lv_obj_pos.o
LOAD build/lv_refr.o
LOAD build/lv_indev.o
LOAD build/lv_layout.o
LOAD build/lv_grid.o
LOAD build/lv_flex.o
LOAD build/lv_draw_sw_img.o
LOAD build/lv_draw_sw_triangle.o
LOAD build/lv_draw_sw_vector.o
LOAD build/lv_draw_sw_line.o
LOAD build/lv_draw_sw_letter.o
LOAD build/lv_draw_sw_border.o
LOAD build/lv_draw_sw_arc.o
LOAD build/lv_draw_sw_box_shadow.o
LOAD build/lv_draw_sw_fill.o
LOAD build/lv_draw_sw_gradient.o
LOAD build/lv_draw_sw_mask.o
LOAD build/lv_draw_sw_mask_rect.o
LOAD build/lv_draw_sw_transform.o
LOAD build/lv_draw_sw.o
LOAD build/lv_draw_sw_blend.o
LOAD build/lv_draw_sw_blend_to_argb8888.o
LOAD build/lv_draw_sw_blend_to_rgb888.o
LOAD build/lv_draw_sw_blend_to_rgb565.o
LOAD build/lv_image_buf.o
LOAD build/lv_image_decoder.o
LOAD build/lv_draw_arc.o
LOAD build/lv_draw_line.o
LOAD build/lv_draw_mask.o
LOAD build/lv_draw_image.o
LOAD build/lv_draw_buf.o
LOAD build/lv_draw_label.o
LOAD build/lv_draw_rect.o
LOAD build/lv_draw.o
LOAD build/lv_font.o
LOAD build/lv_binfont_loader.o
LOAD build/lv_font_montserrat_8.o
LOAD build/lv_font_montserrat_10.o
LOAD build/lv_font_montserrat_12.o
LOAD build/lv_font_montserrat_14.o
LOAD build/lv_font_montserrat_16.o
LOAD build/lv_font_montserrat_18.o
LOAD build/lv_font_montserrat_20.o
LOAD build/lv_font_montserrat_22.o
LOAD build/lv_font_montserrat_24.o
LOAD build/lv_font_montserrat_26.o
LOAD build/lv_font_montserrat_28_compressed.o
LOAD build/lv_font_montserrat_28.o
LOAD build/lv_font_montserrat_30.o
LOAD build/lv_font_montserrat_32.o
LOAD build/lv_font_montserrat_34.o
LOAD build/lv_font_montserrat_36.o
LOAD build/lv_font_montserrat_38.o
LOAD build/lv_font_montserrat_40.o
LOAD build/lv_font_montserrat_42.o
LOAD build/lv_font_montserrat_44.o
LOAD build/lv_font_montserrat_46.o
LOAD build/lv_font_montserrat_48.o
LOAD build/lv_font_simsun_16_cjk.o
LOAD build/lv_font_unscii_8.o
LOAD build/lv_font_unscii_16.o
LOAD build/lv_font_fmt_txt.o
LOAD build/lv_theme.o
LOAD build/lv_theme_default.o
LOAD build/lv_animimage.o
LOAD build/lv_arc.o
LOAD build/lv_bar.o
LOAD build/lv_button.o
LOAD build/lv_buttonmatrix.o
LOAD build/lv_calendar_header_arrow.o
LOAD build/lv_calendar_header_dropdown.o
LOAD build/lv_calendar.o
LOAD build/lv_canvas.o
LOAD build/lv_chart.o
LOAD build/lv_checkbox.o
LOAD build/lv_dropdown.o
LOAD build/lv_image.o
LOAD build/lv_imagebutton.o
LOAD build/lv_keyboard.o
LOAD build/lv_label.o
LOAD build/lv_led.o
LOAD build/lv_line.o
LOAD build/lv_list.o
LOAD build/lv_menu.o
LOAD build/lv_msgbox.o
LOAD build/lv_objx_templ.o
LOAD build/lv_roller.o
LOAD build/lv_scale.o
LOAD build/lv_slider.o
LOAD build/lv_span.o
LOAD build/lv_spinbox.o
LOAD build/lv_spinner.o
LOAD build/lv_switch.o
LOAD build/lv_table.o
LOAD build/lv_tabview.o
LOAD build/lv_textarea.o
LOAD build/lv_tileview.o
LOAD build/lv_win.o
LOAD build/lv_bin_decoder.o
LOAD build/lv_os_none.o
LOAD build/startup_stm32f407xx.o
LOAD e:/programms/gnu_mcu_eclipse/toolchain/arm-gnu-toolchain-12.2.mpacbti-bet1-mingw-w64-i686-arm-none-eabi/bin/../lib/gcc/arm-none-eabi/12.2.0/thumb/v7e-m+fp/hard\libc.a
LOAD e:/programms/gnu_mcu_eclipse/toolchain/arm-gnu-toolchain-12.2.mpacbti-bet1-mingw-w64-i686-arm-none-eabi/bin/../lib/gcc/arm-none-eabi/12.2.0/thumb/v7e-m+fp/hard\libm.a
LOAD e:/programms/gnu_mcu_eclipse/toolchain/arm-gnu-toolchain-12.2.mpacbti-bet1-mingw-w64-i686-arm-none-eabi/bin/../lib/gcc/arm-none-eabi/12.2.0/thumb/v7e-m+fp/hard\libnosys.a
START GROUP
LOAD e:/programms/gnu_mcu_eclipse/toolchain/arm-gnu-toolchain-12.2.mpacbti-bet1-mingw-w64-i686-arm-none-eabi/bin/../lib/gcc/arm-none-eabi/12.2.0/thumb/v7e-m+fp/hard\libgcc.a
LOAD e:/programms/gnu_mcu_eclipse/toolchain/arm-gnu-toolchain-12.2.mpacbti-bet1-mingw-w64-i686-arm-none-eabi/bin/../lib/gcc/arm-none-eabi/12.2.0/thumb/v7e-m+fp/hard\libc.a
END GROUP
START GROUP
LOAD e:/programms/gnu_mcu_eclipse/toolchain/arm-gnu-toolchain-12.2.mpacbti-bet1-mingw-w64-i686-arm-none-eabi/bin/../lib/gcc/arm-none-eabi/12.2.0/thumb/v7e-m+fp/hard\libgcc.a
LOAD e:/programms/gnu_mcu_eclipse/toolchain/arm-gnu-toolchain-12.2.mpacbti-bet1-mingw-w64-i686-arm-none-eabi/bin/../lib/gcc/arm-none-eabi/12.2.0/thumb/v7e-m+fp/hard\libc.a
LOAD e:/programms/gnu_mcu_eclipse/toolchain/arm-gnu-toolchain-12.2.mpacbti-bet1-mingw-w64-i686-arm-none-eabi/bin/../lib/gcc/arm-none-eabi/12.2.0/thumb/v7e-m+fp/hard\libnosys.a
END GROUP
LOAD e:/programms/gnu_mcu_eclipse/toolchain/arm-gnu-toolchain-12.2.mpacbti-bet1-mingw-w64-i686-arm-none-eabi/bin/../lib/gcc/arm-none-eabi/12.2.0/thumb/v7e-m+fp/hard/crtend.o
LOAD e:/programms/gnu_mcu_eclipse/toolchain/arm-gnu-toolchain-12.2.mpacbti-bet1-mingw-w64-i686-arm-none-eabi/bin/../lib/gcc/arm-none-eabi/12.2.0/thumb/v7e-m+fp/hard/crtn.o
                0x20020000                        _estack = (ORIGIN (RAM) + LENGTH (RAM))
                0x00000200                        _Min_Heap_Size = 0x200
                0x00000400                        _Min_Stack_Size = 0x400

.isr_vector     0x08000000      0x188
                0x08000000                        . = ALIGN (0x4)
 *(.isr_vector)
 .isr_vector    0x08000000      0x188 build/startup_stm32f407xx.o
                0x08000000                g_pfnVectors
                0x08000188                        . = ALIGN (0x4)

.text           0x080001a0    0x2a41c
                0x080001a0                        . = ALIGN (0x4)
 *(.text)
 .text          0x080001a0      0x2dc e:/programms/gnu_mcu_eclipse/toolchain/arm-gnu-toolchain-12.2.mpacbti-bet1-mingw-w64-i686-arm-none-eabi/bin/../lib/gcc/arm-none-eabi/12.2.0/thumb/v7e-m+fp/hard\libc.a(libc_a-strcmp.o)
                0x080001a8                strcmp
 .text          0x0800047c      0x134 e:/programms/gnu_mcu_eclipse/toolchain/arm-gnu-toolchain-12.2.mpacbti-bet1-mingw-w64-i686-arm-none-eabi/bin/../lib/gcc/arm-none-eabi/12.2.0/thumb/v7e-m+fp/hard\libc.a(libc_a-memcpy.o)
                0x0800047c                memcpy
 .text          0x080005b0       0xa0 e:/programms/gnu_mcu_eclipse/toolchain/arm-gnu-toolchain-12.2.mpacbti-bet1-mingw-w64-i686-arm-none-eabi/bin/../lib/gcc/arm-none-eabi/12.2.0/thumb/v7e-m+fp/hard\libgcc.a(_aeabi_ldivmod.o)
                0x080005b0                __aeabi_ldivmod
 .text          0x08000650       0x30 e:/programms/gnu_mcu_eclipse/toolchain/arm-gnu-toolchain-12.2.mpacbti-bet1-mingw-w64-i686-arm-none-eabi/bin/../lib/gcc/arm-none-eabi/12.2.0/thumb/v7e-m+fp/hard\libgcc.a(_aeabi_uldivmod.o)
                0x08000650                __aeabi_uldivmod
 .text          0x08000680        0x4 e:/programms/gnu_mcu_eclipse/toolchain/arm-gnu-toolchain-12.2.mpacbti-bet1-mingw-w64-i686-arm-none-eabi/bin/../lib/gcc/arm-none-eabi/12.2.0/thumb/v7e-m+fp/hard\libgcc.a(_dvmd_tls.o)
                0x08000680                __aeabi_idiv0
                0x08000680                __aeabi_ldiv0
 *(.text*)
 .text.deregister_tm_clones
                0x08000684       0x1c e:/programms/gnu_mcu_eclipse/toolchain/arm-gnu-toolchain-12.2.mpacbti-bet1-mingw-w64-i686-arm-none-eabi/bin/../lib/gcc/arm-none-eabi/12.2.0/thumb/v7e-m+fp/hard/crtbegin.o
 .text.register_tm_clones
                0x080006a0       0x24 e:/programms/gnu_mcu_eclipse/toolchain/arm-gnu-toolchain-12.2.mpacbti-bet1-mingw-w64-i686-arm-none-eabi/bin/../lib/gcc/arm-none-eabi/12.2.0/thumb/v7e-m+fp/hard/crtbegin.o
 .text.__do_global_dtors_aux
                0x080006c4       0x28 e:/programms/gnu_mcu_eclipse/toolchain/arm-gnu-toolchain-12.2.mpacbti-bet1-mingw-w64-i686-arm-none-eabi/bin/../lib/gcc/arm-none-eabi/12.2.0/thumb/v7e-m+fp/hard/crtbegin.o
 .text.frame_dummy
                0x080006ec       0x24 e:/programms/gnu_mcu_eclipse/toolchain/arm-gnu-toolchain-12.2.mpacbti-bet1-mingw-w64-i686-arm-none-eabi/bin/../lib/gcc/arm-none-eabi/12.2.0/thumb/v7e-m+fp/hard/crtbegin.o
 .text.my_disp_flush
                0x08000710       0x54 build/main.o
                0x08000710                my_disp_flush
 .text.MX_GPIO_Init
                0x08000764       0xf8 build/main.o
 .text.lv_screen_active
                0x0800085c        0xc build/main.o
 .text.lv_obj_set_style_transform_scale
                0x08000868       0x18 build/main.o
 .text.init     0x08000880        0xc build/main.o
                0x08000880                init
 .text.Error_Handler
                0x0800088c        0x4 build/main.o
                0x0800088c                Error_Handler
 .text.MX_SPI1_Init
                0x08000890       0x40 build/main.o
 .text.SystemClock_Config
                0x080008d0       0xa8 build/main.o
                0x080008d0                SystemClock_Config
 .text.main     0x08000978      0x16c build/main.o
                0x08000978                main
 .text.NMI_Handler
                0x08000ae4        0x2 build/stm32f4xx_it.o
                0x08000ae4                NMI_Handler
 .text.HardFault_Handler
                0x08000ae6        0x2 build/stm32f4xx_it.o
                0x08000ae6                HardFault_Handler
 .text.MemManage_Handler
                0x08000ae8        0x2 build/stm32f4xx_it.o
                0x08000ae8                MemManage_Handler
 .text.BusFault_Handler
                0x08000aea        0x2 build/stm32f4xx_it.o
                0x08000aea                BusFault_Handler
 .text.UsageFault_Handler
                0x08000aec        0x2 build/stm32f4xx_it.o
                0x08000aec                UsageFault_Handler
 .text.SVC_Handler
                0x08000aee        0x2 build/stm32f4xx_it.o
                0x08000aee                SVC_Handler
 .text.DebugMon_Handler
                0x08000af0        0x2 build/stm32f4xx_it.o
                0x08000af0                DebugMon_Handler
 .text.PendSV_Handler
                0x08000af2        0x2 build/stm32f4xx_it.o
                0x08000af2                PendSV_Handler
 .text.SysTick_Handler
                0x08000af4        0xe build/stm32f4xx_it.o
                0x08000af4                SysTick_Handler
 *fill*         0x08000b02        0x2 
 .text.HAL_MspInit
                0x08000b04       0x38 build/stm32f4xx_hal_msp.o
                0x08000b04                HAL_MspInit
 .text.HAL_SPI_MspInit
                0x08000b3c       0x70 build/stm32f4xx_hal_msp.o
                0x08000b3c                HAL_SPI_MspInit
 .text.SPI_WaitFlagStateUntilTimeout
                0x08000bac       0xc8 build/stm32f4xx_hal_spi.o
 .text.SPI_EndRxTxTransaction
                0x08000c74       0x68 build/stm32f4xx_hal_spi.o
 .text.HAL_SPI_Init
                0x08000cdc       0xbe build/stm32f4xx_hal_spi.o
                0x08000cdc                HAL_SPI_Init
 .text.HAL_SPI_Transmit
                0x08000d9a      0x1b8 build/stm32f4xx_hal_spi.o
                0x08000d9a                HAL_SPI_Transmit
 *fill*         0x08000f52        0x2 
 .text.HAL_RCC_OscConfig
                0x08000f54      0x3f8 build/stm32f4xx_hal_rcc.o
                0x08000f54                HAL_RCC_OscConfig
 .text.HAL_RCC_GetSysClockFreq
                0x0800134c       0xdc build/stm32f4xx_hal_rcc.o
                0x0800134c                HAL_RCC_GetSysClockFreq
 .text.HAL_RCC_ClockConfig
                0x08001428      0x160 build/stm32f4xx_hal_rcc.o
                0x08001428                HAL_RCC_ClockConfig
 .text.HAL_GPIO_Init
                0x08001588      0x1ec build/stm32f4xx_hal_gpio.o
                0x08001588                HAL_GPIO_Init
 .text.HAL_GPIO_WritePin
                0x08001774        0xc build/stm32f4xx_hal_gpio.o
                0x08001774                HAL_GPIO_WritePin
 .text.__NVIC_SetPriority
                0x08001780       0x28 build/stm32f4xx_hal_cortex.o
 .text.NVIC_EncodePriority
                0x080017a8       0x3e build/stm32f4xx_hal_cortex.o
 *fill*         0x080017e6        0x2 
 .text.HAL_NVIC_SetPriorityGrouping
                0x080017e8       0x24 build/stm32f4xx_hal_cortex.o
                0x080017e8                HAL_NVIC_SetPriorityGrouping
 .text.HAL_NVIC_SetPriority
                0x0800180c       0x20 build/stm32f4xx_hal_cortex.o
                0x0800180c                HAL_NVIC_SetPriority
 .text.HAL_SYSTICK_Config
                0x0800182c       0x28 build/stm32f4xx_hal_cortex.o
                0x0800182c                HAL_SYSTICK_Config
 .text.HAL_InitTick
                0x08001854       0x4c build/stm32f4xx_hal.o
                0x08001854                HAL_InitTick
 .text.HAL_Init
                0x080018a0       0x34 build/stm32f4xx_hal.o
                0x080018a0                HAL_Init
 .text.HAL_IncTick
                0x080018d4       0x18 build/stm32f4xx_hal.o
                0x080018d4                HAL_IncTick
 .text.HAL_GetTick
                0x080018ec        0xc build/stm32f4xx_hal.o
                0x080018ec                HAL_GetTick
 .text.HAL_Delay
                0x080018f8       0x28 build/stm32f4xx_hal.o
                0x080018f8                HAL_Delay
 .text.SystemInit
                0x08001920       0x14 build/system_stm32f4xx.o
                0x08001920                SystemInit
 .text.ILI9341_Select
                0x08001934       0x14 build/ili9341.o
 .text.ILI9341_Reset
                0x08001948       0x24 build/ili9341.o
 .text.ILI9341_WriteCommand
                0x0800196c       0x34 build/ili9341.o
 .text.ILI9341_WriteData
                0x080019a0       0x44 build/ili9341.o
 .text.ILI9341_SetAddressWindow
                0x080019e4       0x5e build/ili9341.o
 *fill*         0x08001a42        0x2 
 .text.ILI9341_Unselect
                0x08001a44       0x14 build/ili9341.o
                0x08001a44                ILI9341_Unselect
 .text.ILI9341_Init
                0x08001a58      0x1f8 build/ili9341.o
                0x08001a58                ILI9341_Init
 .text.ILI9341_DrawImage
                0x08001c50       0x54 build/ili9341.o
                0x08001c50                ILI9341_DrawImage
 .text.lv_tick_inc
                0x08001ca4       0x18 build/lv_tick.o
                0x08001ca4                lv_tick_inc
 .text.lv_tick_get
                0x08001cbc       0x28 build/lv_tick.o
                0x08001cbc                lv_tick_get
 .text.lv_tick_elaps
                0x08001ce4       0x14 build/lv_tick.o
                0x08001ce4                lv_tick_elaps
 .text.lv_global_init
                0x08001cf8       0x54 build/lv_init.o
 .text.lv_init  0x08001d4c       0x54 build/lv_init.o
                0x08001d4c                lv_init
 .text.disp_event_cb
                0x08001da0       0x24 build/lv_display.o
 .text.invalidate_layout_cb
                0x08001dc4        0xa build/lv_display.o
 *fill*         0x08001dce        0x2 
 .text.lv_display_get_default
                0x08001dd0        0xc build/lv_display.o
                0x08001dd0                lv_display_get_default
 .text.lv_display_get_next
                0x08001ddc       0x1c build/lv_display.o
                0x08001ddc                lv_display_get_next
 .text.lv_display_get_horizontal_resolution
                0x08001df8       0x2c build/lv_display.o
                0x08001df8                lv_display_get_horizontal_resolution
 .text.lv_display_get_vertical_resolution
                0x08001e24       0x2c build/lv_display.o
                0x08001e24                lv_display_get_vertical_resolution
 .text.lv_display_get_dpi
                0x08001e50       0x18 build/lv_display.o
                0x08001e50                lv_display_get_dpi
 .text.lv_display_set_draw_buffers
                0x08001e68       0x1e build/lv_display.o
                0x08001e68                lv_display_set_draw_buffers
 .text.lv_display_set_flush_cb
                0x08001e86       0x18 build/lv_display.o
                0x08001e86                lv_display_set_flush_cb
 .text.lv_display_get_color_format
                0x08001e9e       0x1a build/lv_display.o
                0x08001e9e                lv_display_get_color_format
 .text.lv_display_flush_ready
                0x08001eb8        0x6 build/lv_display.o
                0x08001eb8                lv_display_flush_ready
 .text.lv_display_is_double_buffered
                0x08001ebe        0xa build/lv_display.o
                0x08001ebe                lv_display_is_double_buffered
 .text.lv_display_get_screen_active
                0x08001ec8       0x18 build/lv_display.o
                0x08001ec8                lv_display_get_screen_active
 .text.lv_display_get_screen_prev
                0x08001ee0       0x18 build/lv_display.o
                0x08001ee0                lv_display_get_screen_prev
 .text.lv_display_get_layer_top
                0x08001ef8       0x18 build/lv_display.o
                0x08001ef8                lv_display_get_layer_top
 .text.lv_display_get_layer_sys
                0x08001f10       0x18 build/lv_display.o
                0x08001f10                lv_display_get_layer_sys
 .text.lv_display_get_layer_bottom
                0x08001f28       0x18 build/lv_display.o
                0x08001f28                lv_display_get_layer_bottom
 .text.lv_display_add_event_cb
                0x08001f40       0x10 build/lv_display.o
                0x08001f40                lv_display_add_event_cb
 .text.lv_display_create
                0x08001f50      0x1c8 build/lv_display.o
                0x08001f50                lv_display_create
 .text.lv_display_send_event
                0x08002118       0x40 build/lv_display.o
                0x08002118                lv_display_send_event
 .text.update_resolution
                0x08002158      0x10c build/lv_display.o
 .text.lv_display_set_rotation
                0x08002264       0x28 build/lv_display.o
                0x08002264                lv_display_set_rotation
 .text.lv_display_get_theme
                0x0800228c       0x14 build/lv_display.o
                0x0800228c                lv_display_get_theme
 .text.lv_display_enable_invalidation
                0x080022a0       0x2a build/lv_display.o
                0x080022a0                lv_display_enable_invalidation
 .text.lv_display_is_invalidation_enabled
                0x080022ca       0x22 build/lv_display.o
                0x080022ca                lv_display_is_invalidation_enabled
 .text.lv_malloc
                0x080022ec       0x14 build/lv_mem.o
                0x080022ec                lv_malloc
 .text.lv_malloc_zeroed
                0x08002300       0x24 build/lv_mem.o
                0x08002300                lv_malloc_zeroed
 .text.lv_free  0x08002324       0x14 build/lv_mem.o
                0x08002324                lv_free
 .text.lv_realloc
                0x08002338       0x24 build/lv_mem.o
                0x08002338                lv_realloc
 .text.lv_mem_init
                0x0800235c       0x40 build/lv_mem_core_builtin.o
                0x0800235c                lv_mem_init
 .text.lv_malloc_core
                0x0800239c       0x2c build/lv_mem_core_builtin.o
                0x0800239c                lv_malloc_core
 .text.lv_realloc_core
                0x080023c8       0x18 build/lv_mem_core_builtin.o
                0x080023c8                lv_realloc_core
 .text.lv_free_core
                0x080023e0       0x2c build/lv_mem_core_builtin.o
                0x080023e0                lv_free_core
 .text.lv_memcpy
                0x0800240c      0x12a build/lv_string_builtin.o
                0x0800240c                lv_memcpy
 .text.lv_memset
                0x08002536       0x4e build/lv_string_builtin.o
                0x08002536                lv_memset
 .text.lv_strlen
                0x08002584       0x10 build/lv_string_builtin.o
                0x08002584                lv_strlen
 .text.lv_strcpy
                0x08002594       0x14 build/lv_string_builtin.o
                0x08002594                lv_strcpy
 .text.lv_strcmp
                0x080025a8       0x16 build/lv_string_builtin.o
                0x080025a8                lv_strcmp
 .text.lv_strdup
                0x080025be       0x20 build/lv_string_builtin.o
                0x080025be                lv_strdup
 .text._out_buffer
                0x080025de        0x8 build/lv_sprintf_builtin.o
 .text._out_null
                0x080025e6        0x2 build/lv_sprintf_builtin.o
 .text._atoi    0x080025e8       0x26 build/lv_sprintf_builtin.o
 .text._out_rev
                0x0800260e       0x7e build/lv_sprintf_builtin.o
 .text._ntoa_format
                0x0800268c      0x136 build/lv_sprintf_builtin.o
 .text._ntoa_long
                0x080027c2       0x94 build/lv_sprintf_builtin.o
 .text._ntoa_long_long
                0x08002856       0xc2 build/lv_sprintf_builtin.o
 .text._lv_vsnprintf
                0x08002918      0x5d8 build/lv_sprintf_builtin.o
 .text.lv_snprintf
                0x08002ef0       0x28 build/lv_sprintf_builtin.o
                0x08002ef0                lv_snprintf
 .text.lv_vsnprintf
                0x08002f18       0x1c build/lv_sprintf_builtin.o
                0x08002f18                lv_vsnprintf
 .text.block_size
                0x08002f34        0x8 build/lv_tlsf.o
 .text.block_set_size
                0x08002f3c        0xc build/lv_tlsf.o
 .text.block_is_last
                0x08002f48        0xe build/lv_tlsf.o
 .text.block_is_free
                0x08002f56        0x8 build/lv_tlsf.o
 .text.block_set_free
                0x08002f5e        0xa build/lv_tlsf.o
 .text.block_set_used
                0x08002f68        0xa build/lv_tlsf.o
 .text.block_is_prev_free
                0x08002f72        0x8 build/lv_tlsf.o
 .text.block_set_prev_free
                0x08002f7a        0xa build/lv_tlsf.o
 .text.block_set_prev_used
                0x08002f84        0xa build/lv_tlsf.o
 .text.block_from_ptr
                0x08002f8e        0x4 build/lv_tlsf.o
 .text.block_to_ptr
                0x08002f92        0x4 build/lv_tlsf.o
 .text.offset_to_block
                0x08002f96        0x4 build/lv_tlsf.o
 .text.block_prev
                0x08002f9a       0x10 build/lv_tlsf.o
 .text.block_next
                0x08002faa       0x28 build/lv_tlsf.o
 .text.block_link_next
                0x08002fd2        0xc build/lv_tlsf.o
 .text.block_mark_as_free
                0x08002fde       0x14 build/lv_tlsf.o
 .text.block_mark_as_used
                0x08002ff2       0x14 build/lv_tlsf.o
 .text.align_up
                0x08003006       0x12 build/lv_tlsf.o
 .text.align_down
                0x08003018        0xe build/lv_tlsf.o
 .text.align_ptr
                0x08003026       0x12 build/lv_tlsf.o
 .text.adjust_request_size
                0x08003038       0x1c build/lv_tlsf.o
 .text.remove_free_block
                0x08003054       0x5a build/lv_tlsf.o
 .text.insert_free_block
                0x080030ae       0x68 build/lv_tlsf.o
 .text.block_can_split
                0x08003116       0x14 build/lv_tlsf.o
 .text.block_split
                0x0800312a       0x6a build/lv_tlsf.o
 .text.block_absorb
                0x08003194       0x26 build/lv_tlsf.o
 .text.control_constructor
                0x080031ba       0x30 build/lv_tlsf.o
 .text.tlsf_fls
                0x080031ea       0x12 build/lv_tlsf.o
 .text.mapping_insert
                0x080031fc       0x30 build/lv_tlsf.o
 .text.block_insert
                0x0800322c       0x26 build/lv_tlsf.o
 .text.block_trim_free
                0x08003252       0x3e build/lv_tlsf.o
 .text.block_prepare_used
                0x08003290       0x20 build/lv_tlsf.o
 .text.block_remove
                0x080032b0       0x26 build/lv_tlsf.o
 .text.block_merge_prev
                0x080032d6       0x3a build/lv_tlsf.o
 .text.block_merge_next
                0x08003310       0x38 build/lv_tlsf.o
 .text.block_trim_used
                0x08003348       0x3e build/lv_tlsf.o
 .text.mapping_search
                0x08003386       0x26 build/lv_tlsf.o
 .text.tlsf_ffs
                0x080033ac       0x12 build/lv_tlsf.o
 .text.search_suitable_block
                0x080033be       0x58 build/lv_tlsf.o
 .text.block_locate_free
                0x08003416       0x52 build/lv_tlsf.o
 .text.lv_tlsf_size
                0x08003468        0x6 build/lv_tlsf.o
                0x08003468                lv_tlsf_size
 .text.lv_tlsf_pool_overhead
                0x0800346e        0x4 build/lv_tlsf.o
                0x0800346e                lv_tlsf_pool_overhead
 .text.lv_tlsf_add_pool
                0x08003472       0x74 build/lv_tlsf.o
                0x08003472                lv_tlsf_add_pool
 .text.lv_tlsf_create
                0x080034e6       0x16 build/lv_tlsf.o
                0x080034e6                lv_tlsf_create
 .text.lv_tlsf_create_with_pool
                0x080034fc       0x1e build/lv_tlsf.o
                0x080034fc                lv_tlsf_create_with_pool
 .text.lv_tlsf_get_pool
                0x0800351a        0xc build/lv_tlsf.o
                0x0800351a                lv_tlsf_get_pool
 .text.lv_tlsf_malloc
                0x08003526       0x22 build/lv_tlsf.o
                0x08003526                lv_tlsf_malloc
 .text.lv_tlsf_free
                0x08003548       0x3e build/lv_tlsf.o
                0x08003548                lv_tlsf_free
 .text.lv_tlsf_realloc
                0x08003586       0xbc build/lv_tlsf.o
                0x08003586                lv_tlsf_realloc
 .text.node_set_prev
                0x08003642        0xa build/lv_ll.o
 .text.node_set_next
                0x0800364c        0xa build/lv_ll.o
 .text._lv_ll_init
                0x08003656       0x10 build/lv_ll.o
                0x08003656                _lv_ll_init
 .text._lv_ll_ins_head
                0x08003666       0x3e build/lv_ll.o
                0x08003666                _lv_ll_ins_head
 .text._lv_ll_ins_tail
                0x080036a4       0x3e build/lv_ll.o
                0x080036a4                _lv_ll_ins_tail
 .text._lv_ll_get_head
                0x080036e2        0x8 build/lv_ll.o
                0x080036e2                _lv_ll_get_head
 .text._lv_ll_get_tail
                0x080036ea        0x8 build/lv_ll.o
                0x080036ea                _lv_ll_get_tail
 .text._lv_ll_get_next
                0x080036f2        0x8 build/lv_ll.o
                0x080036f2                _lv_ll_get_next
 .text._lv_ll_get_prev
                0x080036fa        0x6 build/lv_ll.o
                0x080036fa                _lv_ll_get_prev
 .text._lv_ll_ins_prev
                0x08003700       0x66 build/lv_ll.o
                0x08003700                _lv_ll_ins_prev
 .text._lv_ll_remove
                0x08003766       0x84 build/lv_ll.o
                0x08003766                _lv_ll_remove
 .text._lv_ll_clear_custom
                0x080037ea       0x36 build/lv_ll.o
                0x080037ea                _lv_ll_clear_custom
 .text._lv_ll_get_len
                0x08003820       0x20 build/lv_ll.o
                0x08003820                _lv_ll_get_len
 .text._lv_ll_is_empty
                0x08003840       0x1a build/lv_ll.o
                0x08003840                _lv_ll_is_empty
 *fill*         0x0800385a        0x2 
 .text._lv_event_push
                0x0800385c       0x10 build/lv_event.o
                0x0800385c                _lv_event_push
 .text._lv_event_pop
                0x0800386c        0xc build/lv_event.o
                0x0800386c                _lv_event_pop
 .text.lv_event_send
                0x08003878       0x72 build/lv_event.o
                0x08003878                lv_event_send
 .text.lv_event_add
                0x080038ea       0x30 build/lv_event.o
                0x080038ea                lv_event_add
 .text.lv_event_remove_all
                0x0800391a        0xc build/lv_event.o
                0x0800391a                lv_event_remove_all
 .text.lv_event_get_current_target
                0x08003926        0x4 build/lv_event.o
                0x08003926                lv_event_get_current_target
 .text.lv_event_get_target
                0x0800392a        0x4 build/lv_event.o
                0x0800392a                lv_event_get_target
 .text.lv_event_get_code
                0x0800392e        0x8 build/lv_event.o
                0x0800392e                lv_event_get_code
 .text.lv_event_get_param
                0x08003936        0x4 build/lv_event.o
                0x08003936                lv_event_get_param
 .text.lv_event_get_user_data
                0x0800393a        0x4 build/lv_event.o
                0x0800393a                lv_event_get_user_data
 *fill*         0x0800393e        0x2 
 .text._lv_event_mark_deleted
                0x08003940       0x28 build/lv_event.o
                0x08003940                _lv_event_mark_deleted
 .text.convert_speed_to_time
                0x08003968       0x3c build/lv_anim.o
 .text.resolve_time
                0x080039a4       0x3a build/lv_anim.o
 *fill*         0x080039de        0x2 
 .text.anim_mark_list_change
                0x080039e0       0x30 build/lv_anim.o
 .text.remove_concurrent_anims
                0x08003a10       0x80 build/lv_anim.o
 .text.anim_completed_handler
                0x08003a90       0x88 build/lv_anim.o
 .text.anim_timer
                0x08003b18      0x120 build/lv_anim.o
 .text.delete_core
                0x08003c38       0x74 build/lv_anim.o
 .text.lv_anim_path_linear
                0x08003cac       0x2a build/lv_anim.o
                0x08003cac                lv_anim_path_linear
 .text.lv_anim_path_cubic_bezier
                0x08003cd6       0x3e build/lv_anim.o
 .text._lv_anim_core_init
                0x08003d14       0x34 build/lv_anim.o
                0x08003d14                _lv_anim_core_init
 .text.lv_anim_init
                0x08003d48       0x38 build/lv_anim.o
                0x08003d48                lv_anim_init
 .text.lv_anim_start
                0x08003d80       0x98 build/lv_anim.o
                0x08003d80                lv_anim_start
 .text.lv_anim_delete
                0x08003e18        0xa build/lv_anim.o
                0x08003e18                lv_anim_delete
 *fill*         0x08003e22        0x2 
 .text.lv_anim_get
                0x08003e24       0x34 build/lv_anim.o
                0x08003e24                lv_anim_get
 .text.lv_anim_speed_clamped
                0x08003e58       0x50 build/lv_anim.o
                0x08003e58                lv_anim_speed_clamped
 .text.lv_anim_path_ease_out
                0x08003ea8       0x1c build/lv_anim.o
                0x08003ea8                lv_anim_path_ease_out
 .text.lv_anim_path_step
                0x08003ec4       0x10 build/lv_anim.o
                0x08003ec4                lv_anim_path_step
 .text.lv_anim_path_custom_bezier3
                0x08003ed4       0x20 build/lv_anim.o
                0x08003ed4                lv_anim_path_custom_bezier3
 .text.lv_array_init
                0x08003ef4       0x1c build/lv_array.o
                0x08003ef4                lv_array_init
 .text.lv_array_deinit
                0x08003f10       0x18 build/lv_array.o
                0x08003f10                lv_array_deinit
 .text.lv_array_resize
                0x08003f28       0x24 build/lv_array.o
                0x08003f28                lv_array_resize
 .text.lv_array_push_back
                0x08003f4c       0x36 build/lv_array.o
                0x08003f4c                lv_array_push_back
 .text.lv_array_at
                0x08003f82       0x18 build/lv_array.o
                0x08003f82                lv_array_at
 .text.lv_point_within_circle
                0x08003f9a       0x38 build/lv_area.o
 .text.lv_area_set
                0x08003fd2        0xc build/lv_area.o
                0x08003fd2                lv_area_set
 .text.lv_area_set_width
                0x08003fde        0xa build/lv_area.o
                0x08003fde                lv_area_set_width
 .text.lv_area_set_height
                0x08003fe8        0xa build/lv_area.o
                0x08003fe8                lv_area_set_height
 .text.lv_area_get_size
                0x08003ff2       0x14 build/lv_area.o
                0x08003ff2                lv_area_get_size
 .text.lv_area_increase
                0x08004006       0x1a build/lv_area.o
                0x08004006                lv_area_increase
 .text.lv_area_move
                0x08004020       0x1a build/lv_area.o
                0x08004020                lv_area_move
 .text._lv_area_intersect
                0x0800403a       0x48 build/lv_area.o
                0x0800403a                _lv_area_intersect
 .text._lv_area_join
                0x08004082       0x38 build/lv_area.o
                0x08004082                _lv_area_join
 .text._lv_area_is_point_on
                0x080040ba      0x110 build/lv_area.o
                0x080040ba                _lv_area_is_point_on
 .text._lv_area_is_on
                0x080041ca       0x34 build/lv_area.o
                0x080041ca                _lv_area_is_on
 .text._lv_area_is_in
                0x080041fe       0x8c build/lv_area.o
                0x080041fe                _lv_area_is_in
 .text._lv_area_diff
                0x0800428a      0x114 build/lv_area.o
                0x0800428a                _lv_area_diff
 .text._lv_area_is_out
                0x0800439e       0xa4 build/lv_area.o
                0x0800439e                _lv_area_is_out
 .text.lv_area_align
                0x08004442      0x32c build/lv_area.o
                0x08004442                lv_area_align
 *fill*         0x0800476e        0x2 
 .text.lv_point_transform
                0x08004770      0x1c0 build/lv_area.o
                0x08004770                lv_point_transform
 .text.lv_async_timer_cb
                0x08004930       0x28 build/lv_async.o
 .text.lv_async_call_cancel
                0x08004958       0x5c build/lv_async.o
                0x08004958                lv_async_call_cancel
 .text.lv_style_get_prop_inlined
                0x080049b4       0x56 build/lv_style.o
 .text.lv_style_init
                0x08004a0a        0xc build/lv_style.o
                0x08004a0a                lv_style_init
 .text.lv_style_reset
                0x08004a16       0x1e build/lv_style.o
                0x08004a16                lv_style_reset
 .text.lv_style_remove_prop
                0x08004a34       0x88 build/lv_style.o
                0x08004a34                lv_style_remove_prop
 .text.lv_style_set_prop
                0x08004abc       0x94 build/lv_style.o
                0x08004abc                lv_style_set_prop
 .text.lv_style_get_prop
                0x08004b50        0x8 build/lv_style.o
                0x08004b50                lv_style_get_prop
 .text.lv_style_transition_dsc_init
                0x08004b58       0x2c build/lv_style.o
                0x08004b58                lv_style_transition_dsc_init
 .text.lv_style_is_empty
                0x08004b84        0xa build/lv_style.o
                0x08004b84                lv_style_is_empty
 *fill*         0x08004b8e        0x2 
 .text._lv_style_prop_lookup_flags
                0x08004b90       0x3c build/lv_style.o
                0x08004b90                _lv_style_prop_lookup_flags
 .text.lv_style_set_width
                0x08004bcc       0x14 build/lv_style_gen.o
                0x08004bcc                lv_style_set_width
 .text.lv_style_set_height
                0x08004be0       0x14 build/lv_style_gen.o
                0x08004be0                lv_style_set_height
 .text.lv_style_set_max_height
                0x08004bf4       0x14 build/lv_style_gen.o
                0x08004bf4                lv_style_set_max_height
 .text.lv_style_set_transform_width
                0x08004c08       0x14 build/lv_style_gen.o
                0x08004c08                lv_style_set_transform_width
 .text.lv_style_set_transform_height
                0x08004c1c       0x14 build/lv_style_gen.o
                0x08004c1c                lv_style_set_transform_height
 .text.lv_style_set_pad_top
                0x08004c30       0x14 build/lv_style_gen.o
                0x08004c30                lv_style_set_pad_top
 .text.lv_style_set_pad_bottom
                0x08004c44       0x14 build/lv_style_gen.o
                0x08004c44                lv_style_set_pad_bottom
 .text.lv_style_set_pad_left
                0x08004c58       0x14 build/lv_style_gen.o
                0x08004c58                lv_style_set_pad_left
 .text.lv_style_set_pad_right
                0x08004c6c       0x14 build/lv_style_gen.o
                0x08004c6c                lv_style_set_pad_right
 .text.lv_style_set_pad_row
                0x08004c80       0x14 build/lv_style_gen.o
                0x08004c80                lv_style_set_pad_row
 .text.lv_style_set_pad_column
                0x08004c94       0x14 build/lv_style_gen.o
                0x08004c94                lv_style_set_pad_column
 .text.lv_style_set_bg_color
                0x08004ca8       0x22 build/lv_style_gen.o
                0x08004ca8                lv_style_set_bg_color
 .text.lv_style_set_bg_opa
                0x08004cca       0x14 build/lv_style_gen.o
                0x08004cca                lv_style_set_bg_opa
 .text.lv_style_set_bg_grad_color
                0x08004cde       0x22 build/lv_style_gen.o
                0x08004cde                lv_style_set_bg_grad_color
 .text.lv_style_set_bg_image_src
                0x08004d00       0x14 build/lv_style_gen.o
                0x08004d00                lv_style_set_bg_image_src
 .text.lv_style_set_border_color
                0x08004d14       0x22 build/lv_style_gen.o
                0x08004d14                lv_style_set_border_color
 .text.lv_style_set_border_opa
                0x08004d36       0x14 build/lv_style_gen.o
                0x08004d36                lv_style_set_border_opa
 .text.lv_style_set_border_width
                0x08004d4a       0x14 build/lv_style_gen.o
                0x08004d4a                lv_style_set_border_width
 .text.lv_style_set_border_side
                0x08004d5e       0x14 build/lv_style_gen.o
                0x08004d5e                lv_style_set_border_side
 .text.lv_style_set_border_post
                0x08004d72       0x14 build/lv_style_gen.o
                0x08004d72                lv_style_set_border_post
 .text.lv_style_set_outline_width
                0x08004d86       0x14 build/lv_style_gen.o
                0x08004d86                lv_style_set_outline_width
 .text.lv_style_set_outline_color
                0x08004d9a       0x22 build/lv_style_gen.o
                0x08004d9a                lv_style_set_outline_color
 .text.lv_style_set_outline_opa
                0x08004dbc       0x14 build/lv_style_gen.o
                0x08004dbc                lv_style_set_outline_opa
 .text.lv_style_set_outline_pad
                0x08004dd0       0x14 build/lv_style_gen.o
                0x08004dd0                lv_style_set_outline_pad
 .text.lv_style_set_shadow_width
                0x08004de4       0x14 build/lv_style_gen.o
                0x08004de4                lv_style_set_shadow_width
 .text.lv_style_set_shadow_offset_y
                0x08004df8       0x14 build/lv_style_gen.o
                0x08004df8                lv_style_set_shadow_offset_y
 .text.lv_style_set_shadow_spread
                0x08004e0c       0x14 build/lv_style_gen.o
                0x08004e0c                lv_style_set_shadow_spread
 .text.lv_style_set_shadow_color
                0x08004e20       0x22 build/lv_style_gen.o
                0x08004e20                lv_style_set_shadow_color
 .text.lv_style_set_shadow_opa
                0x08004e42       0x14 build/lv_style_gen.o
                0x08004e42                lv_style_set_shadow_opa
 .text.lv_style_set_line_width
                0x08004e56       0x14 build/lv_style_gen.o
                0x08004e56                lv_style_set_line_width
 .text.lv_style_set_line_color
                0x08004e6a       0x22 build/lv_style_gen.o
                0x08004e6a                lv_style_set_line_color
 .text.lv_style_set_arc_width
                0x08004e8c       0x14 build/lv_style_gen.o
                0x08004e8c                lv_style_set_arc_width
 .text.lv_style_set_arc_rounded
                0x08004ea0       0x14 build/lv_style_gen.o
                0x08004ea0                lv_style_set_arc_rounded
 .text.lv_style_set_arc_color
                0x08004eb4       0x22 build/lv_style_gen.o
                0x08004eb4                lv_style_set_arc_color
 .text.lv_style_set_text_color
                0x08004ed6       0x22 build/lv_style_gen.o
                0x08004ed6                lv_style_set_text_color
 .text.lv_style_set_text_font
                0x08004ef8       0x14 build/lv_style_gen.o
                0x08004ef8                lv_style_set_text_font
 .text.lv_style_set_text_line_space
                0x08004f0c       0x14 build/lv_style_gen.o
                0x08004f0c                lv_style_set_text_line_space
 .text.lv_style_set_text_align
                0x08004f20       0x14 build/lv_style_gen.o
                0x08004f20                lv_style_set_text_align
 .text.lv_style_set_radius
                0x08004f34       0x14 build/lv_style_gen.o
                0x08004f34                lv_style_set_radius
 .text.lv_style_set_clip_corner
                0x08004f48       0x14 build/lv_style_gen.o
                0x08004f48                lv_style_set_clip_corner
 .text.lv_style_set_color_filter_dsc
                0x08004f5c       0x14 build/lv_style_gen.o
                0x08004f5c                lv_style_set_color_filter_dsc
 .text.lv_style_set_color_filter_opa
                0x08004f70       0x14 build/lv_style_gen.o
                0x08004f70                lv_style_set_color_filter_opa
 .text.lv_style_set_anim_duration
                0x08004f84       0x14 build/lv_style_gen.o
                0x08004f84                lv_style_set_anim_duration
 .text.lv_style_set_transition
                0x08004f98       0x14 build/lv_style_gen.o
                0x08004f98                lv_style_set_transition
 .text.lv_fs_get_real_path
                0x08004fac       0x10 build/lv_fs.o
 .text.lv_fs_read_cached
                0x08004fbc      0x180 build/lv_fs.o
 .text._lv_fs_init
                0x0800513c       0x10 build/lv_fs.o
                0x0800513c                _lv_fs_init
 .text.lv_fs_close
                0x0800514c       0x44 build/lv_fs.o
                0x0800514c                lv_fs_close
 .text.lv_fs_read
                0x08005190       0x4a build/lv_fs.o
                0x08005190                lv_fs_read
 .text.lv_fs_seek
                0x080051da       0xa2 build/lv_fs.o
                0x080051da                lv_fs_seek
 .text.lv_fs_tell
                0x0800527c       0x32 build/lv_fs.o
                0x0800527c                lv_fs_tell
 *fill*         0x080052ae        0x2 
 .text.lv_fs_get_drv
                0x080052b0       0x2c build/lv_fs.o
                0x080052b0                lv_fs_get_drv
 .text.lv_fs_open
                0x080052dc       0xa8 build/lv_fs.o
                0x080052dc                lv_fs_open
 .text.lv_fs_get_ext
                0x08005384       0x34 build/lv_fs.o
                0x08005384                lv_fs_get_ext
 .text.lv_timer_handler_resume
                0x080053b8       0x20 build/lv_timer.o
 .text.lv_timer_time_remaining
                0x080053d8       0x18 build/lv_timer.o
 .text.lv_timer_create
                0x080053f0       0x50 build/lv_timer.o
                0x080053f0                lv_timer_create
 .text.lv_timer_delete
                0x08005440       0x20 build/lv_timer.o
                0x08005440                lv_timer_delete
 .text.lv_timer_pause
                0x08005460        0xe build/lv_timer.o
                0x08005460                lv_timer_pause
 *fill*         0x0800546e        0x2 
 .text.lv_timer_exec
                0x08005470       0x64 build/lv_timer.o
 .text.lv_timer_handler
                0x080054d4      0x128 build/lv_timer.o
                0x080054d4                lv_timer_handler
 .text.lv_timer_resume
                0x080055fc       0x14 build/lv_timer.o
                0x080055fc                lv_timer_resume
 .text.lv_timer_ready
                0x08005610       0x16 build/lv_timer.o
                0x08005610                lv_timer_ready
 *fill*         0x08005626        0x2 
 .text.lv_timer_enable
                0x08005628       0x18 build/lv_timer.o
                0x08005628                lv_timer_enable
 .text._lv_timer_core_init
                0x08005640       0x18 build/lv_timer.o
                0x08005640                _lv_timer_core_init
 .text.lv_timer_get_next
                0x08005658       0x1c build/lv_timer.o
                0x08005658                lv_timer_get_next
 .text._lv_text_is_a_word
                0x08005674       0x74 build/lv_text.o
 .text.lv_text_utf8_size
                0x080056e8       0x36 build/lv_text.o
 .text.lv_text_unicode_to_utf8
                0x0800571e       0xa4 build/lv_text.o
 .text.lv_text_utf8_next
                0x080057c2      0x128 build/lv_text.o
 *fill*         0x080058ea        0x2 
 .text.lv_text_utf8_prev
                0x080058ec       0x58 build/lv_text.o
 .text.lv_text_utf8_get_byte_id
                0x08005944       0x34 build/lv_text.o
 .text.lv_text_utf8_get_char_id
                0x08005978       0x2c build/lv_text.o
 .text.lv_text_utf8_get_length
                0x080059a4       0x2c build/lv_text.o
 .text.lv_text_get_next_word
                0x080059d0      0x154 build/lv_text.o
 .text._lv_text_get_next_line
                0x08005b24      0x104 build/lv_text.o
                0x08005b24                _lv_text_get_next_line
 .text._lv_text_ins
                0x08005c28       0x50 build/lv_text.o
                0x08005c28                _lv_text_ins
 .text._lv_text_cut
                0x08005c78       0x40 build/lv_text.o
                0x08005c78                _lv_text_cut
 .text._lv_text_set_text_vfmt
                0x08005cb8       0x34 build/lv_text.o
                0x08005cb8                _lv_text_set_text_vfmt
 .text._lv_text_encoded_letter_next_2
                0x08005cec       0x2c build/lv_text.o
                0x08005cec                _lv_text_encoded_letter_next_2
 .text.lv_text_get_width
                0x08005d18       0x62 build/lv_text.o
                0x08005d18                lv_text_get_width
 .text.lv_text_get_size
                0x08005d7a       0xb8 build/lv_text.o
                0x08005d7a                lv_text_get_size
 .text.lv_color_mix
                0x08005e32       0x8e build/lv_color.o
 .text.lv_color_format_get_bpp
                0x08005ec0       0x3a build/lv_color.o
                0x08005ec0                lv_color_format_get_bpp
 .text.lv_color_format_has_alpha
                0x08005efa       0x1a build/lv_color.o
                0x08005efa                lv_color_format_has_alpha
 .text.lv_color_to_32
                0x08005f14       0x4a build/lv_color.o
                0x08005f14                lv_color_to_32
 .text.lv_color_to_u16
                0x08005f5e       0x2c build/lv_color.o
                0x08005f5e                lv_color_to_u16
 .text.lv_color_to_u32
                0x08005f8a       0x20 build/lv_color.o
                0x08005f8a                lv_color_to_u32
 .text.lv_color_darken
                0x08005faa       0x74 build/lv_color.o
                0x08005faa                lv_color_darken
 .text._lv_utils_bsearch
                0x0800601e       0x44 build/lv_utils.o
                0x0800601e                _lv_utils_bsearch
 *fill*         0x08006062        0x2 
 .text.lv_palette_main
                0x08006064       0x70 build/lv_palette.o
                0x08006064                lv_palette_main
 .text.lv_palette_lighten
                0x080060d4       0xb4 build/lv_palette.o
                0x080060d4                lv_palette_lighten
 .text.lv_palette_darken
                0x08006188       0xb4 build/lv_palette.o
                0x08006188                lv_palette_darken
 .text.do_cubic_bezier
                0x0800623c       0x18 build/lv_math.o
 .text.lv_trigo_sin
                0x08006254       0x8c build/lv_math.o
                0x08006254                lv_trigo_sin
 .text.lv_cubic_bezier
                0x080062e0       0xf8 build/lv_math.o
                0x080062e0                lv_cubic_bezier
 .text.lv_atan2
                0x080063d8       0xb6 build/lv_math.o
                0x080063d8                lv_atan2
 .text.lv_pow   0x0800648e       0x3a build/lv_math.o
                0x0800648e                lv_pow
 .text.lv_map   0x080064c8       0x4c build/lv_math.o
                0x080064c8                lv_map
 .text.lv_rand_set_seed
                0x08006514        0xc build/lv_math.o
                0x08006514                lv_rand_set_seed
 .text.lv_cache_release
                0x08006520       0x4c build/lv_cache.o
                0x08006520                lv_cache_release
 .text.lv_cache_entry_dec_ref
                0x0800656c       0x16 build/lv_cache_entry.o
                0x0800656c                lv_cache_entry_dec_ref
 .text.lv_cache_entry_get_ref
                0x08006582        0x8 build/lv_cache_entry.o
                0x08006582                lv_cache_entry_get_ref
 .text.lv_cache_entry_is_invalid
                0x0800658a        0x8 build/lv_cache_entry.o
                0x0800658a                lv_cache_entry_is_invalid
 .text.lv_cache_entry_get_data
                0x08006592        0xc build/lv_cache_entry.o
                0x08006592                lv_cache_entry_get_data
 .text.lv_cache_entry_release_data
                0x0800659e       0x18 build/lv_cache_entry.o
                0x0800659e                lv_cache_entry_release_data
 .text.lv_cache_entry_delete
                0x080065b6       0x10 build/lv_cache_entry.o
                0x080065b6                lv_cache_entry_delete
 .text.lv_obj_get_style_space_top
                0x080065c6       0x42 build/lv_obj_scroll.o
 .text.lv_obj_get_style_space_bottom
                0x08006608       0x42 build/lv_obj_scroll.o
 .text.lv_obj_get_style_space_right
                0x0800664a       0x42 build/lv_obj_scroll.o
 .text.lv_obj_get_style_space_left
                0x0800668c       0x42 build/lv_obj_scroll.o
 .text.scroll_completed_completed_cb
                0x080066ce        0xe build/lv_obj_scroll.o
 .text.lv_obj_set_scrollbar_mode
                0x080066dc       0x2c build/lv_obj_scroll.o
                0x080066dc                lv_obj_set_scrollbar_mode
 .text.lv_obj_set_scroll_dir
                0x08006708       0x20 build/lv_obj_scroll.o
                0x08006708                lv_obj_set_scroll_dir
 .text.lv_obj_set_scroll_snap_x
                0x08006728       0x1a build/lv_obj_scroll.o
                0x08006728                lv_obj_set_scroll_snap_x
 .text.lv_obj_set_scroll_snap_y
                0x08006742       0x1a build/lv_obj_scroll.o
                0x08006742                lv_obj_set_scroll_snap_y
 .text.lv_obj_get_scrollbar_mode
                0x0800675c       0x12 build/lv_obj_scroll.o
                0x0800675c                lv_obj_get_scrollbar_mode
 .text.lv_obj_get_scroll_dir
                0x0800676e       0x10 build/lv_obj_scroll.o
                0x0800676e                lv_obj_get_scroll_dir
 .text.lv_obj_get_scroll_snap_x
                0x0800677e       0x12 build/lv_obj_scroll.o
                0x0800677e                lv_obj_get_scroll_snap_x
 .text.lv_obj_get_scroll_snap_y
                0x08006790       0x12 build/lv_obj_scroll.o
                0x08006790                lv_obj_get_scroll_snap_y
 .text.lv_obj_get_scroll_x
                0x080067a2        0xe build/lv_obj_scroll.o
                0x080067a2                lv_obj_get_scroll_x
 .text.lv_obj_get_scroll_y
                0x080067b0        0xe build/lv_obj_scroll.o
                0x080067b0                lv_obj_get_scroll_y
 .text.lv_obj_get_scroll_top
                0x080067be        0xe build/lv_obj_scroll.o
                0x080067be                lv_obj_get_scroll_top
 .text.lv_obj_get_scroll_bottom
                0x080067cc       0x9c build/lv_obj_scroll.o
                0x080067cc                lv_obj_get_scroll_bottom
 .text.lv_obj_get_scroll_left
                0x08006868       0xc8 build/lv_obj_scroll.o
                0x08006868                lv_obj_get_scroll_left
 .text.lv_obj_get_scroll_right
                0x08006930       0xbc build/lv_obj_scroll.o
                0x08006930                lv_obj_get_scroll_right
 .text.lv_obj_get_scroll_end
                0x080069ec       0x40 build/lv_obj_scroll.o
                0x080069ec                lv_obj_get_scroll_end
 .text._lv_obj_scroll_by_raw
                0x08006a2c       0x4e build/lv_obj_scroll.o
                0x08006a2c                _lv_obj_scroll_by_raw
 .text.scroll_y_anim
                0x08006a7a       0x16 build/lv_obj_scroll.o
 .text.scroll_x_anim
                0x08006a90       0x16 build/lv_obj_scroll.o
 *fill*         0x08006aa6        0x2 
 .text.lv_obj_scroll_by
                0x08006aa8      0x104 build/lv_obj_scroll.o
                0x08006aa8                lv_obj_scroll_by
 .text.lv_obj_scroll_by_bounded
                0x08006bac       0xde build/lv_obj_scroll.o
                0x08006bac                lv_obj_scroll_by_bounded
 *fill*         0x08006c8a        0x2 
 .text.lv_obj_scroll_to_x
                0x08006c8c       0x28 build/lv_obj_scroll.o
                0x08006c8c                lv_obj_scroll_to_x
 .text.lv_obj_scroll_to_y
                0x08006cb4       0x28 build/lv_obj_scroll.o
                0x08006cb4                lv_obj_scroll_to_y
 .text.lv_obj_scroll_to
                0x08006cdc       0x1a build/lv_obj_scroll.o
                0x08006cdc                lv_obj_scroll_to
 *fill*         0x08006cf6        0x2 
 .text.scroll_area_into_view
                0x08006cf8      0x2bc build/lv_obj_scroll.o
 .text.lv_obj_scroll_to_view_recursive
                0x08006fb4       0x3c build/lv_obj_scroll.o
                0x08006fb4                lv_obj_scroll_to_view_recursive
 .text.lv_obj_get_scrollbar_area
                0x08006ff0      0x704 build/lv_obj_scroll.o
                0x08006ff0                lv_obj_get_scrollbar_area
 .text.lv_obj_scrollbar_invalidate
                0x080076f4       0x46 build/lv_obj_scroll.o
                0x080076f4                lv_obj_scrollbar_invalidate
 .text.lv_obj_readjust_scroll
                0x0800773a       0x98 build/lv_obj_scroll.o
                0x0800773a                lv_obj_readjust_scroll
 .text.lv_obj_construct
                0x080077d2       0x22 build/lv_obj_class.o
 .text.get_instance_size
                0x080077f4       0x24 build/lv_obj_class.o
 .text.lv_obj_class_create_obj
                0x08007818       0xae build/lv_obj_class.o
                0x08007818                lv_obj_class_create_obj
 .text._lv_obj_destruct
                0x080078c6       0x1e build/lv_obj_class.o
                0x080078c6                _lv_obj_destruct
 .text.lv_obj_is_editable
                0x080078e4       0x2a build/lv_obj_class.o
                0x080078e4                lv_obj_is_editable
 .text.lv_obj_is_group_def
                0x0800790e       0x2a build/lv_obj_class.o
                0x0800790e                lv_obj_is_group_def
 .text.lv_obj_class_init_obj
                0x08007938       0x72 build/lv_obj_class.o
                0x08007938                lv_obj_class_init_obj
 .text.lv_style_get_prop_inlined
                0x080079aa       0x56 build/lv_obj.o
 .text.scrollbar_init_draw_dsc
                0x08007a00      0x186 build/lv_obj.o
 .text.draw_scrollbar
                0x08007b86       0x62 build/lv_obj.o
 .text.lv_obj_draw
                0x08007be8      0x222 build/lv_obj.o
 .text.lv_obj_constructor
                0x08007e0a       0x9c build/lv_obj.o
 .text.update_obj_state
                0x08007ea6      0x19a build/lv_obj.o
 .text.lv_obj_create
                0x08008040       0x18 build/lv_obj.o
                0x08008040                lv_obj_create
 .text.lv_obj_remove_flag
                0x08008058       0x7e build/lv_obj.o
                0x08008058                lv_obj_remove_flag
 .text.lv_obj_add_state
                0x080080d6       0x28 build/lv_obj.o
                0x080080d6                lv_obj_add_state
 .text.lv_obj_remove_state
                0x080080fe       0x18 build/lv_obj.o
                0x080080fe                lv_obj_remove_state
 .text.lv_obj_set_state
                0x08008116       0x10 build/lv_obj.o
                0x08008116                lv_obj_set_state
 .text.lv_obj_has_flag
                0x08008126        0xc build/lv_obj.o
                0x08008126                lv_obj_has_flag
 .text.lv_obj_has_flag_any
                0x08008132        0xc build/lv_obj.o
                0x08008132                lv_obj_has_flag_any
 .text.lv_obj_get_state
                0x0800813e        0x4 build/lv_obj.o
                0x0800813e                lv_obj_get_state
 .text.lv_obj_has_state
                0x08008142        0xc build/lv_obj.o
                0x08008142                lv_obj_has_state
 .text.lv_obj_get_group
                0x0800814e        0x8 build/lv_obj.o
                0x0800814e                lv_obj_get_group
 *fill*         0x08008156        0x2 
 .text.lv_obj_event
                0x08008158      0x3ec build/lv_obj.o
 .text.lv_obj_destructor
                0x08008544       0x58 build/lv_obj.o
 .text.lv_obj_add_flag
                0x0800859c       0x8e build/lv_obj.o
                0x0800859c                lv_obj_add_flag
 .text.lv_obj_allocate_spec_attr
                0x0800862a       0x2e build/lv_obj.o
                0x0800862a                lv_obj_allocate_spec_attr
 .text.lv_obj_check_type
                0x08008658       0x12 build/lv_obj.o
                0x08008658                lv_obj_check_type
 .text.get_indev
                0x0800866a       0x38 build/lv_group.o
 .text.focus_next_core
                0x080086a2      0x112 build/lv_group.o
 .text._lv_group_init
                0x080087b4       0x10 build/lv_group.o
                0x080087b4                _lv_group_init
 .text.lv_group_get_default
                0x080087c4        0xc build/lv_group.o
                0x080087c4                lv_group_get_default
 .text.lv_group_focus_next
                0x080087d0       0x24 build/lv_group.o
                0x080087d0                lv_group_focus_next
 .text.lv_group_focus_prev
                0x080087f4       0x24 build/lv_group.o
                0x080087f4                lv_group_focus_prev
 .text.lv_group_refocus
                0x08008818       0x2c build/lv_group.o
 .text.lv_group_remove_obj
                0x08008844       0xa2 build/lv_group.o
                0x08008844                lv_group_remove_obj
 .text.lv_group_add_obj
                0x080088e6       0x7a build/lv_group.o
                0x080088e6                lv_group_add_obj
 .text.lv_group_get_focused
                0x08008960        0xc build/lv_group.o
                0x08008960                lv_group_get_focused
 .text.lv_group_set_editing
                0x0800896c       0x44 build/lv_group.o
                0x0800896c                lv_group_set_editing
 .text.lv_group_get_editing
                0x080089b0        0xe build/lv_group.o
                0x080089b0                lv_group_get_editing
 .text.lv_color_eq
                0x080089be       0x4e build/lv_obj_style.o
 .text.lv_color_mix
                0x08008a0c       0x8e build/lv_obj_style.o
 .text.lv_style_get_prop_inlined
                0x08008a9a       0x56 build/lv_obj_style.o
 .text.lv_style_prop_get_default_inlined
                0x08008af0      0x118 build/lv_obj_style.o
 .text.get_prop_core
                0x08008c08       0xee build/lv_obj_style.o
 *fill*         0x08008cf6        0x2 
 .text.get_selector_style_prop
                0x08008cf8       0x98 build/lv_obj_style.o
 .text.trans_delete
                0x08008d90       0xb0 build/lv_obj_style.o
 .text.style_has_flag
                0x08008e40       0x64 build/lv_obj_style.o
 .text.refresh_children_style
                0x08008ea4       0x3a build/lv_obj_style.o
 .text.get_local_style
                0x08008ede       0xd6 build/lv_obj_style.o
 .text.get_trans_style
                0x08008fb4       0xb6 build/lv_obj_style.o
 *fill*         0x0800906a        0x2 
 .text._lv_obj_style_init
                0x0800906c       0x10 build/lv_obj_style.o
                0x0800906c                _lv_obj_style_init
 .text.lv_obj_enable_style_refresh
                0x0800907c        0xc build/lv_obj_style.o
                0x0800907c                lv_obj_enable_style_refresh
 .text.lv_obj_get_style_prop
                0x08009088       0x34 build/lv_obj_style.o
                0x08009088                lv_obj_get_style_prop
 .text.calculate_layer_type
                0x080090bc       0x96 build/lv_obj_style.o
 *fill*         0x08009152        0x2 
 .text.lv_obj_refresh_style
                0x08009154      0x128 build/lv_obj_style.o
                0x08009154                lv_obj_refresh_style
 .text.lv_obj_remove_style
                0x0800927c      0x120 build/lv_obj_style.o
                0x0800927c                lv_obj_remove_style
 .text.lv_obj_remove_style_all
                0x0800939c       0x10 build/lv_obj_style.o
                0x0800939c                lv_obj_remove_style_all
 .text.trans_anim_completed_cb
                0x080093ac       0xac build/lv_obj_style.o
 .text.lv_obj_add_style
                0x08009458       0xf0 build/lv_obj_style.o
                0x08009458                lv_obj_add_style
 .text.report_style_change_core
                0x08009548       0x50 build/lv_obj_style.o
 .text.lv_obj_report_style_change
                0x08009598       0x44 build/lv_obj_style.o
                0x08009598                lv_obj_report_style_change
 .text.trans_anim_cb
                0x080095dc      0x1a4 build/lv_obj_style.o
 .text.trans_anim_start_cb
                0x08009780       0x3e build/lv_obj_style.o
 .text.lv_obj_set_local_style_prop
                0x080097be       0x42 build/lv_obj_style.o
                0x080097be                lv_obj_set_local_style_prop
 .text.lv_obj_get_local_style_prop
                0x08009800       0x44 build/lv_obj_style.o
                0x08009800                lv_obj_get_local_style_prop
 .text.lv_obj_remove_local_style_prop
                0x08009844       0x5e build/lv_obj_style.o
                0x08009844                lv_obj_remove_local_style_prop
 *fill*         0x080098a2        0x2 
 .text._lv_obj_style_create_transition
                0x080098a4      0x15c build/lv_obj_style.o
                0x080098a4                _lv_obj_style_create_transition
 .text._lv_obj_style_apply_color_filter
                0x08009a00       0x58 build/lv_obj_style.o
                0x08009a00                _lv_obj_style_apply_color_filter
 .text._lv_obj_style_state_compare
                0x08009a58      0x24c build/lv_obj_style.o
                0x08009a58                _lv_obj_style_state_compare
 .text.lv_obj_calculate_style_text_align
                0x08009ca4       0x28 build/lv_obj_style.o
                0x08009ca4                lv_obj_calculate_style_text_align
 .text.lv_obj_get_style_opa_recursive
                0x08009ccc       0x7c build/lv_obj_style.o
                0x08009ccc                lv_obj_get_style_opa_recursive
 .text.lv_obj_set_style_width
                0x08009d48       0x16 build/lv_obj_style_gen.o
                0x08009d48                lv_obj_set_style_width
 .text.lv_obj_set_style_min_width
                0x08009d5e       0x16 build/lv_obj_style_gen.o
                0x08009d5e                lv_obj_set_style_min_width
 .text.lv_obj_set_style_height
                0x08009d74       0x16 build/lv_obj_style_gen.o
                0x08009d74                lv_obj_set_style_height
 .text.lv_obj_set_style_x
                0x08009d8a       0x16 build/lv_obj_style_gen.o
                0x08009d8a                lv_obj_set_style_x
 .text.lv_obj_set_style_y
                0x08009da0       0x16 build/lv_obj_style_gen.o
                0x08009da0                lv_obj_set_style_y
 .text.lv_obj_set_style_align
                0x08009db6       0x16 build/lv_obj_style_gen.o
                0x08009db6                lv_obj_set_style_align
 .text.lv_obj_set_style_transform_scale_x
                0x08009dcc       0x16 build/lv_obj_style_gen.o
                0x08009dcc                lv_obj_set_style_transform_scale_x
 .text.lv_obj_set_style_transform_scale_y
                0x08009de2       0x16 build/lv_obj_style_gen.o
                0x08009de2                lv_obj_set_style_transform_scale_y
 .text.lv_obj_set_style_transform_rotation
                0x08009df8       0x16 build/lv_obj_style_gen.o
                0x08009df8                lv_obj_set_style_transform_rotation
 .text.lv_obj_set_style_transform_pivot_x
                0x08009e0e       0x16 build/lv_obj_style_gen.o
                0x08009e0e                lv_obj_set_style_transform_pivot_x
 .text.lv_obj_set_style_transform_pivot_y
                0x08009e24       0x16 build/lv_obj_style_gen.o
                0x08009e24                lv_obj_set_style_transform_pivot_y
 .text.lv_obj_set_style_bg_image_src
                0x08009e3a       0x16 build/lv_obj_style_gen.o
                0x08009e3a                lv_obj_set_style_bg_image_src
 .text.lv_obj_set_style_text_align
                0x08009e50       0x16 build/lv_obj_style_gen.o
                0x08009e50                lv_obj_set_style_text_align
 .text.lv_obj_set_style_opa
                0x08009e66       0x16 build/lv_obj_style_gen.o
                0x08009e66                lv_obj_set_style_opa
 .text.lv_obj_set_style_layout
                0x08009e7c       0x16 build/lv_obj_style_gen.o
                0x08009e7c                lv_obj_set_style_layout
 .text.lv_obj_set_style_base_dir
                0x08009e92       0x16 build/lv_obj_style_gen.o
                0x08009e92                lv_obj_set_style_base_dir
 .text.lv_obj_set_style_flex_flow
                0x08009ea8       0x16 build/lv_obj_style_gen.o
                0x08009ea8                lv_obj_set_style_flex_flow
 .text.lv_obj_set_style_flex_main_place
                0x08009ebe       0x16 build/lv_obj_style_gen.o
                0x08009ebe                lv_obj_set_style_flex_main_place
 .text.lv_obj_set_style_flex_cross_place
                0x08009ed4       0x16 build/lv_obj_style_gen.o
                0x08009ed4                lv_obj_set_style_flex_cross_place
 .text.lv_obj_set_style_flex_track_place
                0x08009eea       0x16 build/lv_obj_style_gen.o
                0x08009eea                lv_obj_set_style_flex_track_place
 .text.lv_obj_set_style_flex_grow
                0x08009f00       0x16 build/lv_obj_style_gen.o
                0x08009f00                lv_obj_set_style_flex_grow
 .text.lv_obj_get_parent
                0x08009f16        0x8 build/lv_obj_tree.o
                0x08009f16                lv_obj_get_parent
 .text.lv_obj_get_screen
                0x08009f1e       0x10 build/lv_obj_tree.o
                0x08009f1e                lv_obj_get_screen
 *fill*         0x08009f2e        0x2 
 .text.lv_obj_get_display
                0x08009f30       0x40 build/lv_obj_tree.o
                0x08009f30                lv_obj_get_display
 .text.lv_obj_get_child
                0x08009f70       0x2a build/lv_obj_tree.o
                0x08009f70                lv_obj_get_child
 .text.lv_obj_get_child_by_type
                0x08009f9a       0x5a build/lv_obj_tree.o
                0x08009f9a                lv_obj_get_child_by_type
 .text.lv_obj_get_child_count
                0x08009ff4        0xc build/lv_obj_tree.o
                0x08009ff4                lv_obj_get_child_count
 .text.walk_core
                0x0800a000       0x78 build/lv_obj_tree.o
 .text.lv_obj_get_child_count_by_type
                0x0800a078       0x3a build/lv_obj_tree.o
                0x0800a078                lv_obj_get_child_count_by_type
 .text.lv_obj_get_index
                0x0800a0b2       0x30 build/lv_obj_tree.o
                0x0800a0b2                lv_obj_get_index
 *fill*         0x0800a0e2        0x2 
 .text.obj_delete_core
                0x0800a0e4      0x16c build/lv_obj_tree.o
 .text.lv_obj_delete
                0x0800a250       0x78 build/lv_obj_tree.o
                0x0800a250                lv_obj_delete
 .text.lv_obj_delete_async_cb
                0x0800a2c8        0x8 build/lv_obj_tree.o
 .text.lv_obj_set_parent
                0x0800a2d0       0xd2 build/lv_obj_tree.o
                0x0800a2d0                lv_obj_set_parent
 .text.lv_obj_move_to_index
                0x0800a3a2       0x80 build/lv_obj_tree.o
                0x0800a3a2                lv_obj_move_to_index
 .text.lv_obj_tree_walk
                0x0800a422        0x8 build/lv_obj_tree.o
                0x0800a422                lv_obj_tree_walk
 .text.lv_obj_get_style_bg_color_filtered
                0x0800a42a       0x44 build/lv_obj_draw.o
 .text.lv_obj_get_style_bg_grad_color_filtered
                0x0800a46e       0x44 build/lv_obj_draw.o
 .text.lv_obj_get_style_border_color_filtered
                0x0800a4b2       0x44 build/lv_obj_draw.o
 .text.lv_obj_get_style_outline_color_filtered
                0x0800a4f6       0x44 build/lv_obj_draw.o
 .text.lv_obj_get_style_text_color_filtered
                0x0800a53a       0x44 build/lv_obj_draw.o
 .text.lv_obj_get_style_bg_image_recolor_filtered
                0x0800a57e       0x44 build/lv_obj_draw.o
 .text.lv_obj_get_style_shadow_color_filtered
                0x0800a5c2       0x44 build/lv_obj_draw.o
 .text.lv_obj_get_style_image_recolor_filtered
                0x0800a606       0x44 build/lv_obj_draw.o
 .text.lv_obj_get_style_line_color_filtered
                0x0800a64a       0x44 build/lv_obj_draw.o
 .text.lv_obj_get_style_arc_color_filtered
                0x0800a68e       0x44 build/lv_obj_draw.o
 .text.lv_obj_init_draw_rect_dsc
                0x0800a6d2      0x38c build/lv_obj_draw.o
                0x0800a6d2                lv_obj_init_draw_rect_dsc
 .text.lv_obj_init_draw_label_dsc
                0x0800aa5e       0xd2 build/lv_obj_draw.o
                0x0800aa5e                lv_obj_init_draw_label_dsc
 .text.lv_obj_init_draw_image_dsc
                0x0800ab30       0xbc build/lv_obj_draw.o
                0x0800ab30                lv_obj_init_draw_image_dsc
 .text.lv_obj_init_draw_line_dsc
                0x0800abec       0xda build/lv_obj_draw.o
                0x0800abec                lv_obj_init_draw_line_dsc
 .text.lv_obj_init_draw_arc_dsc
                0x0800acc6       0x9a build/lv_obj_draw.o
                0x0800acc6                lv_obj_init_draw_arc_dsc
 .text.lv_obj_calculate_ext_draw_size
                0x0800ad60       0xda build/lv_obj_draw.o
                0x0800ad60                lv_obj_calculate_ext_draw_size
 .text._lv_obj_get_ext_draw_size
                0x0800ae3a        0xc build/lv_obj_draw.o
                0x0800ae3a                _lv_obj_get_ext_draw_size
 .text.lv_obj_refresh_ext_draw_size
                0x0800ae46       0x56 build/lv_obj_draw.o
                0x0800ae46                lv_obj_refresh_ext_draw_size
 .text._lv_obj_get_layer_type
                0x0800ae9c       0x12 build/lv_obj_draw.o
                0x0800ae9c                _lv_obj_get_layer_type
 *fill*         0x0800aeae        0x2 
 .text.event_is_bubbled
                0x0800aeb0       0x54 build/lv_obj_event.o
 .text.lv_obj_event_base
                0x0800af04       0x42 build/lv_obj_event.o
                0x0800af04                lv_obj_event_base
 .text.event_send_core
                0x0800af46       0x78 build/lv_obj_event.o
 .text.lv_obj_send_event
                0x0800afbe       0x52 build/lv_obj_event.o
                0x0800afbe                lv_obj_send_event
 .text.lv_obj_add_event_cb
                0x0800b010       0x1e build/lv_obj_event.o
                0x0800b010                lv_obj_add_event_cb
 .text.lv_event_get_indev
                0x0800b02e       0x32 build/lv_obj_event.o
                0x0800b02e                lv_event_get_indev
 .text.lv_event_get_layer
                0x0800b060       0x24 build/lv_obj_event.o
                0x0800b060                lv_event_get_layer
 .text.lv_event_get_key
                0x0800b084       0x1a build/lv_obj_event.o
                0x0800b084                lv_event_get_key
 .text.lv_event_set_ext_draw_size
                0x0800b09e       0x1c build/lv_obj_event.o
                0x0800b09e                lv_event_set_ext_draw_size
 .text.lv_obj_get_style_space_left
                0x0800b0ba       0x42 build/lv_obj_pos.o
 .text.lv_obj_get_style_space_right
                0x0800b0fc       0x42 build/lv_obj_pos.o
 .text.lv_obj_get_style_space_top
                0x0800b13e       0x42 build/lv_obj_pos.o
 .text.lv_obj_get_style_space_bottom
                0x0800b180       0x42 build/lv_obj_pos.o
 .text.lv_obj_get_style_transform_scale_x_safe
                0x0800b1c2       0x18 build/lv_obj_pos.o
 .text.lv_obj_get_style_transform_scale_y_safe
                0x0800b1da       0x18 build/lv_obj_pos.o
 *fill*         0x0800b1f2        0x2 
 .text.transform_point
                0x0800b1f4      0x110 build/lv_obj_pos.o
 .text.lv_obj_set_x
                0x0800b304       0x2e build/lv_obj_pos.o
                0x0800b304                lv_obj_set_x
 .text.lv_obj_set_y
                0x0800b332       0x2e build/lv_obj_pos.o
                0x0800b332                lv_obj_set_y
 .text.lv_obj_set_pos
                0x0800b360       0x14 build/lv_obj_pos.o
                0x0800b360                lv_obj_set_pos
 .text.lv_obj_set_width
                0x0800b374       0x2e build/lv_obj_pos.o
                0x0800b374                lv_obj_set_width
 .text.lv_obj_set_height
                0x0800b3a2       0x2e build/lv_obj_pos.o
                0x0800b3a2                lv_obj_set_height
 .text.lv_obj_set_size
                0x0800b3d0       0x14 build/lv_obj_pos.o
                0x0800b3d0                lv_obj_set_size
 .text.lv_obj_is_layout_positioned
                0x0800b3e4       0x3c build/lv_obj_pos.o
                0x0800b3e4                lv_obj_is_layout_positioned
 .text.lv_obj_mark_layout_as_dirty
                0x0800b420       0x2c build/lv_obj_pos.o
                0x0800b420                lv_obj_mark_layout_as_dirty
 .text.lv_obj_set_layout
                0x0800b44c       0x14 build/lv_obj_pos.o
                0x0800b44c                lv_obj_set_layout
 .text.lv_obj_align
                0x0800b460       0x1a build/lv_obj_pos.o
                0x0800b460                lv_obj_align
 .text.lv_obj_get_coords
                0x0800b47a       0x12 build/lv_obj_pos.o
                0x0800b47a                lv_obj_get_coords
 .text.lv_obj_get_x
                0x0800b48c       0x28 build/lv_obj_pos.o
                0x0800b48c                lv_obj_get_x
 .text.lv_obj_get_y
                0x0800b4b4       0x28 build/lv_obj_pos.o
                0x0800b4b4                lv_obj_get_y
 .text.lv_obj_get_width
                0x0800b4dc        0xa build/lv_obj_pos.o
                0x0800b4dc                lv_obj_get_width
 .text.lv_obj_get_height
                0x0800b4e6        0xa build/lv_obj_pos.o
                0x0800b4e6                lv_obj_get_height
 .text.lv_obj_get_y2
                0x0800b4f0       0x14 build/lv_obj_pos.o
                0x0800b4f0                lv_obj_get_y2
 .text.lv_obj_get_content_width
                0x0800b504       0x22 build/lv_obj_pos.o
                0x0800b504                lv_obj_get_content_width
 .text.lv_obj_get_content_height
                0x0800b526       0x22 build/lv_obj_pos.o
                0x0800b526                lv_obj_get_content_height
 .text.lv_obj_get_content_coords
                0x0800b548       0x44 build/lv_obj_pos.o
                0x0800b548                lv_obj_get_content_coords
 .text.lv_obj_get_self_width
                0x0800b58c       0x20 build/lv_obj_pos.o
                0x0800b58c                lv_obj_get_self_width
 .text.calc_content_width
                0x0800b5ac      0x1f4 build/lv_obj_pos.o
 .text.lv_obj_get_self_height
                0x0800b7a0       0x20 build/lv_obj_pos.o
                0x0800b7a0                lv_obj_get_self_height
 .text.calc_content_height
                0x0800b7c0      0x110 build/lv_obj_pos.o
 .text.lv_obj_refresh_self_size
                0x0800b8d0       0x3c build/lv_obj_pos.o
                0x0800b8d0                lv_obj_refresh_self_size
 .text.lv_obj_move_children_by
                0x0800b90c       0x60 build/lv_obj_pos.o
                0x0800b90c                lv_obj_move_children_by
 .text.lv_obj_transform_point
                0x0800b96c       0x66 build/lv_obj_pos.o
                0x0800b96c                lv_obj_transform_point
 .text.lv_obj_get_transformed_area
                0x0800b9d2       0xc6 build/lv_obj_pos.o
                0x0800b9d2                lv_obj_get_transformed_area
 .text.lv_obj_area_is_visible
                0x0800ba98      0x104 build/lv_obj_pos.o
                0x0800ba98                lv_obj_area_is_visible
 .text.lv_obj_invalidate_area
                0x0800bb9c       0x40 build/lv_obj_pos.o
                0x0800bb9c                lv_obj_invalidate_area
 .text.lv_obj_invalidate
                0x0800bbdc       0x36 build/lv_obj_pos.o
                0x0800bbdc                lv_obj_invalidate
 .text.lv_obj_move_to
                0x0800bc12       0xf6 build/lv_obj_pos.o
                0x0800bc12                lv_obj_move_to
 .text.lv_obj_refr_pos
                0x0800bd08      0x258 build/lv_obj_pos.o
                0x0800bd08                lv_obj_refr_pos
 .text.lv_obj_is_visible
                0x0800bf60       0x36 build/lv_obj_pos.o
                0x0800bf60                lv_obj_is_visible
 .text.lv_obj_set_ext_click_area
                0x0800bf96       0x10 build/lv_obj_pos.o
                0x0800bf96                lv_obj_set_ext_click_area
 .text.lv_obj_get_click_area
                0x0800bfa6       0x22 build/lv_obj_pos.o
                0x0800bfa6                lv_obj_get_click_area
 .text.lv_clamp_width
                0x0800bfc8       0x7c build/lv_obj_pos.o
                0x0800bfc8                lv_clamp_width
 .text.lv_clamp_height
                0x0800c044       0x7c build/lv_obj_pos.o
                0x0800c044                lv_clamp_height
 .text.lv_obj_refr_size
                0x0800c0c0      0x2f0 build/lv_obj_pos.o
                0x0800c0c0                lv_obj_refr_size
 .text.layout_update_core
                0x0800c3b0       0x70 build/lv_obj_pos.o
 .text.lv_obj_update_layout
                0x0800c420       0x48 build/lv_obj_pos.o
                0x0800c420                lv_obj_update_layout
 .text.lv_obj_align_to
                0x0800c468      0x414 build/lv_obj_pos.o
                0x0800c468                lv_obj_align_to
 .text.wait_for_flushing
                0x0800c87c       0x18 build/lv_refr.o
 .text.layer_get_area
                0x0800c894       0xb8 build/lv_refr.o
 .text.alpha_test_area_on_obj
                0x0800c94c       0x3c build/lv_refr.o
 .text.call_flush_cb
                0x0800c988       0x44 build/lv_refr.o
 .text.lv_refr_get_top_obj
                0x0800c9cc       0x80 build/lv_refr.o
 .text.lv_refr_join_area
                0x0800ca4c       0xd4 build/lv_refr.o
 .text.refr_sync_areas
                0x0800cb20      0x15c build/lv_refr.o
 .text.get_max_row
                0x0800cc7c       0x80 build/lv_refr.o
 .text.layer_reshape_draw_buf
                0x0800ccfc       0x2a build/lv_refr.o
 *fill*         0x0800cd26        0x2 
 .text.draw_buf_flush
                0x0800cd28       0x88 build/lv_refr.o
 .text._lv_refr_init
                0x0800cdb0        0x2 build/lv_refr.o
                0x0800cdb0                _lv_refr_init
 .text.lv_obj_redraw
                0x0800cdb2      0x2f4 build/lv_refr.o
                0x0800cdb2                lv_obj_redraw
 *fill*         0x0800d0a6        0x2 
 .text.refr_obj
                0x0800d0a8      0x1d4 build/lv_refr.o
 .text.refr_obj_and_children
                0x0800d27c       0x8c build/lv_refr.o
 .text.refr_area_part
                0x0800d308      0x110 build/lv_refr.o
 .text.refr_area
                0x0800d418      0x1a0 build/lv_refr.o
 .text.refr_invalid_areas
                0x0800d5b8       0xac build/lv_refr.o
 .text._lv_inv_area
                0x0800d664       0xf8 build/lv_refr.o
                0x0800d664                _lv_inv_area
 .text._lv_refr_get_disp_refreshing
                0x0800d75c        0xc build/lv_refr.o
                0x0800d75c                _lv_refr_get_disp_refreshing
 .text._lv_display_refr_timer
                0x0800d768      0x128 build/lv_refr.o
                0x0800d768                _lv_display_refr_timer
 .text.lv_indev_get_next
                0x0800d890       0x1c build/lv_indev.o
                0x0800d890                lv_indev_get_next
 .text.lv_indev_active
                0x0800d8ac        0xc build/lv_indev.o
                0x0800d8ac                lv_indev_active
 .text.lv_indev_get_type
                0x0800d8b8        0xa build/lv_indev.o
                0x0800d8b8                lv_indev_get_type
 .text.lv_indev_get_group
                0x0800d8c2        0xa build/lv_indev.o
                0x0800d8c2                lv_indev_get_group
 .text.lv_indev_get_point
                0x0800d8cc       0x2a build/lv_indev.o
                0x0800d8cc                lv_indev_get_point
 .text.lv_indev_get_scroll_dir
                0x0800d8f6       0x20 build/lv_indev.o
                0x0800d8f6                lv_indev_get_scroll_dir
 .text.lv_indev_get_scroll_obj
                0x0800d916       0x18 build/lv_indev.o
                0x0800d916                lv_indev_get_scroll_obj
 .text.lv_indev_get_vect
                0x0800d92e       0x1e build/lv_indev.o
                0x0800d92e                lv_indev_get_vect
 .text.lv_indev_get_active_obj
                0x0800d94c        0xc build/lv_indev.o
                0x0800d94c                lv_indev_get_active_obj
 .text.lv_indev_send_event
                0x0800d958       0x3e build/lv_indev.o
                0x0800d958                lv_indev_send_event
 *fill*         0x0800d996        0x2 
 .text.indev_reset_core
                0x0800d998       0xa0 build/lv_indev.o
 .text.lv_indev_reset
                0x0800da38       0x38 build/lv_indev.o
                0x0800da38                lv_indev_reset
 .text._lv_layout_init
                0x0800da70       0x1c build/lv_layout.o
                0x0800da70                _lv_layout_init
 .text._lv_layout_apply
                0x0800da8c       0x3c build/lv_layout.o
                0x0800da8c                _lv_layout_apply
 .text.grid_align
                0x0800dac8      0x108 build/lv_grid.o
 .text.count_tracks
                0x0800dbd0       0x16 build/lv_grid.o
 .text.calc_free
                0x0800dbe6       0x1e build/lv_grid.o
 .text.calc_rows
                0x0800dc04      0x1e0 build/lv_grid.o
 .text.lv_obj_get_style_space_left
                0x0800dde4       0x42 build/lv_grid.o
 .text.lv_obj_get_style_space_top
                0x0800de26       0x42 build/lv_grid.o
 .text.get_margin_hor
                0x0800de68       0x24 build/lv_grid.o
 .text.get_margin_ver
                0x0800de8c       0x24 build/lv_grid.o
 .text.calc_cols
                0x0800deb0      0x208 build/lv_grid.o
 .text.calc     0x0800e0b8      0x12c build/lv_grid.o
 .text.item_repos
                0x0800e1e4      0x3f4 build/lv_grid.o
 .text.grid_update
                0x0800e5d8       0xa8 build/lv_grid.o
 .text.lv_grid_init
                0x0800e680       0x18 build/lv_grid.o
                0x0800e680                lv_grid_init
 .text.lv_area_get_width
                0x0800e698        0xa build/lv_flex.o
 .text.lv_area_get_height
                0x0800e6a2        0xa build/lv_flex.o
 .text.place_content
                0x0800e6ac       0x86 build/lv_flex.o
 .text.get_next_item
                0x0800e732       0x34 build/lv_flex.o
 .text.lv_obj_get_style_space_top
                0x0800e766       0x42 build/lv_flex.o
 .text.lv_obj_get_style_space_left
                0x0800e7a8       0x42 build/lv_flex.o
 .text.lv_obj_get_style_margin_top
                0x0800e7ea       0x12 build/lv_flex.o
 .text.lv_obj_get_style_margin_bottom
                0x0800e7fc       0x12 build/lv_flex.o
 .text.lv_obj_get_style_margin_left
                0x0800e80e       0x12 build/lv_flex.o
 .text.lv_obj_get_style_margin_right
                0x0800e820       0x12 build/lv_flex.o
 *fill*         0x0800e832        0x2 
 .text.find_track_end
                0x0800e834      0x244 build/lv_flex.o
 .text.lv_obj_get_height_with_margin
                0x0800ea78       0x2c build/lv_flex.o
 .text.lv_obj_get_width_with_margin
                0x0800eaa4       0x2c build/lv_flex.o
 .text.children_repos
                0x0800ead0      0x4a8 build/lv_flex.o
 .text.flex_update
                0x0800ef78      0x348 build/lv_flex.o
 .text.lv_flex_init
                0x0800f2c0       0x18 build/lv_flex.o
                0x0800f2c0                lv_flex_init
 .text.lv_obj_set_flex_flow
                0x0800f2d8       0x16 build/lv_flex.o
                0x0800f2d8                lv_obj_set_flex_flow
 .text.lv_obj_set_flex_align
                0x0800f2ee       0x2e build/lv_flex.o
                0x0800f2ee                lv_obj_set_flex_align
 .text.lv_obj_set_flex_grow
                0x0800f31c       0x16 build/lv_flex.o
                0x0800f31c                lv_obj_set_flex_grow
 .text.img_draw_core
                0x0800f332      0x560 build/lv_draw_sw_img.o
 *fill*         0x0800f892        0x2 
 .text.lv_draw_sw_image
                0x0800f894       0x20 build/lv_draw_sw_img.o
                0x0800f894                lv_draw_sw_image
 .text.lv_draw_sw_layer
                0x0800f8b4       0x28 build/lv_draw_sw_img.o
                0x0800f8b4                lv_draw_sw_layer
 .text.lv_point_swap
                0x0800f8dc       0x24 build/lv_draw_sw_triangle.o
 .text.lv_draw_sw_triangle
                0x0800f900      0x3cc build/lv_draw_sw_triangle.o
                0x0800f900                lv_draw_sw_triangle
 .text.draw_line_hor
                0x0800fccc      0x124 build/lv_draw_sw_line.o
 .text.draw_line_ver
                0x0800fdf0      0x110 build/lv_draw_sw_line.o
 .text.draw_line_skew
                0x0800ff00      0x308 build/lv_draw_sw_line.o
 .text.lv_draw_sw_line
                0x08010208      0x138 build/lv_draw_sw_line.o
                0x08010208                lv_draw_sw_line
 .text.draw_letter_cb
                0x08010340       0xb2 build/lv_draw_sw_letter.o
 *fill*         0x080103f2        0x2 
 .text.lv_draw_sw_label
                0x080103f4       0x18 build/lv_draw_sw_letter.o
                0x080103f4                lv_draw_sw_label
 .text.draw_border_simple
                0x0801040c       0xd6 build/lv_draw_sw_border.o
 .text.draw_border_complex
                0x080104e2      0x3ee build/lv_draw_sw_border.o
 .text.lv_draw_sw_border
                0x080108d0       0xf0 build/lv_draw_sw_border.o
                0x080108d0                lv_draw_sw_border
 .text.add_circle
                0x080109c0       0x5a build/lv_draw_sw_arc.o
 .text.get_rounded_area
                0x08010a1a       0x84 build/lv_draw_sw_arc.o
 .text.lv_draw_sw_arc
                0x08010a9e      0x394 build/lv_draw_sw_arc.o
                0x08010a9e                lv_draw_sw_arc
 .text.shadow_blur_corner
                0x08010e32      0x15a build/lv_draw_sw_box_shadow.o
 .text.shadow_draw_corner_buf
                0x08010f8c      0x184 build/lv_draw_sw_box_shadow.o
 .text.lv_draw_sw_box_shadow
                0x08011110      0xa9c build/lv_draw_sw_box_shadow.o
                0x08011110                lv_draw_sw_box_shadow
 .text.lv_draw_sw_fill
                0x08011bac      0x392 build/lv_draw_sw_fill.o
                0x08011bac                lv_draw_sw_fill
 .text.allocate_item
                0x08011f3e       0x3e build/lv_draw_sw_gradient.o
 .text.lv_gradient_color_calculate
                0x08011f7c      0x19a build/lv_draw_sw_gradient.o
                0x08011f7c                lv_gradient_color_calculate
 .text.lv_gradient_get
                0x08012116       0x42 build/lv_draw_sw_gradient.o
                0x08012116                lv_gradient_get
 .text.lv_gradient_cleanup
                0x08012158        0x8 build/lv_draw_sw_gradient.o
                0x08012158                lv_gradient_cleanup
 .text.circ_init
                0x08012160        0xe build/lv_draw_sw_mask.o
 .text.circ_cont
                0x0801216e        0xe build/lv_draw_sw_mask.o
 .text.circ_next
                0x0801217c       0x3a build/lv_draw_sw_mask.o
 .text.get_next_line
                0x080121b6       0x28 build/lv_draw_sw_mask.o
 .text.line_mask_flat
                0x080121de      0x210 build/lv_draw_sw_mask.o
 .text.line_mask_steep
                0x080123ee      0x2fc build/lv_draw_sw_mask.o
 .text.lv_draw_mask_line
                0x080126ea       0xe0 build/lv_draw_sw_mask.o
 .text.lv_draw_mask_angle
                0x080127ca      0x372 build/lv_draw_sw_mask.o
 .text.lv_draw_mask_radius
                0x08012b3c      0x28e build/lv_draw_sw_mask.o
 .text.circ_calc_aa4
                0x08012dca      0x2a8 build/lv_draw_sw_mask.o
 *fill*         0x08013072        0x2 
 .text.lv_draw_sw_mask_init
                0x08013074       0x10 build/lv_draw_sw_mask.o
                0x08013074                lv_draw_sw_mask_init
 .text.lv_draw_sw_mask_apply
                0x08013084       0x50 build/lv_draw_sw_mask.o
                0x08013084                lv_draw_sw_mask_apply
 .text.lv_draw_sw_mask_free_param
                0x080130d4       0x40 build/lv_draw_sw_mask.o
                0x080130d4                lv_draw_sw_mask_free_param
 .text._lv_draw_sw_mask_cleanup
                0x08013114       0x44 build/lv_draw_sw_mask.o
                0x08013114                _lv_draw_sw_mask_cleanup
 .text.lv_draw_sw_mask_line_points_init
                0x08013158      0x16c build/lv_draw_sw_mask.o
                0x08013158                lv_draw_sw_mask_line_points_init
 .text.lv_draw_sw_mask_line_angle_init
                0x080132c4       0x4a build/lv_draw_sw_mask.o
                0x080132c4                lv_draw_sw_mask_line_angle_init
 *fill*         0x0801330e        0x2 
 .text.lv_draw_sw_mask_angle_init
                0x08013310       0xc4 build/lv_draw_sw_mask.o
                0x08013310                lv_draw_sw_mask_angle_init
 .text.lv_draw_sw_mask_radius_init
                0x080133d4      0x168 build/lv_draw_sw_mask.o
                0x080133d4                lv_draw_sw_mask_radius_init
 .text.lv_draw_sw_mask_rect
                0x0801353c      0x17e build/lv_draw_sw_mask_rect.o
                0x0801353c                lv_draw_sw_mask_rect
 *fill*         0x080136ba        0x2 
 .text.lv_color_16_16_mix
                0x080136bc       0x34 build/lv_draw_sw_transform.o
 .text.lv_color_mix32
                0x080136f0       0x96 build/lv_draw_sw_transform.o
 .text.transform_rgb888
                0x08013786      0x1fc build/lv_draw_sw_transform.o
 .text.transform_argb8888
                0x08013982      0x21a build/lv_draw_sw_transform.o
 .text.transform_rgb565a8
                0x08013b9c      0x23c build/lv_draw_sw_transform.o
 .text.transform_a8
                0x08013dd8      0x188 build/lv_draw_sw_transform.o
 .text.transform_point_upscaled
                0x08013f60       0xb8 build/lv_draw_sw_transform.o
 .text.lv_draw_sw_transform
                0x08014018      0x39c build/lv_draw_sw_transform.o
                0x08014018                lv_draw_sw_transform
 .text.evaluate
                0x080143b4       0x30 build/lv_draw_sw.o
 .text.execute_drawing
                0x080143e4       0x88 build/lv_draw_sw.o
 .text.execute_drawing_unit